/home/fookang/NUS/CG2271/Labs Answer/CG2271_git/Project/Medicine_Dispenser/CMSIS/core_cm0plus.h:757:22:__NVIC_EnableIRQ	16	static
/home/fookang/NUS/CG2271/Labs Answer/CG2271_git/Project/Medicine_Dispenser/CMSIS/core_cm0plus.h:795:22:__NVIC_DisableIRQ	16	static
/home/fookang/NUS/CG2271/Labs Answer/CG2271_git/Project/Medicine_Dispenser/CMSIS/core_cm0plus.h:848:22:__NVIC_ClearPendingIRQ	16	static
/home/fookang/NUS/CG2271/Labs Answer/CG2271_git/Project/Medicine_Dispenser/CMSIS/core_cm0plus.h:866:22:__NVIC_SetPriority	24	static
../source/heartbeat.c:17:13:heartbeat_adc_init	8	static
../source/heartbeat.c:65:6:Heartbeat_ADC0_IRQHandler	16	static
../source/heartbeat.c:71:13:startADC	8	static
../source/heartbeat.c:78:17:heartbeat_measure_bpm	32	static
../source/heartbeat.c:114:13:heartbeatTask	24	static
../source/heartbeat.c:138:6:Heartbeat_Init	32	static
../source/heartbeat.c:154:6:Heartbeat_StartMeasurement	8	static
