/home/fookang/NUS/CG2271/Labs Answer/CG2271_git/Project/Medicine_Dispenser/CMSIS/core_cm0plus.h:757:22:__NVIC_EnableIRQ	16	static
/home/fookang/NUS/CG2271/Labs Answer/CG2271_git/Project/Medicine_Dispenser/CMSIS/core_cm0plus.h:795:22:__NVIC_DisableIRQ	16	static
/home/fookang/NUS/CG2271/Labs Answer/CG2271_git/Project/Medicine_Dispenser/CMSIS/core_cm0plus.h:848:22:__NVIC_ClearPendingIRQ	16	static
/home/fookang/NUS/CG2271/Labs Answer/CG2271_git/Project/Medicine_Dispenser/CMSIS/core_cm0plus.h:866:22:__NVIC_SetPriority	24	static
../source/ultrasonic.c:20:13:trig_pin_high	8	static
../source/ultrasonic.c:25:13:trig_pin_low	8	static
../source/ultrasonic.c:33:13:ultrasonic_task	32	static
../source/ultrasonic.c:99:6:Ultrasonic_PORTC_IRQHandler	16	static
../source/ultrasonic.c:134:13:init_trig_pin	8	static
../source/ultrasonic.c:153:13:init_echo_pin	8	static
../source/ultrasonic.c:186:6:ultrasonic_init	24	static
