Archive member included to satisfy reference by file (symbol)

/opt/mcuxpresso-ide/ide/plugins/com.nxp.mcuxpresso.tools.linux_25.6.0.202501151204/tools/bin/../lib/gcc/arm-none-eabi/14.2.1/../../../../arm-none-eabi/lib/thumb/v6-m/nofp/libcr_nohost_nf.a(_cr__main.o)
                              ./startup/startup_mcxc444.o (__main)
/opt/mcuxpresso-ide/ide/plugins/com.nxp.mcuxpresso.tools.linux_25.6.0.202501151204/tools/bin/../lib/gcc/arm-none-eabi/14.2.1/../../../../arm-none-eabi/lib/thumb/v6-m/nofp/libcr_c.a(memcpy.o)
                              ./utilities/str/fsl_str.o (memcpy)
/opt/mcuxpresso-ide/ide/plugins/com.nxp.mcuxpresso.tools.linux_25.6.0.202501151204/tools/bin/../lib/gcc/arm-none-eabi/14.2.1/../../../../arm-none-eabi/lib/thumb/v6-m/nofp/libcr_c.a(memset.o)
                              ./utilities/debug_console/fsl_debug_console.o (memset)
/opt/mcuxpresso-ide/ide/plugins/com.nxp.mcuxpresso.tools.linux_25.6.0.202501151204/tools/bin/../lib/gcc/arm-none-eabi/14.2.1/../../../../arm-none-eabi/lib/thumb/v6-m/nofp/libcr_c.a(alloc.o)
                              ./drivers/fsl_common.o (malloc)
/opt/mcuxpresso-ide/ide/plugins/com.nxp.mcuxpresso.tools.linux_25.6.0.202501151204/tools/bin/../lib/gcc/arm-none-eabi/14.2.1/../../../../arm-none-eabi/lib/thumb/v6-m/nofp/libcr_c.a(errno.o)
                              ./utilities/str/fsl_str.o (errno)
/opt/mcuxpresso-ide/ide/plugins/com.nxp.mcuxpresso.tools.linux_25.6.0.202501151204/tools/bin/../lib/gcc/arm-none-eabi/14.2.1/../../../../arm-none-eabi/lib/thumb/v6-m/nofp/libcr_c.a(initio.o)
                              /opt/mcuxpresso-ide/ide/plugins/com.nxp.mcuxpresso.tools.linux_25.6.0.202501151204/tools/bin/../lib/gcc/arm-none-eabi/14.2.1/../../../../arm-none-eabi/lib/thumb/v6-m/nofp/libcr_nohost_nf.a(_cr__main.o) (_initio)
/opt/mcuxpresso-ide/ide/plugins/com.nxp.mcuxpresso.tools.linux_25.6.0.202501151204/tools/bin/../lib/gcc/arm-none-eabi/14.2.1/../../../../arm-none-eabi/lib/thumb/v6-m/nofp/libcr_c.a(scanf.o)
                              ./utilities/str/fsl_str.o (strtoul)
/opt/mcuxpresso-ide/ide/plugins/com.nxp.mcuxpresso.tools.linux_25.6.0.202501151204/tools/bin/../lib/gcc/arm-none-eabi/14.2.1/../../../../arm-none-eabi/lib/thumb/v6-m/nofp/libcr_c.a(setvbuf.o)
                              /opt/mcuxpresso-ide/ide/plugins/com.nxp.mcuxpresso.tools.linux_25.6.0.202501151204/tools/bin/../lib/gcc/arm-none-eabi/14.2.1/../../../../arm-none-eabi/lib/thumb/v6-m/nofp/libcr_c.a(initio.o) (setvbuf)
/opt/mcuxpresso-ide/ide/plugins/com.nxp.mcuxpresso.tools.linux_25.6.0.202501151204/tools/bin/../lib/gcc/arm-none-eabi/14.2.1/../../../../arm-none-eabi/lib/thumb/v6-m/nofp/libcr_c.a(strlen.o)
                              ./utilities/str/fsl_str.o (strlen)
/opt/mcuxpresso-ide/ide/plugins/com.nxp.mcuxpresso.tools.linux_25.6.0.202501151204/tools/bin/../lib/gcc/arm-none-eabi/14.2.1/../../../../arm-none-eabi/lib/thumb/v6-m/nofp/libcr_c.a(ungetc.o)
                              /opt/mcuxpresso-ide/ide/plugins/com.nxp.mcuxpresso.tools.linux_25.6.0.202501151204/tools/bin/../lib/gcc/arm-none-eabi/14.2.1/../../../../arm-none-eabi/lib/thumb/v6-m/nofp/libcr_c.a(scanf.o) (ungetc)
/opt/mcuxpresso-ide/ide/plugins/com.nxp.mcuxpresso.tools.linux_25.6.0.202501151204/tools/bin/../lib/gcc/arm-none-eabi/14.2.1/../../../../arm-none-eabi/lib/thumb/v6-m/nofp/libcr_c.a(__fillbuf.o)
                              /opt/mcuxpresso-ide/ide/plugins/com.nxp.mcuxpresso.tools.linux_25.6.0.202501151204/tools/bin/../lib/gcc/arm-none-eabi/14.2.1/../../../../arm-none-eabi/lib/thumb/v6-m/nofp/libcr_c.a(scanf.o) (__filbuf)
/opt/mcuxpresso-ide/ide/plugins/com.nxp.mcuxpresso.tools.linux_25.6.0.202501151204/tools/bin/../lib/gcc/arm-none-eabi/14.2.1/../../../../arm-none-eabi/lib/thumb/v6-m/nofp/libcr_c.a(__init_alloc.o)
                              /opt/mcuxpresso-ide/ide/plugins/com.nxp.mcuxpresso.tools.linux_25.6.0.202501151204/tools/bin/../lib/gcc/arm-none-eabi/14.2.1/../../../../arm-none-eabi/lib/thumb/v6-m/nofp/libcr_c.a(alloc.o) (__heaps)
/opt/mcuxpresso-ide/ide/plugins/com.nxp.mcuxpresso.tools.linux_25.6.0.202501151204/tools/bin/../lib/gcc/arm-none-eabi/14.2.1/../../../../arm-none-eabi/lib/thumb/v6-m/nofp/libcr_c.a(_cr_sbrk.o)
                              /opt/mcuxpresso-ide/ide/plugins/com.nxp.mcuxpresso.tools.linux_25.6.0.202501151204/tools/bin/../lib/gcc/arm-none-eabi/14.2.1/../../../../arm-none-eabi/lib/thumb/v6-m/nofp/libcr_c.a(alloc.o) (_sbrk)
/opt/mcuxpresso-ide/ide/plugins/com.nxp.mcuxpresso.tools.linux_25.6.0.202501151204/tools/bin/../lib/gcc/arm-none-eabi/14.2.1/../../../../arm-none-eabi/lib/thumb/v6-m/nofp/libcr_c.a(_deferredlazyseek.o)
                              /opt/mcuxpresso-ide/ide/plugins/com.nxp.mcuxpresso.tools.linux_25.6.0.202501151204/tools/bin/../lib/gcc/arm-none-eabi/14.2.1/../../../../arm-none-eabi/lib/thumb/v6-m/nofp/libcr_c.a(__fillbuf.o) (_deferredlazyseek)
[...]
Memory Configuration

Name             Origin             Length             Attributes
PROGRAM_FLASH    0x00000000         0x00040000         xr
SRAM             0x1fffe000         0x00008000         xrw
*default*        0x00000000         0xffffffff

Linker script and memory map

LOAD ./utilities/str/fsl_str.o
LOAD ./utilities/debug_console/fsl_debug_console.o
LOAD ./utilities/fsl_assert.o
LOAD ./startup/startup_mcxc444.o
LOAD ./source/DHT.o
LOAD ./source/Medicine_Dispenser.o
LOAD ./source/button.o
LOAD ./source/buzzer.o
LOAD ./source/freertos.o
LOAD ./source/heartbeat.o
LOAD ./source/interrupt.o
LOAD ./source/mtb.o
LOAD ./source/semihost_hardfault.o
LOAD ./source/servo.o
LOAD ./source/timer.o
LOAD ./source/uart.o
LOAD ./source/ultrasonic.o
LOAD ./freertos/freertos-kernel/portable/MemMang/heap_4.o
LOAD ./freertos/freertos-kernel/portable/GCC/ARM_CM0/mpu_wrappers_v2_asm.o
LOAD ./freertos/freertos-kernel/portable/GCC/ARM_CM0/port.o
LOAD ./freertos/freertos-kernel/portable/GCC/ARM_CM0/portasm.o
LOAD ./freertos/freertos-kernel/croutine.o
LOAD ./freertos/freertos-kernel/event_groups.o
LOAD ./freertos/freertos-kernel/list.o
LOAD ./freertos/freertos-kernel/queue.o
LOAD ./freertos/freertos-kernel/stream_buffer.o
LOAD ./freertos/freertos-kernel/tasks.o
LOAD ./freertos/freertos-kernel/timers.o
LOAD ./drivers/fsl_clock.o
LOAD ./drivers/fsl_common.o
LOAD ./drivers/fsl_common_arm.o
LOAD ./drivers/fsl_gpio.o
LOAD ./drivers/fsl_lpuart.o
LOAD ./drivers/fsl_smc.o
LOAD ./device/system_MCXC444.o
LOAD ./component/uart/fsl_adapter_lpuart.o
LOAD ./component/serial_manager/fsl_component_serial_manager.o
LOAD ./component/serial_manager/fsl_component_serial_port_uart.o
LOAD ./component/lists/fsl_component_generic_list.o
LOAD ./board/board.o
LOAD ./board/clock_config.o
LOAD ./board/peripherals.o
LOAD ./board/pin_mux.o
START GROUP
LOAD /opt/mcuxpresso-ide/ide/plugins/com.nxp.mcuxpresso.tools.linux_25.6.0.202501151204/tools/bin/../lib/gcc/arm-none-eabi/14.2.1/../../../../arm-none-eabi/lib/thumb/v6-m/nofp/libcr_nohost_nf.a
LOAD /opt/mcuxpresso-ide/ide/plugins/com.nxp.mcuxpresso.tools.linux_25.6.0.202501151204/tools/bin/../lib/gcc/arm-none-eabi/14.2.1/../../../../arm-none-eabi/lib/thumb/v6-m/nofp/libcr_c.a
LOAD /opt/mcuxpresso-ide/ide/plugins/com.nxp.mcuxpresso.tools.linux_25.6.0.202501151204/tools/bin/../lib/gcc/arm-none-eabi/14.2.1/thumb/v6-m/nofp/libcr_eabihelpers.a
LOAD /opt/mcuxpresso-ide/ide/plugins/com.nxp.mcuxpresso.tools.linux_25.6.0.202501151204/tools/bin/../lib/gcc/arm-none-eabi/14.2.1/thumb/v6-m/nofp/libgcc.a
END GROUP
                0x00000000                        __base_PROGRAM_FLASH = 0x0
                0x00000000                        __base_Flash = 0x0
                0x00040000                        __top_PROGRAM_FLASH = 0x40000
                0x00040000                        __top_Flash = 0x40000
                0x1fffe000                        __base_SRAM = 0x1fffe000
                0x1fffe000                        __base_RAM = 0x1fffe000
                0x20006000                        __top_SRAM = 0x20006000
                0x20006000                        __top_RAM = 0x20006000

.text           0x00000000     0x7778
 FILL mask 0xff
                0x00000000                        __vectors_start__ = ABSOLUTE (.)
 *(SORT_BY_ALIGNMENT(.isr_vector))
 .isr_vector    0x00000000       0xc0 ./startup/startup_mcxc444.o
                0x00000000                __Vectors
                0x00000000                g_pfnVectors
                0x000000c0                        . = ALIGN (0x4)
                0x000000c0                        __section_table_start = .
                0x000000c0                        __data_section_table = .
                0x000000c0        0x4 LONG 0x7778 LOADADDR (.data)
                0x000000c4        0x4 LONG 0x1fffe080 ADDR (.data)
                0x000000c8        0x4 LONG 0xc SIZEOF (.data)
                0x000000cc                        __data_section_table_end = .
                0x000000cc                        __bss_section_table = .
                0x000000cc        0x4 LONG 0x1fffe08c ADDR (.bss)
                0x000000d0        0x4 LONG 0x2af4 SIZEOF (.bss)
                0x000000d4                        __bss_section_table_end = .
                0x000000d4                        __section_table_end = .
 *(SORT_BY_ALIGNMENT(.after_vectors*))
 .after_vectors.reset
                0x000000d4       0x4c ./startup/startup_mcxc444.o
                0x000000d4                ResetISR
 .after_vectors.init_data
                0x00000120       0x12 ./startup/startup_mcxc444.o
                0x00000120                data_init
 .after_vectors.init_bss
                0x00000132       0x10 ./startup/startup_mcxc444.o
                0x00000132                bss_init
 .after_vectors
                0x00000142      0x10c ./startup/startup_mcxc444.o
                0x00000142                NMI_Handler
                0x0000014c                PMC_DriverIRQHandler
                0x0000014c                PIT_DriverIRQHandler
                0x0000014c                DMA0_DriverIRQHandler
                0x0000014c                Reserved42_DriverIRQHandler
                0x0000014c                SPI1_DriverIRQHandler
                0x0000014c                LPTMR0_DriverIRQHandler
                0x0000014c                PORTC_PORTD_DriverIRQHandler
                0x0000014c                I2S0_DriverIRQHandler
                0x0000014c                TPM2_DriverIRQHandler
                0x0000014c                RTC_Seconds_DriverIRQHandler
                0x0000014c                LLWU_DriverIRQHandler
                0x0000014c                FTFA_DriverIRQHandler
                0x0000014c                IntDefaultHandler
                0x0000014c                USB0_DriverIRQHandler
                0x0000014c                DAC0_DriverIRQHandler
                0x0000014c                TPM0_DriverIRQHandler
                0x0000014c                Reserved20_DriverIRQHandler
                0x0000014c                DMA3_DriverIRQHandler
                0x0000014c                UART2_FLEXIO_DriverIRQHandler
                0x0000014c                PORTA_DriverIRQHandler
                0x0000014c                TPM1_DriverIRQHandler
                0x0000014c                RTC_DriverIRQHandler
                0x0000014c                LCD_DriverIRQHandler
                0x0000014c                DMA1_DriverIRQHandler
                0x0000014c                I2C1_DriverIRQHandler
                0x0000014c                SPI0_DriverIRQHandler
                0x0000014c                ADC0_DriverIRQHandler
                0x0000014c                CMP0_DriverIRQHandler
                0x0000014c                DMA2_DriverIRQHandler
                0x0000014c                Reserved43_DriverIRQHandler
                0x0000014c                I2C0_DriverIRQHandler
                0x0000014e                DMA0_IRQHandler
                0x00000156                DMA1_IRQHandler
                0x0000015e                DMA2_IRQHandler
                0x00000166                DMA3_IRQHandler
                0x0000016e                Reserved20_IRQHandler
                0x00000176                FTFA_IRQHandler
                0x0000017e                PMC_IRQHandler
                0x00000186                LLWU_IRQHandler
                0x0000018e                I2C0_IRQHandler
                0x00000196                I2C1_IRQHandler
                0x0000019e                SPI0_IRQHandler
                0x000001a6                SPI1_IRQHandler
                0x000001ae                LPUART0_IRQHandler
                0x000001b6                LPUART1_IRQHandler
                0x000001ce                CMP0_IRQHandler
                0x000001d6                TPM0_IRQHandler
                0x000001de                TPM1_IRQHandler
                0x000001e6                TPM2_IRQHandler
                0x000001ee                RTC_IRQHandler
                0x000001f6                RTC_Seconds_IRQHandler
                0x000001fe                PIT_IRQHandler
                0x00000206                I2S0_IRQHandler
                0x0000020e                USB0_IRQHandler
                0x00000216                DAC0_IRQHandler
                0x0000021e                Reserved42_IRQHandler
                0x00000226                Reserved43_IRQHandler
                0x0000022e                LPTMR0_IRQHandler
                0x00000236                LCD_IRQHandler
                0x00000400                        . = 0x400
 *fill*         0x0000024e      0x1b2 ff
                0x00000400                        PROVIDE (__FLASH_CONFIG_START__ = .)
 *(SORT_BY_ALIGNMENT(.FlashConfig))
 .FlashConfig   0x00000400       0x10 ./startup/startup_mcxc444.o
                0x00000400                Flash_Config
                0x00000410                        PROVIDE (__FLASH_CONFIG_END__ = .)
                0x00000001                        ASSERT (! ((__FLASH_CONFIG_START__ == __FLASH_CONFIG_END__)), Linker Flash Config Support Enabled, but no .FlashConfig section provided within application)
 *(SORT_BY_ALIGNMENT(.text*))
 .text.vRestoreContextOfFirstTask
                0x00000410       0x28 ./freertos/freertos-kernel/portable/GCC/ARM_CM0/portasm.o
                0x00000410                vRestoreContextOfFirstTask
 *fill*         0x00000438        0x8 ff
 .text.vStartFirstTask
                0x00000440       0x14 ./freertos/freertos-kernel/portable/GCC/ARM_CM0/portasm.o
                0x00000440                vStartFirstTask
 *fill*         0x00000454        0xc ff
 .text.PendSV_Handler
                0x00000460       0x48 ./freertos/freertos-kernel/portable/GCC/ARM_CM0/portasm.o
                0x00000460                PendSV_Handler
 *fill*         0x000004a8        0x8 ff
 .text.SVC_Handler
                0x000004b0       0x28 ./freertos/freertos-kernel/portable/GCC/ARM_CM0/portasm.o
                0x000004b0                SVC_Handler
 .text.DbgConsole_SendDataReliable
                0x000004d8       0x5c ./utilities/debug_console/fsl_debug_console.o
                0x000004d8                DbgConsole_SendDataReliable
 .text.DbgConsole_Init
                0x00000534      0x1a4 ./utilities/debug_console/fsl_debug_console.o
                0x00000534                DbgConsole_Init
 .text.DbgConsole_Vprintf
                0x000006d8       0x70 ./utilities/debug_console/fsl_debug_console.o
                0x000006d8                DbgConsole_Vprintf
 .text.__assertion_failed
                0x00000748       0x34 ./utilities/fsl_assert.o
                0x00000748                __assertion_failed
 .text.DHT_pin_output
                0x0000077c       0x1c ./source/DHT.o
 .text.DHT_pin_input
                0x00000798       0x1c ./source/DHT.o
 .text.DHT_write_low
                0x000007b4       0x1c ./source/DHT.o
 .text.DHT_write_high
                0x000007d0       0x1c ./source/DHT.o
 .text.DHT_read_pin
                0x000007ec       0x1c ./source/DHT.o
 .text.delay_us
                0x00000808       0x2c ./source/DHT.o
 .text.wait_for_level
                0x00000834       0x48 ./source/DHT.o
 .text.DHT_read
                0x0000087c      0x190 ./source/DHT.o
 .text.DHTTask  0x00000a0c       0xd4 ./source/DHT.o
 .text.DHT_init
                0x00000ae0       0x9c ./source/DHT.o
                0x00000ae0                DHT_init
 .text.setMCGIRClk
                0x00000b7c       0x74 ./source/Medicine_Dispenser.o
                0x00000b7c                setMCGIRClk
 .text.Init_Clk
                0x00000bf0       0x3c ./source/Medicine_Dispenser.o
                0x00000bf0                Init_Clk
 .text.main     0x00000c2c       0x38 ./source/Medicine_Dispenser.o
                0x00000c2c                main
 .text.__NVIC_EnableIRQ
                0x00000c64       0x34 ./source/button.o
 .text.__NVIC_DisableIRQ
                0x00000c98       0x44 ./source/button.o
 .text.__NVIC_ClearPendingIRQ
                0x00000cdc       0x38 ./source/button.o
 .text.__NVIC_SetPriority
                0x00000d14       0xdc ./source/button.o
 .text.buttonTask
                0x00000df0       0x34 ./source/button.o
 .text.Button_PortA_ISR
                0x00000e24       0x40 ./source/button.o
                0x00000e24                Button_PortA_ISR
 .text.Button_Init
                0x00000e64       0xf4 ./source/button.o
                0x00000e64                Button_Init
 .text.buzzerTimerCallback
                0x00000f58       0x24 ./source/buzzer.o
 .text.buzzerTask
                0x00000f7c       0x48 ./source/buzzer.o
 .text.Buzzer_Init
                0x00000fc4      0x118 ./source/buzzer.o
                0x00000fc4                Buzzer_Init
 .text.buzzer_off
                0x000010dc       0x1c ./source/buzzer.o
                0x000010dc                buzzer_off
 .text.buzzer_toggle
                0x000010f8       0x1c ./source/buzzer.o
                0x000010f8                buzzer_toggle
 .text.buzzer_wake
                0x00001114       0x1c ./source/buzzer.o
                0x00001114                buzzer_wake
 .text.buzzer_stop
                0x00001130       0x14 ./source/buzzer.o
                0x00001130                buzzer_stop
 .text.buzzer_set_period_ms
                0x00001144       0x70 ./source/buzzer.o
                0x00001144                buzzer_set_period_ms
 .text.Heartbeat_ADC0_IRQHandler
                0x000011b4       0x30 ./source/heartbeat.o
                0x000011b4                Heartbeat_ADC0_IRQHandler
 .text.__NVIC_ClearPendingIRQ
                0x000011e4       0x38 ./source/interrupt.o
 .text.PORTA_IRQHandler
                0x0000121c       0x44 ./source/interrupt.o
                0x0000121c                PORTA_IRQHandler
 .text.PORTC_PORTD_IRQHandler
                0x00001260       0x44 ./source/interrupt.o
                0x00001260                PORTC_PORTD_IRQHandler
 .text.ADC0_IRQHandler
                0x000012a4       0x40 ./source/interrupt.o
                0x000012a4                ADC0_IRQHandler
 .text.HardFault_Handler
                0x000012e4       0x38 ./source/semihost_hardfault.o
                0x000012e4                HardFault_Handler
 .text.startPWM
                0x0000131c       0x1c ./source/servo.o
 .text.setPWM   0x00001338       0x44 ./source/servo.o
 .text.Servo_Init
                0x0000137c      0x11c ./source/servo.o
                0x0000137c                Servo_Init
 .text.openServo
                0x00001498       0x20 ./source/servo.o
                0x00001498                openServo
 .text.closeServo
                0x000014b8       0x20 ./source/servo.o
                0x000014b8                closeServo
 .text.start_timer0
                0x000014d8       0x1c ./source/timer.o
 .text.init_timer0
                0x000014f4       0x88 ./source/timer.o
 .text.__NVIC_EnableIRQ
                0x0000157c       0x34 ./source/uart.o
 .text.__NVIC_DisableIRQ
                0x000015b0       0x44 ./source/uart.o
 .text.__NVIC_ClearPendingIRQ
                0x000015f4       0x38 ./source/uart.o
 .text.__NVIC_SetPriority
                0x0000162c       0xdc ./source/uart.o
 .text.uart_send
                0x00001708       0x24 ./source/uart.o
                0x00001708                uart_send
 .text.sendPacket
                0x0000172c       0x48 ./source/uart.o
 .text.sendTask
                0x00001774       0xc0 ./source/uart.o
 .text.recvTask
                0x00001834       0xe4 ./source/uart.o
 .text.UART2_FLEXIO_IRQHandler
                0x00001918      0x108 ./source/uart.o
                0x00001918                UART2_FLEXIO_IRQHandler
 .text.init_uart
                0x00001a20      0x1d4 ./source/uart.o
                0x00001a20                init_uart
 .text.__NVIC_EnableIRQ
                0x00001bf4       0x34 ./source/ultrasonic.o
 .text.__NVIC_DisableIRQ
                0x00001c28       0x44 ./source/ultrasonic.o
 .text.__NVIC_ClearPendingIRQ
                0x00001c6c       0x38 ./source/ultrasonic.o
 .text.__NVIC_SetPriority
                0x00001ca4       0xdc ./source/ultrasonic.o
 .text.trig_pin_high
                0x00001d80       0x1c ./source/ultrasonic.o
 .text.trig_pin_low
                0x00001d9c       0x1c ./source/ultrasonic.o
 .text.ultrasonic_task
                0x00001db8       0xf4 ./source/ultrasonic.o
 .text.Ultrasonic_PORTC_IRQHandler
                0x00001eac       0xa4 ./source/ultrasonic.o
                0x00001eac                Ultrasonic_PORTC_IRQHandler
 .text.init_trig_pin
                0x00001f50       0x64 ./source/ultrasonic.o
 .text.init_echo_pin
                0x00001fb4       0xa0 ./source/ultrasonic.o
 .text.ultrasonic_init
                0x00002054       0x48 ./source/ultrasonic.o
                0x00002054                ultrasonic_init
 .text.pvPortMalloc
                0x0000209c      0x1f4 ./freertos/freertos-kernel/portable/MemMang/heap_4.o
                0x0000209c                pvPortMalloc
 .text.vPortFree
                0x00002290       0xb8 ./freertos/freertos-kernel/portable/MemMang/heap_4.o
                0x00002290                vPortFree
 .text.prvHeapInit
                0x00002348       0xb0 ./freertos/freertos-kernel/portable/MemMang/heap_4.o
 .text.prvInsertBlockIntoFreeList
                0x000023f8       0xe0 ./freertos/freertos-kernel/portable/MemMang/heap_4.o
 .text.vPortSetupTimerInterrupt
                0x000024d8       0x44 ./freertos/freertos-kernel/portable/GCC/ARM_CM0/port.o
                0x000024d8                vPortSetupTimerInterrupt
 .text.prvTaskExitError
                0x0000251c       0x30 ./freertos/freertos-kernel/portable/GCC/ARM_CM0/port.o
 .text.vPortYield
                0x0000254c       0x20 ./freertos/freertos-kernel/portable/GCC/ARM_CM0/port.o
                0x0000254c                vPortYield
 .text.vPortEnterCritical
                0x0000256c       0x24 ./freertos/freertos-kernel/portable/GCC/ARM_CM0/port.o
                0x0000256c                vPortEnterCritical
 .text.vPortExitCritical
                0x00002590       0x30 ./freertos/freertos-kernel/portable/GCC/ARM_CM0/port.o
                0x00002590                vPortExitCritical
 .text.SysTick_Handler
                0x000025c0       0x34 ./freertos/freertos-kernel/portable/GCC/ARM_CM0/port.o
                0x000025c0                SysTick_Handler
 .text.pxPortInitialiseStack
                0x000025f4      0x11c ./freertos/freertos-kernel/portable/GCC/ARM_CM0/port.o
                0x000025f4                pxPortInitialiseStack
 .text.xPortStartScheduler
                0x00002710       0x8c ./freertos/freertos-kernel/portable/GCC/ARM_CM0/port.o
                0x00002710                xPortStartScheduler
 .text.vQueueAddToRegistry
                0x0000279c       0x8c ./freertos/freertos-kernel/queue.o
                0x0000279c                vQueueAddToRegistry
 .text.prvInitialiseNewTask
                0x00002828      0x104 ./freertos/freertos-kernel/tasks.o
 .text.prvAddNewTaskToReadyList
                0x0000292c      0x120 ./freertos/freertos-kernel/tasks.o
 .text.vTaskDelay
                0x00002a4c       0x4c ./freertos/freertos-kernel/tasks.o
                0x00002a4c                vTaskDelay
 .text.prvCreateIdleTasks
                0x00002a98       0x98 ./freertos/freertos-kernel/tasks.o
 .text.vTaskStartScheduler
                0x00002b30       0x68 ./freertos/freertos-kernel/tasks.o
                0x00002b30                vTaskStartScheduler
 .text.vTaskSuspendAll
                0x00002b98       0x18 ./freertos/freertos-kernel/tasks.o
                0x00002b98                vTaskSuspendAll
 .text.xTaskResumeAll
                0x00002bb0      0x1ec ./freertos/freertos-kernel/tasks.o
                0x00002bb0                xTaskResumeAll
 .text.xTaskGetTickCount
                0x00002d9c       0x1c ./freertos/freertos-kernel/tasks.o
                0x00002d9c                xTaskGetTickCount
 .text.uxTaskGetNumberOfTasks
                0x00002db8       0x14 ./freertos/freertos-kernel/tasks.o
                0x00002db8                uxTaskGetNumberOfTasks
 .text.xTaskIncrementTick
                0x00002dcc      0x21c ./freertos/freertos-kernel/tasks.o
                0x00002dcc                xTaskIncrementTick
 .text.vTaskSwitchContext
                0x00002fe8       0xa8 ./freertos/freertos-kernel/tasks.o
                0x00002fe8                vTaskSwitchContext
 .text.vTaskPlaceOnEventList
                0x00003090       0x40 ./freertos/freertos-kernel/tasks.o
                0x00003090                vTaskPlaceOnEventList
 .text.vTaskPlaceOnEventListRestricted
                0x000030d0       0x80 ./freertos/freertos-kernel/tasks.o
                0x000030d0                vTaskPlaceOnEventListRestricted
 .text.xTaskRemoveFromEventList
                0x00003150      0x19c ./freertos/freertos-kernel/tasks.o
                0x00003150                xTaskRemoveFromEventList
 .text.vTaskInternalSetTimeOutState
                0x000032ec       0x28 ./freertos/freertos-kernel/tasks.o
                0x000032ec                vTaskInternalSetTimeOutState
 .text.xTaskCheckForTimeOut
                0x00003314       0xac ./freertos/freertos-kernel/tasks.o
                0x00003314                xTaskCheckForTimeOut
 .text.vTaskMissedYield
                0x000033c0       0x14 ./freertos/freertos-kernel/tasks.o
                0x000033c0                vTaskMissedYield
 .text.prvIdleTask
                0x000033d4       0x20 ./freertos/freertos-kernel/tasks.o
 .text.prvInitialiseTaskLists
                0x000033f4       0x88 ./freertos/freertos-kernel/tasks.o
 .text.prvCheckTasksWaitingTermination
                0x0000347c       0x5c ./freertos/freertos-kernel/tasks.o
 .text.prvResetNextTaskUnblockTime
                0x000034d8       0x34 ./freertos/freertos-kernel/tasks.o
 .text.xTaskGetSchedulerState
                0x0000350c       0x38 ./freertos/freertos-kernel/tasks.o
                0x0000350c                xTaskGetSchedulerState
 .text.xTaskPriorityInherit
                0x00003544      0x124 ./freertos/freertos-kernel/tasks.o
                0x00003544                xTaskPriorityInherit
 .text.xTaskPriorityDisinherit
                0x00003668      0x10c ./freertos/freertos-kernel/tasks.o
                0x00003668                xTaskPriorityDisinherit
 .text.vTaskPriorityDisinheritAfterTimeout
                0x00003774      0x134 ./freertos/freertos-kernel/tasks.o
                0x00003774                vTaskPriorityDisinheritAfterTimeout
 .text.pvTaskIncrementMutexHeldCount
                0x000038a8       0x2c ./freertos/freertos-kernel/tasks.o
                0x000038a8                pvTaskIncrementMutexHeldCount
 .text.xTaskGenericNotify
                0x000038d4      0x214 ./freertos/freertos-kernel/tasks.o
                0x000038d4                xTaskGenericNotify
 .text.xTaskGenericNotifyFromISR
                0x00003ae8      0x27c ./freertos/freertos-kernel/tasks.o
                0x00003ae8                xTaskGenericNotifyFromISR
 .text.prvAddCurrentTaskToDelayedList
                0x00003d64       0xe4 ./freertos/freertos-kernel/tasks.o
 .text.xTimerCreateTimerTask
                0x00003e48       0x54 ./freertos/freertos-kernel/timers.o
                0x00003e48                xTimerCreateTimerTask
 .text.xTimerGenericCommandFromTask
                0x00003e9c       0x90 ./freertos/freertos-kernel/timers.o
                0x00003e9c                xTimerGenericCommandFromTask
 .text.prvProcessExpiredTimer
                0x00003f2c       0x64 ./freertos/freertos-kernel/timers.o
 .text.prvProcessTimerOrBlockTask
                0x00003f90       0x90 ./freertos/freertos-kernel/timers.o
 .text.prvGetNextExpireTime
                0x00004020       0x44 ./freertos/freertos-kernel/timers.o
 .text.prvSampleTimeNow
                0x00004064       0x40 ./freertos/freertos-kernel/timers.o
 .text.prvInsertTimerInActiveList
                0x000040a4       0x84 ./freertos/freertos-kernel/timers.o
 .text.prvProcessReceivedCommands
                0x00004128      0x198 ./freertos/freertos-kernel/timers.o
 .text.prvSwitchTimerLists
                0x000042c0       0x50 ./freertos/freertos-kernel/timers.o
 .text.prvCheckForValidListAndQueue
                0x00004310       0x74 ./freertos/freertos-kernel/timers.o
 .text.CLOCK_SetEr32kClock
                0x00004384       0x34 ./drivers/fsl_clock.o
 .text.CLOCK_GetLircClkFreq
                0x000043b8       0x50 ./drivers/fsl_clock.o
 .text.CLOCK_GetOsc0ErClkFreq
                0x00004408       0x44 ./drivers/fsl_clock.o
                0x00004408                CLOCK_GetOsc0ErClkFreq
 .text.CLOCK_GetEr32kClkFreq
                0x0000444c       0x78 ./drivers/fsl_clock.o
                0x0000444c                CLOCK_GetEr32kClkFreq
 .text.CLOCK_GetBusClkFreq
                0x000044c4       0x50 ./drivers/fsl_clock.o
                0x000044c4                CLOCK_GetBusClkFreq
 .text.CLOCK_GetFreq
                0x00004514       0xc0 ./drivers/fsl_clock.o
                0x00004514                CLOCK_GetFreq
 .text.CLOCK_SetSimConfig
                0x000045d4       0x2c ./drivers/fsl_clock.o
                0x000045d4                CLOCK_SetSimConfig
 .text.CLOCK_GetInternalRefClkFreq
                0x00004600       0x48 ./drivers/fsl_clock.o
                0x00004600                CLOCK_GetInternalRefClkFreq
 .text.CLOCK_GetPeriphClkFreq
                0x00004648       0x3c ./drivers/fsl_clock.o
                0x00004648                CLOCK_GetPeriphClkFreq
 .text.CLOCK_GetOutClkFreq
                0x00004684       0x7c ./drivers/fsl_clock.o
                0x00004684                CLOCK_GetOutClkFreq
 .text.CLOCK_SetMcgliteConfig
                0x00004700      0x110 ./drivers/fsl_clock.o
                0x00004700                CLOCK_SetMcgliteConfig
 .text.CLOCK_EnableClock
                0x00004810       0x34 ./drivers/fsl_lpuart.o
 .text.LPUART_GetInstance
                0x00004844       0x4c ./drivers/fsl_lpuart.o
                0x00004844                LPUART_GetInstance
 .text.LPUART_Init
                0x00004890      0x338 ./drivers/fsl_lpuart.o
                0x00004890                LPUART_Init
 .text.LPUART_GetDefaultConfig
                0x00004bc8       0x68 ./drivers/fsl_lpuart.o
                0x00004bc8                LPUART_GetDefaultConfig
 .text.LPUART_WriteBlocking
                0x00004c30       0x6c ./drivers/fsl_lpuart.o
                0x00004c30                LPUART_WriteBlocking
 .text.LPUART0_DriverIRQHandler
                0x00004c9c       0x24 ./drivers/fsl_lpuart.o
                0x00004c9c                LPUART0_DriverIRQHandler
 .text.LPUART1_DriverIRQHandler
                0x00004cc0       0x24 ./drivers/fsl_lpuart.o
                0x00004cc0                LPUART1_DriverIRQHandler
 .text.SystemInit
                0x00004ce4       0x40 ./device/system_MCXC444.o
                0x00004ce4                SystemInit
 .text.SystemCoreClockUpdate
                0x00004d24       0xa8 ./device/system_MCXC444.o
                0x00004d24                SystemCoreClockUpdate
 .text.HAL_UartGetStatus
                0x00004dcc       0x34 ./component/uart/fsl_adapter_lpuart.o
 .text.HAL_UartInitCommon
                0x00004e00       0xa0 ./component/uart/fsl_adapter_lpuart.o
 .text.HAL_UartInit
                0x00004ea0       0x98 ./component/uart/fsl_adapter_lpuart.o
                0x00004ea0                HAL_UartInit
 .text.HAL_UartSendBlocking
                0x00004f38       0x6c ./component/uart/fsl_adapter_lpuart.o
                0x00004f38                HAL_UartSendBlocking
 .text.SerialManager_StartWriting
                0x00004fa4       0x44 ./component/serial_manager/fsl_component_serial_manager.o
 .text.SerialManager_Init
                0x00004fe8       0x70 ./component/serial_manager/fsl_component_serial_manager.o
                0x00004fe8                SerialManager_Init
 .text.SerialManager_OpenReadHandle
                0x00005058       0x74 ./component/serial_manager/fsl_component_serial_manager.o
                0x00005058                SerialManager_OpenReadHandle
 .text.CLOCK_SetLpuart0Clock
                0x000050cc       0x38 ./board/board.o
 .text.CLOCK_SetSimSafeDivs
                0x00005104       0x20 ./board/clock_config.o
 .text.BOARD_BootClockRUN
                0x00005124       0x34 ./board/clock_config.o
                0x00005124                BOARD_BootClockRUN
 .text.CLOCK_EnableClock
                0x00005158       0x34 ./board/pin_mux.o
 .text.PORT_SetPinMux
                0x0000518c       0x40 ./board/pin_mux.o
 .text.BOARD_InitDEBUG_UARTPins
                0x000051cc       0x4c ./board/pin_mux.o
                0x000051cc                BOARD_InitDEBUG_UARTPins
 .text._initio  0x00005218       0x7c /opt/mcuxpresso-ide/ide/plugins/com.nxp.mcuxpresso.tools.linux_25.6.0.202501151204/tools/bin/../lib/gcc/arm-none-eabi/14.2.1/../../../../arm-none-eabi/lib/thumb/v6-m/nofp/libcr_c.a(initio.o)
                0x00005218                _initio
 .text.setvbuf  0x00005294       0x4c /opt/mcuxpresso-ide/ide/plugins/com.nxp.mcuxpresso.tools.linux_25.6.0.202501151204/tools/bin/../lib/gcc/arm-none-eabi/14.2.1/../../../../arm-none-eabi/lib/thumb/v6-m/nofp/libcr_c.a(setvbuf.o)
                0x00005294                setvbuf
 .text.strlen   0x000052e0       0x5c /opt/mcuxpresso-ide/ide/plugins/com.nxp.mcuxpresso.tools.linux_25.6.0.202501151204/tools/bin/../lib/gcc/arm-none-eabi/14.2.1/../../../../arm-none-eabi/lib/thumb/v6-m/nofp/libcr_c.a(strlen.o)
                0x000052e0                strlen
 .text._deferredlazyseek
                0x0000533c       0x44 /opt/mcuxpresso-ide/ide/plugins/com.nxp.mcuxpresso.tools.linux_25.6.0.202501151204/tools/bin/../lib/gcc/arm-none-eabi/14.2.1/../../../../arm-none-eabi/lib/thumb/v6-m/nofp/libcr_c.a(_deferredlazyseek.o)
                0x0000533c                _deferredlazyseek
 .text._fdopen  0x00005380       0x74 /opt/mcuxpresso-ide/ide/plugins/com.nxp.mcuxpresso.tools.linux_25.6.0.202501151204/tools/bin/../lib/gcc/arm-none-eabi/14.2.1/../../../../arm-none-eabi/lib/thumb/v6-m/nofp/libcr_c.a(_fdopen.o)
                0x00005380                _fdopen
 .text._fflush  0x000053f4       0x5c /opt/mcuxpresso-ide/ide/plugins/com.nxp.mcuxpresso.tools.linux_25.6.0.202501151204/tools/bin/../lib/gcc/arm-none-eabi/14.2.1/../../../../arm-none-eabi/lib/thumb/v6-m/nofp/libcr_c.a(_fflush.o)
                0x000053f4                _fflush
 .text._Cwritebuf
                0x00005450       0x68 /opt/mcuxpresso-ide/ide/plugins/com.nxp.mcuxpresso.tools.linux_25.6.0.202501151204/tools/bin/../lib/gcc/arm-none-eabi/14.2.1/../../../../arm-none-eabi/lib/thumb/v6-m/nofp/libcr_c.a(_writebuf.o)
                0x00005450                _Cwritebuf
 .text.fclose   0x000054b8       0x5c /opt/mcuxpresso-ide/ide/plugins/com.nxp.mcuxpresso.tools.linux_25.6.0.202501151204/tools/bin/../lib/gcc/arm-none-eabi/14.2.1/../../../../arm-none-eabi/lib/thumb/v6-m/nofp/libcr_c.a(fclose.o)
                0x000054b8                fclose
 .text.fflush   0x00005514       0x40 /opt/mcuxpresso-ide/ide/plugins/com.nxp.mcuxpresso.tools.linux_25.6.0.202501151204/tools/bin/../lib/gcc/arm-none-eabi/14.2.1/../../../../arm-none-eabi/lib/thumb/v6-m/nofp/libcr_c.a(fflush.o)
                0x00005514                fflush
 .text.fseek    0x00005554       0xec /opt/mcuxpresso-ide/ide/plugins/com.nxp.mcuxpresso.tools.linux_25.6.0.202501151204/tools/bin/../lib/gcc/arm-none-eabi/14.2.1/../../../../arm-none-eabi/lib/thumb/v6-m/nofp/libcr_c.a(fseek.o)
                0x00005554                fseek
 .text.ftell    0x00005640       0x4c /opt/mcuxpresso-ide/ide/plugins/com.nxp.mcuxpresso.tools.linux_25.6.0.202501151204/tools/bin/../lib/gcc/arm-none-eabi/14.2.1/../../../../arm-none-eabi/lib/thumb/v6-m/nofp/libcr_c.a(ftell.o)
                0x00005640                ftell
 .text._do_fflush
                0x0000568c       0x48 /opt/mcuxpresso-ide/ide/plugins/com.nxp.mcuxpresso.tools.linux_25.6.0.202501151204/tools/bin/../lib/gcc/arm-none-eabi/14.2.1/../../../../arm-none-eabi/lib/thumb/v6-m/nofp/libcr_c.a(_do_fflush.o)
                0x0000568c                _do_fflush
 .text.PrintGetWidth
                0x000056d4       0x7c ./utilities/str/fsl_str.o
 .text.PrintGetPrecision
                0x00005750       0xa0 ./utilities/str/fsl_str.o
 .text.PrintIsobpu
                0x000057f0       0x3e ./utilities/str/fsl_str.o
 .text.PrintIsdi
                0x0000582e       0x2e ./utilities/str/fsl_str.o
 .text.PrintOutputdifFobpu
                0x0000585c       0x48 ./utilities/str/fsl_str.o
 .text.PrintOutputxX
                0x000058a4       0x48 ./utilities/str/fsl_str.o
 .text.PrintIsfF
                0x000058ec       0x2e ./utilities/str/fsl_str.o
 .text.PrintIsxX
                0x0000591a       0x2e ./utilities/str/fsl_str.o
 .text.PrintFilterLengthFlag
                0x00005948       0x44 ./utilities/str/fsl_str.o
 .text.PrintGetRadixFromobpu
                0x0000598c       0x58 ./utilities/str/fsl_str.o
 .text.ConvertRadixNumToString
                0x000059e4       0xc0 ./utilities/str/fsl_str.o
 .text.StrFormatExaminedi
                0x00005aa4       0x22 ./utilities/str/fsl_str.o
 .text.StrFormatExaminexX
                0x00005ac6       0x22 ./utilities/str/fsl_str.o
 .text.StrFormatExamineobpu
                0x00005ae8       0x22 ./utilities/str/fsl_str.o
 .text.ConvertPrecisionWidthToLength
                0x00005b0a       0x22 ./utilities/str/fsl_str.o
 .text.StrFormatPrintf
                0x00005b2c      0x2d6 ./utilities/str/fsl_str.o
                0x00005b2c                StrFormatPrintf
 .text.DbgConsole_PrintCallback
                0x00005e02       0x6c ./utilities/debug_console/fsl_debug_console.o
 .text.DbgConsole_Printf
                0x00005e6e       0x32 ./utilities/debug_console/fsl_debug_console.o
                0x00005e6e                DbgConsole_Printf
 .text.__sys_write
                0x00005ea0       0x40 ./utilities/debug_console/fsl_debug_console.o
                0x00005ea0                __sys_write
 .text.fsl_assert_hook
                0x00005ee0       0x16 ./utilities/fsl_assert.o
                0x00005ee0                fsl_assert_hook
 .text.FreeRTOS_Init
                0x00005ef6       0x32 ./source/freertos.o
                0x00005ef6                FreeRTOS_Init
 .text.Init_Timer
                0x00005f28       0x12 ./source/timer.o
                0x00005f28                Init_Timer
 .text.vPortSVCHandler_C
                0x00005f3a       0x38 ./freertos/freertos-kernel/portable/GCC/ARM_CM0/port.o
                0x00005f3a                vPortSVCHandler_C
 .text.ulSetInterruptMask
                0x00005f72        0xc ./freertos/freertos-kernel/portable/GCC/ARM_CM0/portasm.o
                0x00005f72                ulSetInterruptMask
 .text.vClearInterruptMask
                0x00005f7e        0x8 ./freertos/freertos-kernel/portable/GCC/ARM_CM0/portasm.o
                0x00005f7e                vClearInterruptMask
 .text.vListInitialise
                0x00005f86       0x3c ./freertos/freertos-kernel/list.o
                0x00005f86                vListInitialise
 .text.vListInitialiseItem
                0x00005fc2       0x16 ./freertos/freertos-kernel/list.o
                0x00005fc2                vListInitialiseItem
 .text.vListInsert
                0x00005fd8       0x6c ./freertos/freertos-kernel/list.o
                0x00005fd8                vListInsert
 .text.uxListRemove
                0x00006044       0x50 ./freertos/freertos-kernel/list.o
                0x00006044                uxListRemove
 .text.xQueueGenericReset
                0x00006094      0x116 ./freertos/freertos-kernel/queue.o
                0x00006094                xQueueGenericReset
 .text.xQueueGenericCreate
                0x000061aa       0xbe ./freertos/freertos-kernel/queue.o
                0x000061aa                xQueueGenericCreate
 .text.prvInitialiseNewQueue
                0x00006268       0x4e ./freertos/freertos-kernel/queue.o
 .text.xQueueGenericSend
                0x000062b6      0x190 ./freertos/freertos-kernel/queue.o
                0x000062b6                xQueueGenericSend
 .text.xQueueGenericSendFromISR
                0x00006446      0x114 ./freertos/freertos-kernel/queue.o
                0x00006446                xQueueGenericSendFromISR
 .text.xQueueGiveFromISR
                0x0000655a       0xf6 ./freertos/freertos-kernel/queue.o
                0x0000655a                xQueueGiveFromISR
 .text.xQueueReceive
                0x00006650      0x170 ./freertos/freertos-kernel/queue.o
                0x00006650                xQueueReceive
 .text.xQueueSemaphoreTake
                0x000067c0      0x1b0 ./freertos/freertos-kernel/queue.o
                0x000067c0                xQueueSemaphoreTake
 .text.prvGetDisinheritPriorityAfterTimeout
                0x00006970       0x2c ./freertos/freertos-kernel/queue.o
 .text.prvCopyDataToQueue
                0x0000699c       0xd6 ./freertos/freertos-kernel/queue.o
 .text.prvCopyDataFromQueue
                0x00006a72       0x4c ./freertos/freertos-kernel/queue.o
 .text.prvUnlockQueue
                0x00006abe       0xbc ./freertos/freertos-kernel/queue.o
 .text.prvIsQueueEmpty
                0x00006b7a       0x2c ./freertos/freertos-kernel/queue.o
 .text.prvIsQueueFull
                0x00006ba6       0x30 ./freertos/freertos-kernel/queue.o
 .text.vQueueWaitForMessageRestricted
                0x00006bd6       0x66 ./freertos/freertos-kernel/queue.o
                0x00006bd6                vQueueWaitForMessageRestricted
 .text.prvCreateTask
                0x00006c3c       0x82 ./freertos/freertos-kernel/tasks.o
 .text.xTaskCreate
                0x00006cbe       0x4c ./freertos/freertos-kernel/tasks.o
                0x00006cbe                xTaskCreate
 .text.prvDeleteTCB
                0x00006d0a       0x22 ./freertos/freertos-kernel/tasks.o
 .text.xTimerCreate
                0x00006d2c       0x46 ./freertos/freertos-kernel/timers.o
                0x00006d2c                xTimerCreate
 .text.prvInitialiseNewTimer
                0x00006d72       0x60 ./freertos/freertos-kernel/timers.o
 .text.prvReloadTimer
                0x00006dd2       0x42 ./freertos/freertos-kernel/timers.o
 .text.prvTimerTask
                0x00006e14       0x2a ./freertos/freertos-kernel/timers.o
 .text.SystemInitHook
                0x00006e3e        0xa ./device/system_MCXC444.o
                0x00006e3e                SystemInitHook
 .text.DisableGlobalIRQ
                0x00006e48       0x1e ./component/serial_manager/fsl_component_serial_manager.o
 .text.EnableGlobalIRQ
                0x00006e66       0x1c ./component/serial_manager/fsl_component_serial_manager.o
 .text.SerialManager_Write
                0x00006e82       0x44 ./component/serial_manager/fsl_component_serial_manager.o
 .text.SerialManager_OpenWriteHandle
                0x00006ec6       0x56 ./component/serial_manager/fsl_component_serial_manager.o
                0x00006ec6                SerialManager_OpenWriteHandle
 .text.SerialManager_WriteBlocking
                0x00006f1c       0x22 ./component/serial_manager/fsl_component_serial_manager.o
                0x00006f1c                SerialManager_WriteBlocking
 .text.Serial_UartInit
                0x00006f3e       0x4e ./component/serial_manager/fsl_component_serial_port_uart.o
                0x00006f3e                Serial_UartInit
 .text.Serial_UartWrite
                0x00006f8c       0x38 ./component/serial_manager/fsl_component_serial_port_uart.o
                0x00006f8c                Serial_UartWrite
 .text.BOARD_InitDebugConsole
                0x00006fc4       0x2c ./board/board.o
                0x00006fc4                BOARD_InitDebugConsole
 .text.BOARD_InitBootClocks
                0x00006ff0        0xe ./board/clock_config.o
                0x00006ff0                BOARD_InitBootClocks
 .text.BOARD_InitPeripherals
                0x00006ffe        0xa ./board/peripherals.o
                0x00006ffe                BOARD_InitPeripherals
 .text.BOARD_InitBootPeripherals
                0x00007008        0xe ./board/peripherals.o
                0x00007008                BOARD_InitBootPeripherals
 .text.BOARD_InitBootPins
                0x00007016        0xe ./board/pin_mux.o
                0x00007016                BOARD_InitBootPins
 .text.__main   0x00007024        0xc /opt/mcuxpresso-ide/ide/plugins/com.nxp.mcuxpresso.tools.linux_25.6.0.202501151204/tools/bin/../lib/gcc/arm-none-eabi/14.2.1/../../../../arm-none-eabi/lib/thumb/v6-m/nofp/libcr_nohost_nf.a(_cr__main.o)
                0x00007024                __main
 .text.memcpy   0x00007030        0x8 /opt/mcuxpresso-ide/ide/plugins/com.nxp.mcuxpresso.tools.linux_25.6.0.202501151204/tools/bin/../lib/gcc/arm-none-eabi/14.2.1/../../../../arm-none-eabi/lib/thumb/v6-m/nofp/libcr_c.a(memcpy.o)
                0x00007030                memcpy
 .text.memset   0x00007038        0x8 /opt/mcuxpresso-ide/ide/plugins/com.nxp.mcuxpresso.tools.linux_25.6.0.202501151204/tools/bin/../lib/gcc/arm-none-eabi/14.2.1/../../../../arm-none-eabi/lib/thumb/v6-m/nofp/libcr_c.a(memset.o)
                0x00007038                memset
 .text.free     0x00007040       0x2c /opt/mcuxpresso-ide/ide/plugins/com.nxp.mcuxpresso.tools.linux_25.6.0.202501151204/tools/bin/../lib/gcc/arm-none-eabi/14.2.1/../../../../arm-none-eabi/lib/thumb/v6-m/nofp/libcr_c.a(alloc.o)
                0x00007040                free
 .text.remove   0x0000706c       0x12 /opt/mcuxpresso-ide/ide/plugins/com.nxp.mcuxpresso.tools.linux_25.6.0.202501151204/tools/bin/../lib/gcc/arm-none-eabi/14.2.1/../../../../arm-none-eabi/lib/thumb/v6-m/nofp/libcr_c.a(remove.o)
                0x0000706c                remove
 .text.__aeabi_division_idivmod
                0x0000707e       0x78 /opt/mcuxpresso-ide/ide/plugins/com.nxp.mcuxpresso.tools.linux_25.6.0.202501151204/tools/bin/../lib/gcc/arm-none-eabi/14.2.1/thumb/v6-m/nofp/libcr_eabihelpers.a(division_32.o)
                0x0000707e                __aeabi_idiv
                0x0000707e                __aeabi_idivmod
                0x00007084                __aeabi_uidiv
                0x00007084                __aeabi_uidivmod
 .text.__aeabi_division_uldivmod
                0x000070f6       0x5a /opt/mcuxpresso-ide/ide/plugins/com.nxp.mcuxpresso.tools.linux_25.6.0.202501151204/tools/bin/../lib/gcc/arm-none-eabi/14.2.1/thumb/v6-m/nofp/libcr_eabihelpers.a(division_64.o)
                0x000070f6                __aeabi_uldivmod
 .text.__aeabi_division_idiv0
                0x00007150        0x2 /opt/mcuxpresso-ide/ide/plugins/com.nxp.mcuxpresso.tools.linux_25.6.0.202501151204/tools/bin/../lib/gcc/arm-none-eabi/14.2.1/thumb/v6-m/nofp/libcr_eabihelpers.a(division_idiv0.o)
                0x00007150                __aeabi_idiv0
 .text.__aeabi_llong_lmul
                0x00007152       0x2e /opt/mcuxpresso-ide/ide/plugins/com.nxp.mcuxpresso.tools.linux_25.6.0.202501151204/tools/bin/../lib/gcc/arm-none-eabi/14.2.1/thumb/v6-m/nofp/libcr_eabihelpers.a(llong.o)
                0x00007152                __aeabi_lmul
 .text.__aeabi_memcpy
                0x00007180       0x2c /opt/mcuxpresso-ide/ide/plugins/com.nxp.mcuxpresso.tools.linux_25.6.0.202501151204/tools/bin/../lib/gcc/arm-none-eabi/14.2.1/thumb/v6-m/nofp/libcr_eabihelpers.a(memcpy.o)
                0x00007180                __aeabi_memcpy
                0x00007180                __aeabi_memcpy4
                0x00007180                __aeabi_memcpy8
 .text.__aeabi_memset_lowlevel
                0x000071ac       0x2a /opt/mcuxpresso-ide/ide/plugins/com.nxp.mcuxpresso.tools.linux_25.6.0.202501151204/tools/bin/../lib/gcc/arm-none-eabi/14.2.1/thumb/v6-m/nofp/libcr_eabihelpers.a(memcpy.o)
                0x000071ac                __aeabi_lowlevel_memset
 .text.__sys_close
                0x000071d6        0x6 /opt/mcuxpresso-ide/ide/plugins/com.nxp.mcuxpresso.tools.linux_25.6.0.202501151204/tools/bin/../lib/gcc/arm-none-eabi/14.2.1/../../../../arm-none-eabi/lib/thumb/v6-m/nofp/libcr_nohost_nf.a(__sys_close.o)
                0x000071d6                __sys_close
 .text.__sys_flen
                0x000071dc        0x6 /opt/mcuxpresso-ide/ide/plugins/com.nxp.mcuxpresso.tools.linux_25.6.0.202501151204/tools/bin/../lib/gcc/arm-none-eabi/14.2.1/../../../../arm-none-eabi/lib/thumb/v6-m/nofp/libcr_nohost_nf.a(__sys_flen.o)
                0x000071dc                __sys_flen
 .text.__sys_istty
                0x000071e2        0x6 /opt/mcuxpresso-ide/ide/plugins/com.nxp.mcuxpresso.tools.linux_25.6.0.202501151204/tools/bin/../lib/gcc/arm-none-eabi/14.2.1/../../../../arm-none-eabi/lib/thumb/v6-m/nofp/libcr_nohost_nf.a(__sys_istty.o)
                0x000071e2                __sys_istty
 .text.__sys_remove
                0x000071e8        0x6 /opt/mcuxpresso-ide/ide/plugins/com.nxp.mcuxpresso.tools.linux_25.6.0.202501151204/tools/bin/../lib/gcc/arm-none-eabi/14.2.1/../../../../arm-none-eabi/lib/thumb/v6-m/nofp/libcr_nohost_nf.a(__sys_remove.o)
                0x000071e8                __sys_remove
 .text.__sys_seek
                0x000071ee        0x6 /opt/mcuxpresso-ide/ide/plugins/com.nxp.mcuxpresso.tools.linux_25.6.0.202501151204/tools/bin/../lib/gcc/arm-none-eabi/14.2.1/../../../../arm-none-eabi/lib/thumb/v6-m/nofp/libcr_nohost_nf.a(__sys_seek.o)
                0x000071ee                __sys_seek
 .text.__sys_tmpnam
                0x000071f4        0x6 /opt/mcuxpresso-ide/ide/plugins/com.nxp.mcuxpresso.tools.linux_25.6.0.202501151204/tools/bin/../lib/gcc/arm-none-eabi/14.2.1/../../../../arm-none-eabi/lib/thumb/v6-m/nofp/libcr_nohost_nf.a(__sys_tmpnam.o)
                0x000071f4                __sys_tmpnam
 *freertos*/tasks.o(SORT_BY_ALIGNMENT(.rodata*))
 *fill*         0x000071fa        0x2 ff
 .rodata.uxTopUsedPriority
                0x000071fc        0x4 ./freertos/freertos-kernel/tasks.o
 .rodata.prvCreateIdleTasks.str1.4
                0x00007200        0x5 ./freertos/freertos-kernel/tasks.o
 .rodata.xTaskGenericNotify
                0x00007200       0x14 ./freertos/freertos-kernel/tasks.o
 .rodata.xTaskGenericNotifyFromISR
                0x00007214       0x14 ./freertos/freertos-kernel/tasks.o
 *(SORT_BY_ALIGNMENT(.rodata) SORT_BY_ALIGNMENT(.rodata.*) SORT_BY_ALIGNMENT(.constdata) SORT_BY_ALIGNMENT(.constdata.*))
 .rodata.__assertion_failed.str1.4
                0x00007228      0x49f ./utilities/fsl_assert.o
                                 0x14 (size before relaxing)
 .rodata.DHT_read.str1.4
                0x000076c7       0x4a ./source/DHT.o
 .rodata.DHTTask.str1.4
                0x000076c7       0x4c ./source/DHT.o
 .rodata.DHT_init.str1.4
                0x000076c7       0x14 ./source/DHT.o
 .rodata.buttonTask.str1.4
                0x000076c7        0x9 ./source/button.o
 .rodata.Button_Init.str1.4
                0x000076c7        0x7 ./source/button.o
 .rodata.Buzzer_Init.str1.4
                0x000076c7       0x30 ./source/buzzer.o
 .rodata.sendTask.str1.4
                0x000076c7       0x63 ./source/uart.o
 .rodata.recvTask.str1.4
                0x000076c7       0x13 ./source/uart.o
 .rodata.init_uart.str1.4
                0x000076c7       0x15 ./source/uart.o
 .rodata.ultrasonic_init.str1.4
                0x000076c7        0xb ./source/ultrasonic.o
 .rodata.xTimerCreateTimerTask.str1.4
                0x000076c7        0x8 ./freertos/freertos-kernel/timers.o
 *fill*         0x000076c7        0x1 ff
 .rodata.prvProcessReceivedCommands
                0x000076c8       0x28 ./freertos/freertos-kernel/timers.o
 .rodata.prvCheckForValidListAndQueue.str1.4
                0x000076f0        0x5 ./freertos/freertos-kernel/timers.o
 .rodata.CLOCK_GetOsc0ErClkFreq.str1.4
                0x000076f0       0x1e ./drivers/fsl_clock.o
 .rodata.CLOCK_GetEr32kClkFreq.str1.4
                0x000076f0       0x1f ./drivers/fsl_clock.o
 .rodata.CLOCK_GetFreq
                0x000076f0       0x50 ./drivers/fsl_clock.o
 .rodata.CLOCK_GetOutClkFreq.str1.4
                0x00007740       0x1e ./drivers/fsl_clock.o
 .rodata.CLOCK_SetMcgliteConfig.str1.4
                0x00007740       0x1f ./drivers/fsl_clock.o
 .rodata.lircFreqs.0
                0x00007740        0x8 ./drivers/fsl_clock.o
 .rodata.s_lpuartBases
                0x00007748        0x8 ./drivers/fsl_lpuart.o
 .rodata.s_lpuartClock
                0x00007750        0x8 ./drivers/fsl_lpuart.o
 .rodata.LPUART_GetInstance.str1.4
                0x00007758       0x38 ./drivers/fsl_lpuart.o
 .rodata.LPUART_Init.str1.4
                0x00007758       0x51 ./drivers/fsl_lpuart.o
 .rodata.LPUART_GetDefaultConfig.str1.4
                0x00007758       0x22 ./drivers/fsl_lpuart.o
 .rodata.LPUART_WriteBlocking.str1.4
                0x00007758       0x21 ./drivers/fsl_lpuart.o
 .rodata.s_LpuartAdapterBase
                0x00007758        0x8 ./component/uart/fsl_adapter_lpuart.o
 .rodata.HAL_UartInit.str1.4
                0x00007760      0x116 ./component/uart/fsl_adapter_lpuart.o
 .rodata.HAL_UartSendBlocking.str1.4
                0x00007760       0x7b ./component/uart/fsl_adapter_lpuart.o
 .rodata.mcgliteConfig_BOARD_BootClockRUN
                0x00007760        0x6 ./board/clock_config.o
                0x00007760                mcgliteConfig_BOARD_BootClockRUN
 *fill*         0x00007766        0x2 ff
 .rodata.simConfig_BOARD_BootClockRUN
                0x00007768        0x8 ./board/clock_config.o
                0x00007768                simConfig_BOARD_BootClockRUN
 .rodata.__num_Ciob_streams
                0x00007770        0x4 /opt/mcuxpresso-ide/ide/plugins/com.nxp.mcuxpresso.tools.linux_25.6.0.202501151204/tools/bin/../lib/gcc/arm-none-eabi/14.2.1/../../../../arm-none-eabi/lib/thumb/v6-m/nofp/libcr_nohost_nf.a(__ciob.o)
                0x00007770                __num_Ciob_streams
 .rodata._initio.str1.1
                0x00007774        0x4 /opt/mcuxpresso-ide/ide/plugins/com.nxp.mcuxpresso.tools.linux_25.6.0.202501151204/tools/bin/../lib/gcc/arm-none-eabi/14.2.1/../../../../arm-none-eabi/lib/thumb/v6-m/nofp/libcr_c.a(initio.o)
                0x00007778                        . = ALIGN (0x4)

.glue_7         0x00007778        0x0
 .glue_7        0x00007778        0x0 linker stubs

.glue_7t        0x00007778        0x0
 .glue_7t       0x00007778        0x0 linker stubs

.vfp11_veneer   0x00007778        0x0
 .vfp11_veneer  0x00007778        0x0 linker stubs

.v4_bx          0x00007778        0x0
 .v4_bx         0x00007778        0x0 linker stubs

.iplt           0x00007778        0x0
 .iplt          0x00007778        0x0 ./utilities/str/fsl_str.o

.rel.dyn        0x00007778        0x0
 .rel.iplt      0x00007778        0x0 ./utilities/str/fsl_str.o

.ARM.extab
 *(SORT_BY_ALIGNMENT(.ARM.extab*) SORT_BY_ALIGNMENT(.gnu.linkonce.armextab.*))

.ARM.exidx      0x00007778        0x0
                0x00007778                        __exidx_start = .
 *(SORT_BY_ALIGNMENT(.ARM.exidx*) SORT_BY_ALIGNMENT(.gnu.linkonce.armexidx.*))
                0x00007778                        __exidx_end = .
                0x00007778                        _etext = .

.mtb_buffer_default
                0x1fffe000       0x80
 *(SORT_BY_ALIGNMENT(.mtb*))
 .mtb.$RAM1     0x1fffe000       0x80 ./source/mtb.o
                0x1fffe000                __mtb_buffer__

.uninit_RESERVED
                0x1fffe080        0x0
                0x1fffe080                        _start_uninit_RESERVED = .
 *(SORT_BY_ALIGNMENT(.bss.$RESERVED*))
                0x1fffe080                        . = ALIGN (0x4)
                0x1fffe080                        _end_uninit_RESERVED = .

.data           0x1fffe080        0xc load address 0x00007778
 FILL mask 0xff
                0x1fffe080                        _data = .
                [!provide]                        PROVIDE (__start_data_RAM = .)
                [!provide]                        PROVIDE (__start_data_SRAM = .)
 *(SORT_BY_ALIGNMENT(vtable))
 *(SORT_BY_ALIGNMENT(.ramfunc*))
 *(SORT_BY_ALIGNMENT(CodeQuickAccess))
 *(SORT_BY_ALIGNMENT(DataQuickAccess))
 *(SORT_BY_ALIGNMENT(RamFunction))
 *(SORT_BY_ALIGNMENT(.data*))
 .data.BUZZER_PERIOD_MS
                0x1fffe080        0x4 ./source/buzzer.o
 .data.ulCriticalNesting
                0x1fffe084        0x4 ./freertos/freertos-kernel/portable/GCC/ARM_CM0/port.o
 .data.SystemCoreClock
                0x1fffe088        0x4 ./device/system_MCXC444.o
                0x1fffe088                SystemCoreClock
                0x1fffe08c                        . = ALIGN (0x4)
                0x1fffe08c                        _edata = .
                [!provide]                        PROVIDE (__end_data_RAM = .)
                [!provide]                        PROVIDE (__end_data_SRAM = .)

.igot.plt       0x1fffe08c        0x0 load address 0x00007784
 .igot.plt      0x1fffe08c        0x0 ./utilities/str/fsl_str.o

.bss            0x1fffe08c     0x2af4
                0x1fffe08c                        _bss = .
                [!provide]                        PROVIDE (__start_bss_RAM = .)
                [!provide]                        PROVIDE (__start_bss_SRAM = .)
 *(SORT_BY_ALIGNMENT(.bss*))
 .bss.s_debugConsoleState
                0x1fffe08c       0x20 ./utilities/debug_console/fsl_debug_console.o
 .bss.g_serialHandle
                0x1fffe0ac        0x4 ./utilities/debug_console/fsl_debug_console.o
                0x1fffe0ac                g_serialHandle
 .bss.i.0       0x1fffe0b0        0x4 ./source/Medicine_Dispenser.o
 .bss.buttonSem
                0x1fffe0b4        0x4 ./source/button.o
                0x1fffe0b4                buttonSem
 .bss.buzzerSem
                0x1fffe0b8        0x4 ./source/buzzer.o
                0x1fffe0b8                buzzerSem
 .bss.buzzerTimer
                0x1fffe0bc        0x4 ./source/buzzer.o
                0x1fffe0bc                buzzerTimer
 .bss.buzzerActive
                0x1fffe0c0        0x4 ./source/buzzer.o
 .bss.adcSem    0x1fffe0c4        0x4 ./source/heartbeat.o
 .bss.send_buffer
                0x1fffe0c8       0x14 ./source/uart.o
                0x1fffe0c8                send_buffer
 .bss.recv_buffer
                0x1fffe0dc       0x14 ./source/uart.o
                0x1fffe0dc                recv_buffer
 .bss.rec_queue
                0x1fffe0f0        0x4 ./source/uart.o
                0x1fffe0f0                rec_queue
 .bss.send_queue
                0x1fffe0f4        0x4 ./source/uart.o
                0x1fffe0f4                send_queue
 .bss.txDoneSem
                0x1fffe0f8        0x4 ./source/uart.o
                0x1fffe0f8                txDoneSem
 .bss.send_ptr.1
                0x1fffe0fc        0x4 ./source/uart.o
 .bss.recv_ptr.0
                0x1fffe100        0x4 ./source/uart.o
 .bss.echo_start_us
                0x1fffe104        0x4 ./source/ultrasonic.o
 .bss.echo_end_us
                0x1fffe108        0x4 ./source/ultrasonic.o
 .bss.ultraSem  0x1fffe10c        0x4 ./source/ultrasonic.o
 .bss.ucHeap    0x1fffe110     0x2800 ./freertos/freertos-kernel/portable/MemMang/heap_4.o
 .bss.xStart    0x20000910        0x8 ./freertos/freertos-kernel/portable/MemMang/heap_4.o
 .bss.pxEnd     0x20000918        0x4 ./freertos/freertos-kernel/portable/MemMang/heap_4.o
 .bss.xFreeBytesRemaining
                0x2000091c        0x4 ./freertos/freertos-kernel/portable/MemMang/heap_4.o
 .bss.xMinimumEverFreeBytesRemaining
                0x20000920        0x4 ./freertos/freertos-kernel/portable/MemMang/heap_4.o
 .bss.xNumberOfSuccessfulAllocations
                0x20000924        0x4 ./freertos/freertos-kernel/portable/MemMang/heap_4.o
 .bss.xNumberOfSuccessfulFrees
                0x20000928        0x4 ./freertos/freertos-kernel/portable/MemMang/heap_4.o
 .bss.xQueueRegistry
                0x2000092c       0x40 ./freertos/freertos-kernel/queue.o
                0x2000092c                xQueueRegistry
 .bss.pxCurrentTCB
                0x2000096c        0x4 ./freertos/freertos-kernel/tasks.o
                0x2000096c                pxCurrentTCB
 .bss.pxReadyTasksLists
                0x20000970       0x64 ./freertos/freertos-kernel/tasks.o
 .bss.xDelayedTaskList1
                0x200009d4       0x14 ./freertos/freertos-kernel/tasks.o
 .bss.xDelayedTaskList2
                0x200009e8       0x14 ./freertos/freertos-kernel/tasks.o
 .bss.pxDelayedTaskList
                0x200009fc        0x4 ./freertos/freertos-kernel/tasks.o
 .bss.pxOverflowDelayedTaskList
                0x20000a00        0x4 ./freertos/freertos-kernel/tasks.o
 .bss.xPendingReadyList
                0x20000a04       0x14 ./freertos/freertos-kernel/tasks.o
 .bss.xTasksWaitingTermination
                0x20000a18       0x14 ./freertos/freertos-kernel/tasks.o
 .bss.uxDeletedTasksWaitingCleanUp
                0x20000a2c        0x4 ./freertos/freertos-kernel/tasks.o
 .bss.xSuspendedTaskList
                0x20000a30       0x14 ./freertos/freertos-kernel/tasks.o
 .bss.uxCurrentNumberOfTasks
                0x20000a44        0x4 ./freertos/freertos-kernel/tasks.o
 .bss.xTickCount
                0x20000a48        0x4 ./freertos/freertos-kernel/tasks.o
 .bss.uxTopReadyPriority
                0x20000a4c        0x4 ./freertos/freertos-kernel/tasks.o
 .bss.xSchedulerRunning
                0x20000a50        0x4 ./freertos/freertos-kernel/tasks.o
 .bss.xPendedTicks
                0x20000a54        0x4 ./freertos/freertos-kernel/tasks.o
 .bss.xYieldPendings
                0x20000a58        0x4 ./freertos/freertos-kernel/tasks.o
 .bss.xNumOfOverflows
                0x20000a5c        0x4 ./freertos/freertos-kernel/tasks.o
 .bss.uxTaskNumber
                0x20000a60        0x4 ./freertos/freertos-kernel/tasks.o
 .bss.xNextTaskUnblockTime
                0x20000a64        0x4 ./freertos/freertos-kernel/tasks.o
 .bss.xIdleTaskHandles
                0x20000a68        0x4 ./freertos/freertos-kernel/tasks.o
 .bss.uxSchedulerSuspended
                0x20000a6c        0x4 ./freertos/freertos-kernel/tasks.o
 .bss.xActiveTimerList1
                0x20000a70       0x14 ./freertos/freertos-kernel/timers.o
 .bss.xActiveTimerList2
                0x20000a84       0x14 ./freertos/freertos-kernel/timers.o
 .bss.pxCurrentTimerList
                0x20000a98        0x4 ./freertos/freertos-kernel/timers.o
 .bss.pxOverflowTimerList
                0x20000a9c        0x4 ./freertos/freertos-kernel/timers.o
 .bss.xTimerQueue
                0x20000aa0        0x4 ./freertos/freertos-kernel/timers.o
 .bss.xTimerTaskHandle
                0x20000aa4        0x4 ./freertos/freertos-kernel/timers.o
 .bss.xLastTime.0
                0x20000aa8        0x4 ./freertos/freertos-kernel/timers.o
 .bss.g_xtal0Freq
                0x20000aac        0x4 ./drivers/fsl_clock.o
                0x20000aac                g_xtal0Freq
 .bss.g_xtal32Freq
                0x20000ab0        0x4 ./drivers/fsl_clock.o
                0x20000ab0                g_xtal32Freq
 .bss.s_lpuartHandle
                0x20000ab4        0x8 ./drivers/fsl_lpuart.o
                0x20000ab4                s_lpuartHandle
 .bss.s_lpuartIsr
                0x20000abc        0x8 ./drivers/fsl_lpuart.o
                0x20000abc                s_lpuartIsr
 .bss.errno     0x20000ac4        0x4 /opt/mcuxpresso-ide/ide/plugins/com.nxp.mcuxpresso.tools.linux_25.6.0.202501151204/tools/bin/../lib/gcc/arm-none-eabi/14.2.1/../../../../arm-none-eabi/lib/thumb/v6-m/nofp/libcr_c.a(errno.o)
                0x20000ac4                errno
 .bss.__Ciob    0x20000ac8       0xb4 /opt/mcuxpresso-ide/ide/plugins/com.nxp.mcuxpresso.tools.linux_25.6.0.202501151204/tools/bin/../lib/gcc/arm-none-eabi/14.2.1/../../../../arm-none-eabi/lib/thumb/v6-m/nofp/libcr_nohost_nf.a(__ciob.o)
                0x20000ac8                __Ciob
 .bss.g_adcValue
                0x20000b7c        0x2 ./source/heartbeat.o
 .bss.s_debugConsoleReadWaitSemaphore
                0x20000b7e        0x1 ./utilities/debug_console/fsl_debug_console.o
 .bss.servoState
                0x20000b7f        0x1 ./source/servo.o
 *(SORT_BY_ALIGNMENT(COMMON))
                0x20000b80                        . = ALIGN (0x4)
                0x20000b80                        _ebss = .
                [!provide]                        PROVIDE (__end_bss_RAM = .)
                [!provide]                        PROVIDE (__end_bss_SRAM = .)
                [!provide]                        PROVIDE (end = .)

.noinit         0x20000b80        0x0
                0x20000b80                        _noinit = .
                [!provide]                        PROVIDE (__start_noinit_RAM = .)
                [!provide]                        PROVIDE (__start_noinit_SRAM = .)
 *(SORT_BY_ALIGNMENT(.noinit*))
                0x20000b80                        . = ALIGN (0x4)
                0x20000b80                        _end_noinit = .
                [!provide]                        PROVIDE (__end_noinit_RAM = .)
                [!provide]                        PROVIDE (__end_noinit_SRAM = .)
                0x00000800                        _HeapSize = 0x800

.heap           0x20000b80      0x800
                0x20000b80                        _pvHeapStart = .
                0x20001380                        . = (. + _HeapSize)
 *fill*         0x20000b80      0x800 
                0x20001380                        . = ALIGN (0x4)
                0x20001380                        _pvHeapLimit = .
                0x00000800                        _StackSize = 0x800

.heap2stackfill
                0x20001380      0x800
                0x20001b80                        . = (. + _StackSize)
 *fill*         0x20001380      0x800 

.stack          0x20005800        0x0
                0x20005800                        _vStackBase = .
                0x20005800                        . = ALIGN (0x4)
                0x20006000                        _vStackTop = (. + _StackSize)
                0x00000000                        _image_start = LOADADDR (.text)
                0x00007784                        _image_end = (LOADADDR (.data) + SIZEOF (.data))
                0x00007784                        _image_size = (_image_end - _image_start)
OUTPUT(Medicine_Dispenser.axf elf32-littlearm)
LOAD linker stubs

.debug_info     0x00000000    0x16f8c
 .debug_info    0x00000000      0xd5e ./utilities/str/fsl_str.o
 .debug_info    0x00000d5e      0xed5 ./utilities/debug_console/fsl_debug_console.o
 .debug_info    0x00001c33      0x135 ./utilities/fsl_assert.o
 .debug_info    0x00001d68      0x686 ./startup/startup_mcxc444.o
 .debug_info    0x000023ee      0x841 ./source/DHT.o
 .debug_info    0x00002c2f      0x408 ./source/Medicine_Dispenser.o
 .debug_info    0x00003037      0xc74 ./source/button.o
 .debug_info    0x00003cab      0xa59 ./source/buzzer.o
 .debug_info    0x00004704      0x107 ./source/freertos.o
 .debug_info    0x0000480b      0xf18 ./source/heartbeat.o
 .debug_info    0x00005723      0x5de ./source/interrupt.o
 .debug_info    0x00005d01       0x53 ./source/mtb.o
 .debug_info    0x00005d54       0x3c ./source/semihost_hardfault.o
 .debug_info    0x00005d90      0x84a ./source/servo.o
 .debug_info    0x000065da      0x3a9 ./source/timer.o
 .debug_info    0x00006983     0x1197 ./source/uart.o
 .debug_info    0x00007b1a      0xe40 ./source/ultrasonic.o
 .debug_info    0x0000895a      0x4db ./freertos/freertos-kernel/portable/MemMang/heap_4.o
 .debug_info    0x00008e35      0x335 ./freertos/freertos-kernel/portable/GCC/ARM_CM0/port.o
 .debug_info    0x0000916a      0x150 ./freertos/freertos-kernel/portable/GCC/ARM_CM0/portasm.o
 .debug_info    0x000092ba      0x2b9 ./freertos/freertos-kernel/list.o
 .debug_info    0x00009573     0x13b2 ./freertos/freertos-kernel/queue.o
 .debug_info    0x0000a925     0x225e ./freertos/freertos-kernel/tasks.o
 .debug_info    0x0000cb83      0xf5d ./freertos/freertos-kernel/timers.o
 .debug_info    0x0000dae0     0x1391 ./drivers/fsl_clock.o
 .debug_info    0x0000ee71     0x1f91 ./drivers/fsl_lpuart.o
 .debug_info    0x00010e02      0x42a ./device/system_MCXC444.o
 .debug_info    0x0001122c      0xb1e ./component/uart/fsl_adapter_lpuart.o
 .debug_info    0x00011d4a      0xdd2 ./component/serial_manager/fsl_component_serial_manager.o
 .debug_info    0x00012b1c      0x558 ./component/serial_manager/fsl_component_serial_port_uart.o
 .debug_info    0x00013074      0x411 ./board/board.o
 .debug_info    0x00013485      0xa96 ./board/clock_config.o
 .debug_info    0x00013f1b       0x9b ./board/peripherals.o
 .debug_info    0x00013fb6      0x589 ./board/pin_mux.o
 .debug_info    0x0001453f       0x85 /opt/mcuxpresso-ide/ide/plugins/com.nxp.mcuxpresso.tools.linux_25.6.0.202501151204/tools/bin/../lib/gcc/arm-none-eabi/14.2.1/../../../../arm-none-eabi/lib/thumb/v6-m/nofp/libcr_nohost_nf.a(_cr__main.o)
 .debug_info    0x000145c4      0x12b /opt/mcuxpresso-ide/ide/plugins/com.nxp.mcuxpresso.tools.linux_25.6.0.202501151204/tools/bin/../lib/gcc/arm-none-eabi/14.2.1/../../../../arm-none-eabi/lib/thumb/v6-m/nofp/libcr_c.a(memcpy.o)
 .debug_info    0x000146ef       0xfc /opt/mcuxpresso-ide/ide/plugins/com.nxp.mcuxpresso.tools.linux_25.6.0.202501151204/tools/bin/../lib/gcc/arm-none-eabi/14.2.1/../../../../arm-none-eabi/lib/thumb/v6-m/nofp/libcr_c.a(memset.o)
 .debug_info    0x000147eb      0x526 /opt/mcuxpresso-ide/ide/plugins/com.nxp.mcuxpresso.tools.linux_25.6.0.202501151204/tools/bin/../lib/gcc/arm-none-eabi/14.2.1/../../../../arm-none-eabi/lib/thumb/v6-m/nofp/libcr_c.a(alloc.o)
 .debug_info    0x00014d11       0x44 /opt/mcuxpresso-ide/ide/plugins/com.nxp.mcuxpresso.tools.linux_25.6.0.202501151204/tools/bin/../lib/gcc/arm-none-eabi/14.2.1/../../../../arm-none-eabi/lib/thumb/v6-m/nofp/libcr_c.a(errno.o)
 .debug_info    0x00014d55      0x353 /opt/mcuxpresso-ide/ide/plugins/com.nxp.mcuxpresso.tools.linux_25.6.0.202501151204/tools/bin/../lib/gcc/arm-none-eabi/14.2.1/../../../../arm-none-eabi/lib/thumb/v6-m/nofp/libcr_c.a(initio.o)
 .debug_info    0x000150a8      0x1fd /opt/mcuxpresso-ide/ide/plugins/com.nxp.mcuxpresso.tools.linux_25.6.0.202501151204/tools/bin/../lib/gcc/arm-none-eabi/14.2.1/../../../../arm-none-eabi/lib/thumb/v6-m/nofp/libcr_c.a(setvbuf.o)
 .debug_info    0x000152a5       0xdd /opt/mcuxpresso-ide/ide/plugins/com.nxp.mcuxpresso.tools.linux_25.6.0.202501151204/tools/bin/../lib/gcc/arm-none-eabi/14.2.1/../../../../arm-none-eabi/lib/thumb/v6-m/nofp/libcr_c.a(strlen.o)
 .debug_info    0x00015382      0x391 /opt/mcuxpresso-ide/ide/plugins/com.nxp.mcuxpresso.tools.linux_25.6.0.202501151204/tools/bin/../lib/gcc/arm-none-eabi/14.2.1/../../../../arm-none-eabi/lib/thumb/v6-m/nofp/libcr_c.a(_deferredlazyseek.o)
 .debug_info    0x00015713      0x24b /opt/mcuxpresso-ide/ide/plugins/com.nxp.mcuxpresso.tools.linux_25.6.0.202501151204/tools/bin/../lib/gcc/arm-none-eabi/14.2.1/../../../../arm-none-eabi/lib/thumb/v6-m/nofp/libcr_c.a(_fdopen.o)
 .debug_info    0x0001595e      0x1ea /opt/mcuxpresso-ide/ide/plugins/com.nxp.mcuxpresso.tools.linux_25.6.0.202501151204/tools/bin/../lib/gcc/arm-none-eabi/14.2.1/../../../../arm-none-eabi/lib/thumb/v6-m/nofp/libcr_c.a(_fflush.o)
 .debug_info    0x00015b48      0x28a /opt/mcuxpresso-ide/ide/plugins/com.nxp.mcuxpresso.tools.linux_25.6.0.202501151204/tools/bin/../lib/gcc/arm-none-eabi/14.2.1/../../../../arm-none-eabi/lib/thumb/v6-m/nofp/libcr_c.a(_writebuf.o)
 .debug_info    0x00015dd2      0x325 /opt/mcuxpresso-ide/ide/plugins/com.nxp.mcuxpresso.tools.linux_25.6.0.202501151204/tools/bin/../lib/gcc/arm-none-eabi/14.2.1/../../../../arm-none-eabi/lib/thumb/v6-m/nofp/libcr_c.a(fclose.o)
 .debug_info    0x000160f7      0x210 /opt/mcuxpresso-ide/ide/plugins/com.nxp.mcuxpresso.tools.linux_25.6.0.202501151204/tools/bin/../lib/gcc/arm-none-eabi/14.2.1/../../../../arm-none-eabi/lib/thumb/v6-m/nofp/libcr_c.a(fflush.o)
 .debug_info    0x00016307      0x27f /opt/mcuxpresso-ide/ide/plugins/com.nxp.mcuxpresso.tools.linux_25.6.0.202501151204/tools/bin/../lib/gcc/arm-none-eabi/14.2.1/../../../../arm-none-eabi/lib/thumb/v6-m/nofp/libcr_c.a(fseek.o)
 .debug_info    0x00016586      0x197 /opt/mcuxpresso-ide/ide/plugins/com.nxp.mcuxpresso.tools.linux_25.6.0.202501151204/tools/bin/../lib/gcc/arm-none-eabi/14.2.1/../../../../arm-none-eabi/lib/thumb/v6-m/nofp/libcr_c.a(ftell.o)
 .debug_info    0x0001671d      0x1d0 /opt/mcuxpresso-ide/ide/plugins/com.nxp.mcuxpresso.tools.linux_25.6.0.202501151204/tools/bin/../lib/gcc/arm-none-eabi/14.2.1/../../../../arm-none-eabi/lib/thumb/v6-m/nofp/libcr_c.a(remove.o)
 .debug_info    0x000168ed      0x241 /opt/mcuxpresso-ide/ide/plugins/com.nxp.mcuxpresso.tools.linux_25.6.0.202501151204/tools/bin/../lib/gcc/arm-none-eabi/14.2.1/../../../../arm-none-eabi/lib/thumb/v6-m/nofp/libcr_c.a(_do_fflush.o)
 .debug_info    0x00016b2e      0x18b /opt/mcuxpresso-ide/ide/plugins/com.nxp.mcuxpresso.tools.linux_25.6.0.202501151204/tools/bin/../lib/gcc/arm-none-eabi/14.2.1/../../../../arm-none-eabi/lib/thumb/v6-m/nofp/libcr_nohost_nf.a(__ciob.o)
 .debug_info    0x00016cb9       0x6a /opt/mcuxpresso-ide/ide/plugins/com.nxp.mcuxpresso.tools.linux_25.6.0.202501151204/tools/bin/../lib/gcc/arm-none-eabi/14.2.1/../../../../arm-none-eabi/lib/thumb/v6-m/nofp/libcr_nohost_nf.a(__sys_close.o)
 .debug_info    0x00016d23       0x6a /opt/mcuxpresso-ide/ide/plugins/com.nxp.mcuxpresso.tools.linux_25.6.0.202501151204/tools/bin/../lib/gcc/arm-none-eabi/14.2.1/../../../../arm-none-eabi/lib/thumb/v6-m/nofp/libcr_nohost_nf.a(__sys_flen.o)
 .debug_info    0x00016d8d       0x6a /opt/mcuxpresso-ide/ide/plugins/com.nxp.mcuxpresso.tools.linux_25.6.0.202501151204/tools/bin/../lib/gcc/arm-none-eabi/14.2.1/../../../../arm-none-eabi/lib/thumb/v6-m/nofp/libcr_nohost_nf.a(__sys_istty.o)
 .debug_info    0x00016df7       0x8a /opt/mcuxpresso-ide/ide/plugins/com.nxp.mcuxpresso.tools.linux_25.6.0.202501151204/tools/bin/../lib/gcc/arm-none-eabi/14.2.1/../../../../arm-none-eabi/lib/thumb/v6-m/nofp/libcr_nohost_nf.a(__sys_remove.o)
 .debug_info    0x00016e81       0x78 /opt/mcuxpresso-ide/ide/plugins/com.nxp.mcuxpresso.tools.linux_25.6.0.202501151204/tools/bin/../lib/gcc/arm-none-eabi/14.2.1/../../../../arm-none-eabi/lib/thumb/v6-m/nofp/libcr_nohost_nf.a(__sys_seek.o)
 .debug_info    0x00016ef9       0x93 /opt/mcuxpresso-ide/ide/plugins/com.nxp.mcuxpresso.tools.linux_25.6.0.202501151204/tools/bin/../lib/gcc/arm-none-eabi/14.2.1/../../../../arm-none-eabi/lib/thumb/v6-m/nofp/libcr_nohost_nf.a(__sys_tmpnam.o)

.debug_abbrev   0x00000000     0x5488
 .debug_abbrev  0x00000000      0x270 ./utilities/str/fsl_str.o
 .debug_abbrev  0x00000270      0x28e ./utilities/debug_console/fsl_debug_console.o
 .debug_abbrev  0x000004fe       0xbd ./utilities/fsl_assert.o
 .debug_abbrev  0x000005bb      0x1a7 ./startup/startup_mcxc444.o
 .debug_abbrev  0x00000762      0x256 ./source/DHT.o
 .debug_abbrev  0x000009b8      0x128 ./source/Medicine_Dispenser.o
 .debug_abbrev  0x00000ae0      0x288 ./source/button.o
 .debug_abbrev  0x00000d68      0x258 ./source/buzzer.o
 .debug_abbrev  0x00000fc0       0x89 ./source/freertos.o
 .debug_abbrev  0x00001049      0x335 ./source/heartbeat.o
 .debug_abbrev  0x0000137e      0x191 ./source/interrupt.o
 .debug_abbrev  0x0000150f       0x46 ./source/mtb.o
 .debug_abbrev  0x00001555       0x31 ./source/semihost_hardfault.o
 .debug_abbrev  0x00001586      0x155 ./source/servo.o
 .debug_abbrev  0x000016db       0xe8 ./source/timer.o
 .debug_abbrev  0x000017c3      0x309 ./source/uart.o
 .debug_abbrev  0x00001acc      0x2b8 ./source/ultrasonic.o
 .debug_abbrev  0x00001d84      0x1ec ./freertos/freertos-kernel/portable/MemMang/heap_4.o
 .debug_abbrev  0x00001f70      0x1ba ./freertos/freertos-kernel/portable/GCC/ARM_CM0/port.o
 .debug_abbrev  0x0000212a       0xb9 ./freertos/freertos-kernel/portable/GCC/ARM_CM0/portasm.o
 .debug_abbrev  0x000021e3       0xeb ./freertos/freertos-kernel/list.o
 .debug_abbrev  0x000022ce      0x2bd ./freertos/freertos-kernel/queue.o
 .debug_abbrev  0x0000258b      0x30f ./freertos/freertos-kernel/tasks.o
 .debug_abbrev  0x0000289a      0x2c1 ./freertos/freertos-kernel/timers.o
 .debug_abbrev  0x00002b5b      0x2e0 ./drivers/fsl_clock.o
 .debug_abbrev  0x00002e3b      0x406 ./drivers/fsl_lpuart.o
 .debug_abbrev  0x00003241      0x139 ./device/system_MCXC444.o
 .debug_abbrev  0x0000337a      0x1e7 ./component/uart/fsl_adapter_lpuart.o
 .debug_abbrev  0x00003561      0x2be ./component/serial_manager/fsl_component_serial_manager.o
 .debug_abbrev  0x0000381f      0x18c ./component/serial_manager/fsl_component_serial_port_uart.o
 .debug_abbrev  0x000039ab      0x163 ./board/board.o
 .debug_abbrev  0x00003b0e      0x1e0 ./board/clock_config.o
 .debug_abbrev  0x00003cee       0x61 ./board/peripherals.o
 .debug_abbrev  0x00003d4f      0x1a3 ./board/pin_mux.o
 .debug_abbrev  0x00003ef2       0x62 /opt/mcuxpresso-ide/ide/plugins/com.nxp.mcuxpresso.tools.linux_25.6.0.202501151204/tools/bin/../lib/gcc/arm-none-eabi/14.2.1/../../../../arm-none-eabi/lib/thumb/v6-m/nofp/libcr_nohost_nf.a(_cr__main.o)
 .debug_abbrev  0x00003f54       0xb3 /opt/mcuxpresso-ide/ide/plugins/com.nxp.mcuxpresso.tools.linux_25.6.0.202501151204/tools/bin/../lib/gcc/arm-none-eabi/14.2.1/../../../../arm-none-eabi/lib/thumb/v6-m/nofp/libcr_c.a(memcpy.o)
 .debug_abbrev  0x00004007       0xa5 /opt/mcuxpresso-ide/ide/plugins/com.nxp.mcuxpresso.tools.linux_25.6.0.202501151204/tools/bin/../lib/gcc/arm-none-eabi/14.2.1/../../../../arm-none-eabi/lib/thumb/v6-m/nofp/libcr_c.a(memset.o)
 .debug_abbrev  0x000040ac      0x27b /opt/mcuxpresso-ide/ide/plugins/com.nxp.mcuxpresso.tools.linux_25.6.0.202501151204/tools/bin/../lib/gcc/arm-none-eabi/14.2.1/../../../../arm-none-eabi/lib/thumb/v6-m/nofp/libcr_c.a(alloc.o)
 .debug_abbrev  0x00004327       0x44 /opt/mcuxpresso-ide/ide/plugins/com.nxp.mcuxpresso.tools.linux_25.6.0.202501151204/tools/bin/../lib/gcc/arm-none-eabi/14.2.1/../../../../arm-none-eabi/lib/thumb/v6-m/nofp/libcr_c.a(errno.o)
 .debug_abbrev  0x0000436b      0x14b /opt/mcuxpresso-ide/ide/plugins/com.nxp.mcuxpresso.tools.linux_25.6.0.202501151204/tools/bin/../lib/gcc/arm-none-eabi/14.2.1/../../../../arm-none-eabi/lib/thumb/v6-m/nofp/libcr_c.a(initio.o)
 .debug_abbrev  0x000044b6       0xe1 /opt/mcuxpresso-ide/ide/plugins/com.nxp.mcuxpresso.tools.linux_25.6.0.202501151204/tools/bin/../lib/gcc/arm-none-eabi/14.2.1/../../../../arm-none-eabi/lib/thumb/v6-m/nofp/libcr_c.a(setvbuf.o)
 .debug_abbrev  0x00004597       0xa5 /opt/mcuxpresso-ide/ide/plugins/com.nxp.mcuxpresso.tools.linux_25.6.0.202501151204/tools/bin/../lib/gcc/arm-none-eabi/14.2.1/../../../../arm-none-eabi/lib/thumb/v6-m/nofp/libcr_c.a(strlen.o)
 .debug_abbrev  0x0000463c      0x183 /opt/mcuxpresso-ide/ide/plugins/com.nxp.mcuxpresso.tools.linux_25.6.0.202501151204/tools/bin/../lib/gcc/arm-none-eabi/14.2.1/../../../../arm-none-eabi/lib/thumb/v6-m/nofp/libcr_c.a(_deferredlazyseek.o)
 .debug_abbrev  0x000047bf      0x119 /opt/mcuxpresso-ide/ide/plugins/com.nxp.mcuxpresso.tools.linux_25.6.0.202501151204/tools/bin/../lib/gcc/arm-none-eabi/14.2.1/../../../../arm-none-eabi/lib/thumb/v6-m/nofp/libcr_c.a(_fdopen.o)
 .debug_abbrev  0x000048d8       0xf1 /opt/mcuxpresso-ide/ide/plugins/com.nxp.mcuxpresso.tools.linux_25.6.0.202501151204/tools/bin/../lib/gcc/arm-none-eabi/14.2.1/../../../../arm-none-eabi/lib/thumb/v6-m/nofp/libcr_c.a(_fflush.o)
 .debug_abbrev  0x000049c9      0x126 /opt/mcuxpresso-ide/ide/plugins/com.nxp.mcuxpresso.tools.linux_25.6.0.202501151204/tools/bin/../lib/gcc/arm-none-eabi/14.2.1/../../../../arm-none-eabi/lib/thumb/v6-m/nofp/libcr_c.a(_writebuf.o)
 .debug_abbrev  0x00004aef      0x158 /opt/mcuxpresso-ide/ide/plugins/com.nxp.mcuxpresso.tools.linux_25.6.0.202501151204/tools/bin/../lib/gcc/arm-none-eabi/14.2.1/../../../../arm-none-eabi/lib/thumb/v6-m/nofp/libcr_c.a(fclose.o)
 .debug_abbrev  0x00004c47      0x122 /opt/mcuxpresso-ide/ide/plugins/com.nxp.mcuxpresso.tools.linux_25.6.0.202501151204/tools/bin/../lib/gcc/arm-none-eabi/14.2.1/../../../../arm-none-eabi/lib/thumb/v6-m/nofp/libcr_c.a(fflush.o)
 .debug_abbrev  0x00004d69      0x11b /opt/mcuxpresso-ide/ide/plugins/com.nxp.mcuxpresso.tools.linux_25.6.0.202501151204/tools/bin/../lib/gcc/arm-none-eabi/14.2.1/../../../../arm-none-eabi/lib/thumb/v6-m/nofp/libcr_c.a(fseek.o)
 .debug_abbrev  0x00004e84       0xc2 /opt/mcuxpresso-ide/ide/plugins/com.nxp.mcuxpresso.tools.linux_25.6.0.202501151204/tools/bin/../lib/gcc/arm-none-eabi/14.2.1/../../../../arm-none-eabi/lib/thumb/v6-m/nofp/libcr_c.a(ftell.o)
 .debug_abbrev  0x00004f46       0xed /opt/mcuxpresso-ide/ide/plugins/com.nxp.mcuxpresso.tools.linux_25.6.0.202501151204/tools/bin/../lib/gcc/arm-none-eabi/14.2.1/../../../../arm-none-eabi/lib/thumb/v6-m/nofp/libcr_c.a(remove.o)
 .debug_abbrev  0x00005033      0x12c /opt/mcuxpresso-ide/ide/plugins/com.nxp.mcuxpresso.tools.linux_25.6.0.202501151204/tools/bin/../lib/gcc/arm-none-eabi/14.2.1/../../../../arm-none-eabi/lib/thumb/v6-m/nofp/libcr_c.a(_do_fflush.o)
 .debug_abbrev  0x0000515f       0xb5 /opt/mcuxpresso-ide/ide/plugins/com.nxp.mcuxpresso.tools.linux_25.6.0.202501151204/tools/bin/../lib/gcc/arm-none-eabi/14.2.1/../../../../arm-none-eabi/lib/thumb/v6-m/nofp/libcr_nohost_nf.a(__ciob.o)
 .debug_abbrev  0x00005214       0x5c /opt/mcuxpresso-ide/ide/plugins/com.nxp.mcuxpresso.tools.linux_25.6.0.202501151204/tools/bin/../lib/gcc/arm-none-eabi/14.2.1/../../../../arm-none-eabi/lib/thumb/v6-m/nofp/libcr_nohost_nf.a(__sys_close.o)
 .debug_abbrev  0x00005270       0x5c /opt/mcuxpresso-ide/ide/plugins/com.nxp.mcuxpresso.tools.linux_25.6.0.202501151204/tools/bin/../lib/gcc/arm-none-eabi/14.2.1/../../../../arm-none-eabi/lib/thumb/v6-m/nofp/libcr_nohost_nf.a(__sys_flen.o)
 .debug_abbrev  0x000052cc       0x5c /opt/mcuxpresso-ide/ide/plugins/com.nxp.mcuxpresso.tools.linux_25.6.0.202501151204/tools/bin/../lib/gcc/arm-none-eabi/14.2.1/../../../../arm-none-eabi/lib/thumb/v6-m/nofp/libcr_nohost_nf.a(__sys_istty.o)
 .debug_abbrev  0x00005328       0x7d /opt/mcuxpresso-ide/ide/plugins/com.nxp.mcuxpresso.tools.linux_25.6.0.202501151204/tools/bin/../lib/gcc/arm-none-eabi/14.2.1/../../../../arm-none-eabi/lib/thumb/v6-m/nofp/libcr_nohost_nf.a(__sys_remove.o)
 .debug_abbrev  0x000053a5       0x6d /opt/mcuxpresso-ide/ide/plugins/com.nxp.mcuxpresso.tools.linux_25.6.0.202501151204/tools/bin/../lib/gcc/arm-none-eabi/14.2.1/../../../../arm-none-eabi/lib/thumb/v6-m/nofp/libcr_nohost_nf.a(__sys_seek.o)
 .debug_abbrev  0x00005412       0x76 /opt/mcuxpresso-ide/ide/plugins/com.nxp.mcuxpresso.tools.linux_25.6.0.202501151204/tools/bin/../lib/gcc/arm-none-eabi/14.2.1/../../../../arm-none-eabi/lib/thumb/v6-m/nofp/libcr_nohost_nf.a(__sys_tmpnam.o)

.debug_aranges  0x00000000     0x14c0
 .debug_aranges
                0x00000000       0xe8 ./utilities/str/fsl_str.o
 .debug_aranges
                0x000000e8       0xb8 ./utilities/debug_console/fsl_debug_console.o
 .debug_aranges
                0x000001a0       0x28 ./utilities/fsl_assert.o
 .debug_aranges
                0x000001c8      0x160 ./startup/startup_mcxc444.o
 .debug_aranges
                0x00000328       0x68 ./source/DHT.o
 .debug_aranges
                0x00000390       0x30 ./source/Medicine_Dispenser.o
 .debug_aranges
                0x000003c0       0x50 ./source/button.o
 .debug_aranges
                0x00000410       0x60 ./source/buzzer.o
 .debug_aranges
                0x00000470       0x20 ./source/freertos.o
 .debug_aranges
                0x00000490       0x70 ./source/heartbeat.o
 .debug_aranges
                0x00000500       0x38 ./source/interrupt.o
 .debug_aranges
                0x00000538       0x18 ./source/mtb.o
 .debug_aranges
                0x00000550       0x20 ./source/semihost_hardfault.o
 .debug_aranges
                0x00000570       0x48 ./source/servo.o
 .debug_aranges
                0x000005b8       0x30 ./source/timer.o
 .debug_aranges
                0x000005e8       0x68 ./source/uart.o
 .debug_aranges
                0x00000650       0x70 ./source/ultrasonic.o
 .debug_aranges
                0x000006c0       0x70 ./freertos/freertos-kernel/portable/MemMang/heap_4.o
 .debug_aranges
                0x00000730       0x70 ./freertos/freertos-kernel/portable/GCC/ARM_CM0/port.o
 .debug_aranges
                0x000007a0       0x60 ./freertos/freertos-kernel/portable/GCC/ARM_CM0/portasm.o
 .debug_aranges
                0x00000800       0x40 ./freertos/freertos-kernel/list.o
 .debug_aranges
                0x00000840      0x140 ./freertos/freertos-kernel/queue.o
 .debug_aranges
                0x00000980      0x238 ./freertos/freertos-kernel/tasks.o
 .debug_aranges
                0x00000bb8      0x108 ./freertos/freertos-kernel/timers.o
 .debug_aranges
                0x00000cc0       0xd0 ./drivers/fsl_clock.o
 .debug_aranges
                0x00000d90      0x190 ./drivers/fsl_lpuart.o
 .debug_aranges
                0x00000f20       0x30 ./device/system_MCXC444.o
 .debug_aranges
                0x00000f50       0x58 ./component/uart/fsl_adapter_lpuart.o
 .debug_aranges
                0x00000fa8       0xa0 ./component/serial_manager/fsl_component_serial_manager.o
 .debug_aranges
                0x00001048       0x48 ./component/serial_manager/fsl_component_serial_port_uart.o
 .debug_aranges
                0x00001090       0x28 ./board/board.o
 .debug_aranges
                0x000010b8       0x48 ./board/clock_config.o
 .debug_aranges
                0x00001100       0x28 ./board/peripherals.o
 .debug_aranges
                0x00001128       0x50 ./board/pin_mux.o
 .debug_aranges
                0x00001178       0x20 /opt/mcuxpresso-ide/ide/plugins/com.nxp.mcuxpresso.tools.linux_25.6.0.202501151204/tools/bin/../lib/gcc/arm-none-eabi/14.2.1/../../../../arm-none-eabi/lib/thumb/v6-m/nofp/libcr_nohost_nf.a(_cr__main.o)
 .debug_aranges
                0x00001198       0x20 /opt/mcuxpresso-ide/ide/plugins/com.nxp.mcuxpresso.tools.linux_25.6.0.202501151204/tools/bin/../lib/gcc/arm-none-eabi/14.2.1/../../../../arm-none-eabi/lib/thumb/v6-m/nofp/libcr_c.a(memcpy.o)
 .debug_aranges
                0x000011b8       0x20 /opt/mcuxpresso-ide/ide/plugins/com.nxp.mcuxpresso.tools.linux_25.6.0.202501151204/tools/bin/../lib/gcc/arm-none-eabi/14.2.1/../../../../arm-none-eabi/lib/thumb/v6-m/nofp/libcr_c.a(memset.o)
 .debug_aranges
                0x000011d8       0x40 /opt/mcuxpresso-ide/ide/plugins/com.nxp.mcuxpresso.tools.linux_25.6.0.202501151204/tools/bin/../lib/gcc/arm-none-eabi/14.2.1/../../../../arm-none-eabi/lib/thumb/v6-m/nofp/libcr_c.a(alloc.o)
 .debug_aranges
                0x00001218       0x18 /opt/mcuxpresso-ide/ide/plugins/com.nxp.mcuxpresso.tools.linux_25.6.0.202501151204/tools/bin/../lib/gcc/arm-none-eabi/14.2.1/../../../../arm-none-eabi/lib/thumb/v6-m/nofp/libcr_c.a(errno.o)
 .debug_aranges
                0x00001230       0x28 /opt/mcuxpresso-ide/ide/plugins/com.nxp.mcuxpresso.tools.linux_25.6.0.202501151204/tools/bin/../lib/gcc/arm-none-eabi/14.2.1/../../../../arm-none-eabi/lib/thumb/v6-m/nofp/libcr_c.a(initio.o)
 .debug_aranges
                0x00001258       0x20 /opt/mcuxpresso-ide/ide/plugins/com.nxp.mcuxpresso.tools.linux_25.6.0.202501151204/tools/bin/../lib/gcc/arm-none-eabi/14.2.1/../../../../arm-none-eabi/lib/thumb/v6-m/nofp/libcr_c.a(setvbuf.o)
 .debug_aranges
                0x00001278       0x20 /opt/mcuxpresso-ide/ide/plugins/com.nxp.mcuxpresso.tools.linux_25.6.0.202501151204/tools/bin/../lib/gcc/arm-none-eabi/14.2.1/../../../../arm-none-eabi/lib/thumb/v6-m/nofp/libcr_c.a(strlen.o)
 .debug_aranges
                0x00001298       0x28 /opt/mcuxpresso-ide/ide/plugins/com.nxp.mcuxpresso.tools.linux_25.6.0.202501151204/tools/bin/../lib/gcc/arm-none-eabi/14.2.1/../../../../arm-none-eabi/lib/thumb/v6-m/nofp/libcr_c.a(_deferredlazyseek.o)
 .debug_aranges
                0x000012c0       0x20 /opt/mcuxpresso-ide/ide/plugins/com.nxp.mcuxpresso.tools.linux_25.6.0.202501151204/tools/bin/../lib/gcc/arm-none-eabi/14.2.1/../../../../arm-none-eabi/lib/thumb/v6-m/nofp/libcr_c.a(_fdopen.o)
 .debug_aranges
                0x000012e0       0x20 /opt/mcuxpresso-ide/ide/plugins/com.nxp.mcuxpresso.tools.linux_25.6.0.202501151204/tools/bin/../lib/gcc/arm-none-eabi/14.2.1/../../../../arm-none-eabi/lib/thumb/v6-m/nofp/libcr_c.a(_fflush.o)
 .debug_aranges
                0x00001300       0x20 /opt/mcuxpresso-ide/ide/plugins/com.nxp.mcuxpresso.tools.linux_25.6.0.202501151204/tools/bin/../lib/gcc/arm-none-eabi/14.2.1/../../../../arm-none-eabi/lib/thumb/v6-m/nofp/libcr_c.a(_writebuf.o)
 .debug_aranges
                0x00001320       0x20 /opt/mcuxpresso-ide/ide/plugins/com.nxp.mcuxpresso.tools.linux_25.6.0.202501151204/tools/bin/../lib/gcc/arm-none-eabi/14.2.1/../../../../arm-none-eabi/lib/thumb/v6-m/nofp/libcr_c.a(fclose.o)
 .debug_aranges
                0x00001340       0x20 /opt/mcuxpresso-ide/ide/plugins/com.nxp.mcuxpresso.tools.linux_25.6.0.202501151204/tools/bin/../lib/gcc/arm-none-eabi/14.2.1/../../../../arm-none-eabi/lib/thumb/v6-m/nofp/libcr_c.a(fflush.o)
 .debug_aranges
                0x00001360       0x20 /opt/mcuxpresso-ide/ide/plugins/com.nxp.mcuxpresso.tools.linux_25.6.0.202501151204/tools/bin/../lib/gcc/arm-none-eabi/14.2.1/../../../../arm-none-eabi/lib/thumb/v6-m/nofp/libcr_c.a(fseek.o)
 .debug_aranges
                0x00001380       0x20 /opt/mcuxpresso-ide/ide/plugins/com.nxp.mcuxpresso.tools.linux_25.6.0.202501151204/tools/bin/../lib/gcc/arm-none-eabi/14.2.1/../../../../arm-none-eabi/lib/thumb/v6-m/nofp/libcr_c.a(ftell.o)
 .debug_aranges
                0x000013a0       0x28 /opt/mcuxpresso-ide/ide/plugins/com.nxp.mcuxpresso.tools.linux_25.6.0.202501151204/tools/bin/../lib/gcc/arm-none-eabi/14.2.1/../../../../arm-none-eabi/lib/thumb/v6-m/nofp/libcr_c.a(remove.o)
 .debug_aranges
                0x000013c8       0x20 /opt/mcuxpresso-ide/ide/plugins/com.nxp.mcuxpresso.tools.linux_25.6.0.202501151204/tools/bin/../lib/gcc/arm-none-eabi/14.2.1/../../../../arm-none-eabi/lib/thumb/v6-m/nofp/libcr_c.a(_do_fflush.o)
 .debug_aranges
                0x000013e8       0x18 /opt/mcuxpresso-ide/ide/plugins/com.nxp.mcuxpresso.tools.linux_25.6.0.202501151204/tools/bin/../lib/gcc/arm-none-eabi/14.2.1/../../../../arm-none-eabi/lib/thumb/v6-m/nofp/libcr_nohost_nf.a(__ciob.o)
 .debug_aranges
                0x00001400       0x20 /opt/mcuxpresso-ide/ide/plugins/com.nxp.mcuxpresso.tools.linux_25.6.0.202501151204/tools/bin/../lib/gcc/arm-none-eabi/14.2.1/../../../../arm-none-eabi/lib/thumb/v6-m/nofp/libcr_nohost_nf.a(__sys_close.o)
 .debug_aranges
                0x00001420       0x20 /opt/mcuxpresso-ide/ide/plugins/com.nxp.mcuxpresso.tools.linux_25.6.0.202501151204/tools/bin/../lib/gcc/arm-none-eabi/14.2.1/../../../../arm-none-eabi/lib/thumb/v6-m/nofp/libcr_nohost_nf.a(__sys_flen.o)
 .debug_aranges
                0x00001440       0x20 /opt/mcuxpresso-ide/ide/plugins/com.nxp.mcuxpresso.tools.linux_25.6.0.202501151204/tools/bin/../lib/gcc/arm-none-eabi/14.2.1/../../../../arm-none-eabi/lib/thumb/v6-m/nofp/libcr_nohost_nf.a(__sys_istty.o)
 .debug_aranges
                0x00001460       0x20 /opt/mcuxpresso-ide/ide/plugins/com.nxp.mcuxpresso.tools.linux_25.6.0.202501151204/tools/bin/../lib/gcc/arm-none-eabi/14.2.1/../../../../arm-none-eabi/lib/thumb/v6-m/nofp/libcr_nohost_nf.a(__sys_remove.o)
 .debug_aranges
                0x00001480       0x20 /opt/mcuxpresso-ide/ide/plugins/com.nxp.mcuxpresso.tools.linux_25.6.0.202501151204/tools/bin/../lib/gcc/arm-none-eabi/14.2.1/../../../../arm-none-eabi/lib/thumb/v6-m/nofp/libcr_nohost_nf.a(__sys_seek.o)
 .debug_aranges
                0x000014a0       0x20 /opt/mcuxpresso-ide/ide/plugins/com.nxp.mcuxpresso.tools.linux_25.6.0.202501151204/tools/bin/../lib/gcc/arm-none-eabi/14.2.1/../../../../arm-none-eabi/lib/thumb/v6-m/nofp/libcr_nohost_nf.a(__sys_tmpnam.o)

.debug_ranges   0x00000000     0x1200
 .debug_ranges  0x00000000      0x108 ./utilities/str/fsl_str.o
 .debug_ranges  0x00000108       0xa8 ./utilities/debug_console/fsl_debug_console.o
 .debug_ranges  0x000001b0       0x18 ./utilities/fsl_assert.o
 .debug_ranges  0x000001c8      0x150 ./startup/startup_mcxc444.o
 .debug_ranges  0x00000318       0x58 ./source/DHT.o
 .debug_ranges  0x00000370       0x20 ./source/Medicine_Dispenser.o
 .debug_ranges  0x00000390       0x40 ./source/button.o
 .debug_ranges  0x000003d0       0x50 ./source/buzzer.o
 .debug_ranges  0x00000420       0x10 ./source/freertos.o
 .debug_ranges  0x00000430       0x60 ./source/heartbeat.o
 .debug_ranges  0x00000490       0x28 ./source/interrupt.o
 .debug_ranges  0x000004b8       0x10 ./source/semihost_hardfault.o
 .debug_ranges  0x000004c8       0x38 ./source/servo.o
 .debug_ranges  0x00000500       0x20 ./source/timer.o
 .debug_ranges  0x00000520       0x58 ./source/uart.o
 .debug_ranges  0x00000578       0x60 ./source/ultrasonic.o
 .debug_ranges  0x000005d8       0x60 ./freertos/freertos-kernel/portable/MemMang/heap_4.o
 .debug_ranges  0x00000638       0x60 ./freertos/freertos-kernel/portable/GCC/ARM_CM0/port.o
 .debug_ranges  0x00000698       0x50 ./freertos/freertos-kernel/portable/GCC/ARM_CM0/portasm.o
 .debug_ranges  0x000006e8       0x30 ./freertos/freertos-kernel/list.o
 .debug_ranges  0x00000718      0x130 ./freertos/freertos-kernel/queue.o
 .debug_ranges  0x00000848      0x248 ./freertos/freertos-kernel/tasks.o
 .debug_ranges  0x00000a90       0xf8 ./freertos/freertos-kernel/timers.o
 .debug_ranges  0x00000b88       0xc0 ./drivers/fsl_clock.o
 .debug_ranges  0x00000c48      0x180 ./drivers/fsl_lpuart.o
 .debug_ranges  0x00000dc8       0x20 ./device/system_MCXC444.o
 .debug_ranges  0x00000de8       0x48 ./component/uart/fsl_adapter_lpuart.o
 .debug_ranges  0x00000e30       0x90 ./component/serial_manager/fsl_component_serial_manager.o
 .debug_ranges  0x00000ec0       0x38 ./component/serial_manager/fsl_component_serial_port_uart.o
 .debug_ranges  0x00000ef8       0x18 ./board/board.o
 .debug_ranges  0x00000f10       0x38 ./board/clock_config.o
 .debug_ranges  0x00000f48       0x18 ./board/peripherals.o
 .debug_ranges  0x00000f60       0x40 ./board/pin_mux.o
 .debug_ranges  0x00000fa0       0x10 /opt/mcuxpresso-ide/ide/plugins/com.nxp.mcuxpresso.tools.linux_25.6.0.202501151204/tools/bin/../lib/gcc/arm-none-eabi/14.2.1/../../../../arm-none-eabi/lib/thumb/v6-m/nofp/libcr_nohost_nf.a(_cr__main.o)
 .debug_ranges  0x00000fb0       0x10 /opt/mcuxpresso-ide/ide/plugins/com.nxp.mcuxpresso.tools.linux_25.6.0.202501151204/tools/bin/../lib/gcc/arm-none-eabi/14.2.1/../../../../arm-none-eabi/lib/thumb/v6-m/nofp/libcr_c.a(memcpy.o)
 .debug_ranges  0x00000fc0       0x10 /opt/mcuxpresso-ide/ide/plugins/com.nxp.mcuxpresso.tools.linux_25.6.0.202501151204/tools/bin/../lib/gcc/arm-none-eabi/14.2.1/../../../../arm-none-eabi/lib/thumb/v6-m/nofp/libcr_c.a(memset.o)
 .debug_ranges  0x00000fd0       0x50 /opt/mcuxpresso-ide/ide/plugins/com.nxp.mcuxpresso.tools.linux_25.6.0.202501151204/tools/bin/../lib/gcc/arm-none-eabi/14.2.1/../../../../arm-none-eabi/lib/thumb/v6-m/nofp/libcr_c.a(alloc.o)
 .debug_ranges  0x00001020       0x38 /opt/mcuxpresso-ide/ide/plugins/com.nxp.mcuxpresso.tools.linux_25.6.0.202501151204/tools/bin/../lib/gcc/arm-none-eabi/14.2.1/../../../../arm-none-eabi/lib/thumb/v6-m/nofp/libcr_c.a(initio.o)
 .debug_ranges  0x00001058       0x10 /opt/mcuxpresso-ide/ide/plugins/com.nxp.mcuxpresso.tools.linux_25.6.0.202501151204/tools/bin/../lib/gcc/arm-none-eabi/14.2.1/../../../../arm-none-eabi/lib/thumb/v6-m/nofp/libcr_c.a(setvbuf.o)
 .debug_ranges  0x00001068       0x28 /opt/mcuxpresso-ide/ide/plugins/com.nxp.mcuxpresso.tools.linux_25.6.0.202501151204/tools/bin/../lib/gcc/arm-none-eabi/14.2.1/../../../../arm-none-eabi/lib/thumb/v6-m/nofp/libcr_c.a(strlen.o)
 .debug_ranges  0x00001090       0x48 /opt/mcuxpresso-ide/ide/plugins/com.nxp.mcuxpresso.tools.linux_25.6.0.202501151204/tools/bin/../lib/gcc/arm-none-eabi/14.2.1/../../../../arm-none-eabi/lib/thumb/v6-m/nofp/libcr_c.a(_deferredlazyseek.o)
 .debug_ranges  0x000010d8       0x10 /opt/mcuxpresso-ide/ide/plugins/com.nxp.mcuxpresso.tools.linux_25.6.0.202501151204/tools/bin/../lib/gcc/arm-none-eabi/14.2.1/../../../../arm-none-eabi/lib/thumb/v6-m/nofp/libcr_c.a(_fdopen.o)
 .debug_ranges  0x000010e8       0x10 /opt/mcuxpresso-ide/ide/plugins/com.nxp.mcuxpresso.tools.linux_25.6.0.202501151204/tools/bin/../lib/gcc/arm-none-eabi/14.2.1/../../../../arm-none-eabi/lib/thumb/v6-m/nofp/libcr_c.a(_fflush.o)
 .debug_ranges  0x000010f8       0x10 /opt/mcuxpresso-ide/ide/plugins/com.nxp.mcuxpresso.tools.linux_25.6.0.202501151204/tools/bin/../lib/gcc/arm-none-eabi/14.2.1/../../../../arm-none-eabi/lib/thumb/v6-m/nofp/libcr_c.a(_writebuf.o)
 .debug_ranges  0x00001108       0x10 /opt/mcuxpresso-ide/ide/plugins/com.nxp.mcuxpresso.tools.linux_25.6.0.202501151204/tools/bin/../lib/gcc/arm-none-eabi/14.2.1/../../../../arm-none-eabi/lib/thumb/v6-m/nofp/libcr_c.a(fclose.o)
 .debug_ranges  0x00001118       0x28 /opt/mcuxpresso-ide/ide/plugins/com.nxp.mcuxpresso.tools.linux_25.6.0.202501151204/tools/bin/../lib/gcc/arm-none-eabi/14.2.1/../../../../arm-none-eabi/lib/thumb/v6-m/nofp/libcr_c.a(fflush.o)
 .debug_ranges  0x00001140       0x10 /opt/mcuxpresso-ide/ide/plugins/com.nxp.mcuxpresso.tools.linux_25.6.0.202501151204/tools/bin/../lib/gcc/arm-none-eabi/14.2.1/../../../../arm-none-eabi/lib/thumb/v6-m/nofp/libcr_c.a(fseek.o)
 .debug_ranges  0x00001150       0x10 /opt/mcuxpresso-ide/ide/plugins/com.nxp.mcuxpresso.tools.linux_25.6.0.202501151204/tools/bin/../lib/gcc/arm-none-eabi/14.2.1/../../../../arm-none-eabi/lib/thumb/v6-m/nofp/libcr_c.a(ftell.o)
 .debug_ranges  0x00001160       0x18 /opt/mcuxpresso-ide/ide/plugins/com.nxp.mcuxpresso.tools.linux_25.6.0.202501151204/tools/bin/../lib/gcc/arm-none-eabi/14.2.1/../../../../arm-none-eabi/lib/thumb/v6-m/nofp/libcr_c.a(remove.o)
 .debug_ranges  0x00001178       0x28 /opt/mcuxpresso-ide/ide/plugins/com.nxp.mcuxpresso.tools.linux_25.6.0.202501151204/tools/bin/../lib/gcc/arm-none-eabi/14.2.1/../../../../arm-none-eabi/lib/thumb/v6-m/nofp/libcr_c.a(_do_fflush.o)
 .debug_ranges  0x000011a0       0x10 /opt/mcuxpresso-ide/ide/plugins/com.nxp.mcuxpresso.tools.linux_25.6.0.202501151204/tools/bin/../lib/gcc/arm-none-eabi/14.2.1/../../../../arm-none-eabi/lib/thumb/v6-m/nofp/libcr_nohost_nf.a(__sys_close.o)
 .debug_ranges  0x000011b0       0x10 /opt/mcuxpresso-ide/ide/plugins/com.nxp.mcuxpresso.tools.linux_25.6.0.202501151204/tools/bin/../lib/gcc/arm-none-eabi/14.2.1/../../../../arm-none-eabi/lib/thumb/v6-m/nofp/libcr_nohost_nf.a(__sys_flen.o)