12:20:41 **** Incremental Build of configuration Debug for project Medicine_Dispenser ****
make -r -j18 all 
Building target: Medicine_Dispenser.axf
Invoking: MCU Linker
arm-none-eabi-gcc -nostdlib -Xlinker -Map="Medicine_Dispenser.map" -Xlinker --gc-sections -Xlinker -print-memory-usage -Xlinker --sort-section=alignment -Xlinker --cref -mcpu=cortex-m0plus -mthumb -T Medicine_Dispenser_Debug.ld -o "Medicine_Dispenser.axf" ./utilities/str/fsl_str.o  ./utilities/debug_console/fsl_debug_console.o  ./utilities/fsl_assert.o  ./startup/startup_mcxc444.o  ./source/DHT.o ./source/Medicine_Dispenser.o ./source/button.o ./source/buzzer.o ./source/freertos.o ./source/heartbeat.o ./source/interrupt.o ./source/mtb.o ./source/semihost_hardfault.o ./source/servo.o ./source/timer.o ./source/uart.o ./source/ultrasonic.o  ./freertos/freertos-kernel/portable/MemMang/heap_4.o  ./freertos/freertos-kernel/portable/GCC/ARM_CM0/mpu_wrappers_v2_asm.o ./freertos/freertos-kernel/portable/GCC/ARM_CM0/port.o ./freertos/freertos-kernel/portable/GCC/ARM_CM0/portasm.o  ./freertos/freertos-kernel/croutine.o ./freertos/freertos-kernel/event_groups.o ./freertos/freertos-kernel/list.o ./freertos/freertos-kernel/queue.o ./freertos/freertos-kernel/stream_buffer.o ./freertos/freertos-kernel/tasks.o ./freertos/freertos-kernel/timers.o  ./drivers/fsl_clock.o ./drivers/fsl_common.o ./drivers/fsl_common_arm.o ./drivers/fsl_gpio.o ./drivers/fsl_lpuart.o ./drivers/fsl_smc.o  ./device/system_MCXC444.o  ./component/uart/fsl_adapter_lpuart.o  ./component/serial_manager/fsl_component_serial_manager.o ./component/serial_manager/fsl_component_serial_port_uart.o  ./component/lists/fsl_component_generic_list.o  ./board/board.o ./board/clock_config.o ./board/peripherals.o ./board/pin_mux.o   
Memory region         Used Size  Region Size  %age Used
   PROGRAM_FLASH:       30312 B       256 KB     11.56%
            SRAM:       15232 B        32 KB     46.48%
Finished building target: Medicine_Dispenser.axf
 
Performing post-build steps
arm-none-eabi-size "Medicine_Dispenser.axf"; # arm-none-eabi-objcopy -v -O binary "Medicine_Dispenser.axf" "Medicine_Dispenser.bin" ; # checksum -p MCXC444 -d "Medicine_Dispenser.bin";
   text	   data	    bss	    dec	    hex	filename
  30300	     12	  15220	  45532	   b1dc	Medicine_Dispenser.axf
 
12:21:25 **** Incremental Build of configuration Debug for project Medicine_Dispenser ****
make -r -j18 all 
make[1]: Nothing to be done for 'main-build'.
Performing post-build steps
arm-none-eabi-size "Medicine_Dispenser.axf"; # arm-none-eabi-objcopy -v -O binary "Medicine_Dispenser.axf" "Medicine_Dispenser.bin" ; # checksum -p MCXC444 -d "Medicine_Dispenser.bin";
   text	   data	    bss	    dec	    hex	filename
  30300	     12	  15220	  45532	   b1dc	Medicine_Dispenser.axf
 
12:35:15 **** Incremental Build of configuration Debug for project Medicine_Dispenser ****
make -r -j18 all 
Building file: ../utilities/debug_console/fsl_debug_console.c
Building file: ../utilities/fsl_assert.c
Building file: ../source/DHT.c
Invoking: MCU C Compiler
Building file: ../source/Medicine_Dispenser.c
arm-none-eabi-gcc -DCPU_MCXC444VLH -DCPU_MCXC444VLH_cm0plus -DSDK_OS_BAREMETAL -DSDK_DEBUGCONSOLE=1 -DCR_INTEGER_PRINTF -DPRINTF_FLOAT_ENABLE=0 -DSDK_DEBUGCONSOLE_UART -DSERIAL_PORT_TYPE_UART=1 -DSDK_OS_FREE_RTOS -D__MCUXPRESSO -D__USE_CMSIS -DDEBUG -D__REDLIB__ -I"/home/fookang/NUS/CG2271/Labs Answer/CG2271_git/Project/Medicine_Dispenser/board" -I"/home/fookang/NUS/CG2271/Labs Answer/CG2271_git/Project/Medicine_Dispenser/source" -I"/home/fookang/NUS/CG2271/Labs Answer/CG2271_git/Project/Medicine_Dispenser/drivers" -I"/home/fookang/NUS/CG2271/Labs Answer/CG2271_git/Project/Medicine_Dispenser/CMSIS" -I"/home/fookang/NUS/CG2271/Labs Answer/CG2271_git/Project/Medicine_Dispenser/CMSIS/m-profile" -I"/home/fookang/NUS/CG2271/Labs Answer/CG2271_git/Project/Medicine_Dispenser/utilities" -I"/home/fookang/NUS/CG2271/Labs Answer/CG2271_git/Project/Medicine_Dispenser/utilities/debug_console/config" -I"/home/fookang/NUS/CG2271/Labs Answer/CG2271_git/Project/Medicine_Dispenser/device" -I"/home/fookang/NUS/CG2271/Labs Answer/CG2271_git/Project/Medicine_Dispenser/device/periph2" -I"/home/fookang/NUS/CG2271/Labs Answer/CG2271_git/Project/Medicine_Dispenser/utilities/debug_console" -I"/home/fookang/NUS/CG2271/Labs Answer/CG2271_git/Project/Medicine_Dispenser/component/serial_manager" -I"/home/fookang/NUS/CG2271/Labs Answer/CG2271_git/Project/Medicine_Dispenser/component/lists" -I"/home/fookang/NUS/CG2271/Labs Answer/CG2271_git/Project/Medicine_Dispenser/utilities/str" -I"/home/fookang/NUS/CG2271/Labs Answer/CG2271_git/Project/Medicine_Dispenser/component/uart" -I"/home/fookang/NUS/CG2271/Labs Answer/CG2271_git/Project/Medicine_Dispenser/freertos/freertos-kernel/include" -I"/home/fookang/NUS/CG2271/Labs Answer/CG2271_git/Project/Medicine_Dispenser/freertos/freertos-kernel/portable/GCC/ARM_CM0" -I"/home/fookang/NUS/CG2271/Labs Answer/CG2271_git/Project/Medicine_Dispenser/freertos/freertos-kernel/template" -I"/home/fookang/NUS/CG2271/Labs Answer/CG2271_git/Project/Medicine_Dispenser/freertos/freertos-kernel/template/ARM_CM0" -I"/home/fookang/NUS/CG2271/Labs Answer/CG2271_git/Project/Medicine_Dispenser/Inc" -O0 -fno-common -g3 -gdwarf-4 -Wall -c -ffunction-sections -fdata-sections -fno-builtin -fmerge-constants -fmacro-prefix-map="../utilities/debug_console/"= -mcpu=cortex-m0plus -mthumb -D__REDLIB__ -fstack-usage -specs=redlib.specs -MMD -MP -MF"utilities/debug_console/fsl_debug_console.d" -MT"utilities/debug_console/fsl_debug_console.o" -MT"utilities/debug_console/fsl_debug_console.d" -o "utilities/debug_console/fsl_debug_console.o" "../utilities/debug_console/fsl_debug_console.c"
Invoking: MCU C Compiler
Invoking: MCU C Compiler
arm-none-eabi-gcc -DCPU_MCXC444VLH -DCPU_MCXC444VLH_cm0plus -DSDK_OS_BAREMETAL -DSDK_DEBUGCONSOLE=1 -DCR_INTEGER_PRINTF -DPRINTF_FLOAT_ENABLE=0 -DSDK_DEBUGCONSOLE_UART -DSERIAL_PORT_TYPE_UART=1 -DSDK_OS_FREE_RTOS -D__MCUXPRESSO -D__USE_CMSIS -DDEBUG -D__REDLIB__ -I"/home/fookang/NUS/CG2271/Labs Answer/CG2271_git/Project/Medicine_Dispenser/board" -I"/home/fookang/NUS/CG2271/Labs Answer/CG2271_git/Project/Medicine_Dispenser/source" -I"/home/fookang/NUS/CG2271/Labs Answer/CG2271_git/Project/Medicine_Dispenser/drivers" -I"/home/fookang/NUS/CG2271/Labs Answer/CG2271_git/Project/Medicine_Dispenser/CMSIS" -I"/home/fookang/NUS/CG2271/Labs Answer/CG2271_git/Project/Medicine_Dispenser/CMSIS/m-profile" -I"/home/fookang/NUS/CG2271/Labs Answer/CG2271_git/Project/Medicine_Dispenser/utilities" -I"/home/fookang/NUS/CG2271/Labs Answer/CG2271_git/Project/Medicine_Dispenser/utilities/debug_console/config" -I"/home/fookang/NUS/CG2271/Labs Answer/CG2271_git/Project/Medicine_Dispenser/device" -I"/home/fookang/NUS/CG2271/Labs Answer/CG2271_git/Project/Medicine_Dispenser/device/periph2" -I"/home/fookang/NUS/CG2271/Labs Answer/CG2271_git/Project/Medicine_Dispenser/utilities/debug_console" -I"/home/fookang/NUS/CG2271/Labs Answer/CG2271_git/Project/Medicine_Dispenser/component/serial_manager" -I"/home/fookang/NUS/CG2271/Labs Answer/CG2271_git/Project/Medicine_Dispenser/component/lists" -I"/home/fookang/NUS/CG2271/Labs Answer/CG2271_git/Project/Medicine_Dispenser/utilities/str" -I"/home/fookang/NUS/CG2271/Labs Answer/CG2271_git/Project/Medicine_Dispenser/component/uart" -I"/home/fookang/NUS/CG2271/Labs Answer/CG2271_git/Project/Medicine_Dispenser/freertos/freertos-kernel/include" -I"/home/fookang/NUS/CG2271/Labs Answer/CG2271_git/Project/Medicine_Dispenser/freertos/freertos-kernel/portable/GCC/ARM_CM0" -I"/home/fookang/NUS/CG2271/Labs Answer/CG2271_git/Project/Medicine_Dispenser/freertos/freertos-kernel/template" -I"/home/fookang/NUS/CG2271/Labs Answer/CG2271_git/Project/Medicine_Dispenser/freertos/freertos-kernel/template/ARM_CM0" -I"/home/fookang/NUS/CG2271/Labs Answer/CG2271_git/Project/Medicine_Dispenser/Inc" -O0 -fno-common -g3 -gdwarf-4 -Wall -c -ffunction-sections -fdata-sections -fno-builtin -fmerge-constants -fmacro-prefix-map="../utilities/"= -mcpu=cortex-m0plus -mthumb -D__REDLIB__ -fstack-usage -specs=redlib.specs -MMD -MP -MF"utilities/fsl_assert.d" -MT"utilities/fsl_assert.o" -MT"utilities/fsl_assert.d" -o "utilities/fsl_assert.o" "../utilities/fsl_assert.c"
arm-none-eabi-gcc -DCPU_MCXC444VLH -DCPU_MCXC444VLH_cm0plus -DSDK_OS_BAREMETAL -DSDK_DEBUGCONSOLE=1 -DCR_INTEGER_PRINTF -DPRINTF_FLOAT_ENABLE=0 -DSDK_DEBUGCONSOLE_UART -DSERIAL_PORT_TYPE_UART=1 -DSDK_OS_FREE_RTOS -D__MCUXPRESSO -D__USE_CMSIS -DDEBUG -D__REDLIB__ -I"/home/fookang/NUS/CG2271/Labs Answer/CG2271_git/Project/Medicine_Dispenser/board" -I"/home/fookang/NUS/CG2271/Labs Answer/CG2271_git/Project/Medicine_Dispenser/source" -I"/home/fookang/NUS/CG2271/Labs Answer/CG2271_git/Project/Medicine_Dispenser/drivers" -I"/home/fookang/NUS/CG2271/Labs Answer/CG2271_git/Project/Medicine_Dispenser/CMSIS" -I"/home/fookang/NUS/CG2271/Labs Answer/CG2271_git/Project/Medicine_Dispenser/CMSIS/m-profile" -I"/home/fookang/NUS/CG2271/Labs Answer/CG2271_git/Project/Medicine_Dispenser/utilities" -I"/home/fookang/NUS/CG2271/Labs Answer/CG2271_git/Project/Medicine_Dispenser/utilities/debug_console/config" -I"/home/fookang/NUS/CG2271/Labs Answer/CG2271_git/Project/Medicine_Dispenser/device" -I"/home/fookang/NUS/CG2271/Labs Answer/CG2271_git/Project/Medicine_Dispenser/device/periph2" -I"/home/fookang/NUS/CG2271/Labs Answer/CG2271_git/Project/Medicine_Dispenser/utilities/debug_console" -I"/home/fookang/NUS/CG2271/Labs Answer/CG2271_git/Project/Medicine_Dispenser/component/serial_manager" -I"/home/fookang/NUS/CG2271/Labs Answer/CG2271_git/Project/Medicine_Dispenser/component/lists" -I"/home/fookang/NUS/CG2271/Labs Answer/CG2271_git/Project/Medicine_Dispenser/utilities/str" -I"/home/fookang/NUS/CG2271/Labs Answer/CG2271_git/Project/Medicine_Dispenser/component/uart" -I"/home/fookang/NUS/CG2271/Labs Answer/CG2271_git/Project/Medicine_Dispenser/freertos/freertos-kernel/include" -I"/home/fookang/NUS/CG2271/Labs Answer/CG2271_git/Project/Medicine_Dispenser/freertos/freertos-kernel/portable/GCC/ARM_CM0" -I"/home/fookang/NUS/CG2271/Labs Answer/CG2271_git/Project/Medicine_Dispenser/freertos/freertos-kernel/template" -I"/home/fookang/NUS/CG2271/Labs Answer/CG2271_git/Project/Medicine_Dispenser/freertos/freertos-kernel/template/ARM_CM0" -I"/home/fookang/NUS/CG2271/Labs Answer/CG2271_git/Project/Medicine_Dispenser/Inc" -O0 -fno-common -g3 -gdwarf-4 -Wall -c -ffunction-sections -fdata-sections -fno-builtin -fmerge-constants -fmacro-prefix-map="../source/"= -mcpu=cortex-m0plus -mthumb -D__REDLIB__ -fstack-usage -specs=redlib.specs -MMD -MP -MF"source/DHT.d" -MT"source/DHT.o" -MT"source/DHT.d" -o "source/DHT.o" "../source/DHT.c"
Invoking: MCU C Compiler
Building file: ../source/button.c
arm-none-eabi-gcc -DCPU_MCXC444VLH -DCPU_MCXC444VLH_cm0plus -DSDK_OS_BAREMETAL -DSDK_DEBUGCONSOLE=1 -DCR_INTEGER_PRINTF -DPRINTF_FLOAT_ENABLE=0 -DSDK_DEBUGCONSOLE_UART -DSERIAL_PORT_TYPE_UART=1 -DSDK_OS_FREE_RTOS -D__MCUXPRESSO -D__USE_CMSIS -DDEBUG -D__REDLIB__ -I"/home/fookang/NUS/CG2271/Labs Answer/CG2271_git/Project/Medicine_Dispenser/board" -I"/home/fookang/NUS/CG2271/Labs Answer/CG2271_git/Project/Medicine_Dispenser/source" -I"/home/fookang/NUS/CG2271/Labs Answer/CG2271_git/Project/Medicine_Dispenser/drivers" -I"/home/fookang/NUS/CG2271/Labs Answer/CG2271_git/Project/Medicine_Dispenser/CMSIS" -I"/home/fookang/NUS/CG2271/Labs Answer/CG2271_git/Project/Medicine_Dispenser/CMSIS/m-profile" -I"/home/fookang/NUS/CG2271/Labs Answer/CG2271_git/Project/Medicine_Dispenser/utilities" -I"/home/fookang/NUS/CG2271/Labs Answer/CG2271_git/Project/Medicine_Dispenser/utilities/debug_console/config" -I"/home/fookang/NUS/CG2271/Labs Answer/CG2271_git/Project/Medicine_Dispenser/device" -I"/home/fookang/NUS/CG2271/Labs Answer/CG2271_git/Project/Medicine_Dispenser/device/periph2" -I"/home/fookang/NUS/CG2271/Labs Answer/CG2271_git/Project/Medicine_Dispenser/utilities/debug_console" -I"/home/fookang/NUS/CG2271/Labs Answer/CG2271_git/Project/Medicine_Dispenser/component/serial_manager" -I"/home/fookang/NUS/CG2271/Labs Answer/CG2271_git/Project/Medicine_Dispenser/component/lists" -I"/home/fookang/NUS/CG2271/Labs Answer/CG2271_git/Project/Medicine_Dispenser/utilities/str" -I"/home/fookang/NUS/CG2271/Labs Answer/CG2271_git/Project/Medicine_Dispenser/component/uart" -I"/home/fookang/NUS/CG2271/Labs Answer/CG2271_git/Project/Medicine_Dispenser/freertos/freertos-kernel/include" -I"/home/fookang/NUS/CG2271/Labs Answer/CG2271_git/Project/Medicine_Dispenser/freertos/freertos-kernel/portable/GCC/ARM_CM0" -I"/home/fookang/NUS/CG2271/Labs Answer/CG2271_git/Project/Medicine_Dispenser/freertos/freertos-kernel/template" -I"/home/fookang/NUS/CG2271/Labs Answer/CG2271_git/Project/Medicine_Dispenser/freertos/freertos-kernel/template/ARM_CM0" -I"/home/fookang/NUS/CG2271/Labs Answer/CG2271_git/Project/Medicine_Dispenser/Inc" -O0 -fno-common -g3 -gdwarf-4 -Wall -c -ffunction-sections -fdata-sections -fno-builtin -fmerge-constants -fmacro-prefix-map="../source/"= -mcpu=cortex-m0plus -mthumb -D__REDLIB__ -fstack-usage -specs=redlib.specs -MMD -MP -MF"source/Medicine_Dispenser.d" -MT"source/Medicine_Dispenser.o" -MT"source/Medicine_Dispenser.d" -o "source/Medicine_Dispenser.o" "../source/Medicine_Dispenser.c"
Invoking: MCU C Compiler
arm-none-eabi-gcc -DCPU_MCXC444VLH -DCPU_MCXC444VLH_cm0plus -DSDK_OS_BAREMETAL -DSDK_DEBUGCONSOLE=1 -DCR_INTEGER_PRINTF -DPRINTF_FLOAT_ENABLE=0 -DSDK_DEBUGCONSOLE_UART -DSERIAL_PORT_TYPE_UART=1 -DSDK_OS_FREE_RTOS -D__MCUXPRESSO -D__USE_CMSIS -DDEBUG -D__REDLIB__ -I"/home/fookang/NUS/CG2271/Labs Answer/CG2271_git/Project/Medicine_Dispenser/board" -I"/home/fookang/NUS/CG2271/Labs Answer/CG2271_git/Project/Medicine_Dispenser/source" -I"/home/fookang/NUS/CG2271/Labs Answer/CG2271_git/Project/Medicine_Dispenser/drivers" -I"/home/fookang/NUS/CG2271/Labs Answer/CG2271_git/Project/Medicine_Dispenser/CMSIS" -I"/home/fookang/NUS/CG2271/Labs Answer/CG2271_git/Project/Medicine_Dispenser/CMSIS/m-profile" -I"/home/fookang/NUS/CG2271/Labs Answer/CG2271_git/Project/Medicine_Dispenser/utilities" -I"/home/fookang/NUS/CG2271/Labs Answer/CG2271_git/Project/Medicine_Dispenser/utilities/debug_console/config" -I"/home/fookang/NUS/CG2271/Labs Answer/CG2271_git/Project/Medicine_Dispenser/device" -I"/home/fookang/NUS/CG2271/Labs Answer/CG2271_git/Project/Medicine_Dispenser/device/periph2" -I"/home/fookang/NUS/CG2271/Labs Answer/CG2271_git/Project/Medicine_Dispenser/utilities/debug_console" -I"/home/fookang/NUS/CG2271/Labs Answer/CG2271_git/Project/Medicine_Dispenser/component/serial_manager" -I"/home/fookang/NUS/CG2271/Labs Answer/CG2271_git/Project/Medicine_Dispenser/component/lists" -I"/home/fookang/NUS/CG2271/Labs Answer/CG2271_git/Project/Medicine_Dispenser/utilities/str" -I"/home/fookang/NUS/CG2271/Labs Answer/CG2271_git/Project/Medicine_Dispenser/component/uart" -I"/home/fookang/NUS/CG2271/Labs Answer/CG2271_git/Project/Medicine_Dispenser/freertos/freertos-kernel/include" -I"/home/fookang/NUS/CG2271/Labs Answer/CG2271_git/Project/Medicine_Dispenser/freertos/freertos-kernel/portable/GCC/ARM_CM0" -I"/home/fookang/NUS/CG2271/Labs Answer/CG2271_git/Project/Medicine_Dispenser/freertos/freertos-kernel/template" -I"/home/fookang/NUS/CG2271/Labs Answer/CG2271_git/Project/Medicine_Dispenser/freertos/freertos-kernel/template/ARM_CM0" -I"/home/fookang/NUS/CG2271/Labs Answer/CG2271_git/Project/Medicine_Dispenser/Inc" -O0 -fno-common -g3 -gdwarf-4 -Wall -c -ffunction-sections -fdata-sections -fno-builtin -fmerge-constants -fmacro-prefix-map="../source/"= -mcpu=cortex-m0plus -mthumb -D__REDLIB__ -fstack-usage -specs=redlib.specs -MMD -MP -MF"source/button.d" -MT"source/button.o" -MT"source/button.d" -o "source/button.o" "../source/button.c"
Building file: ../source/buzzer.c
Building file: ../source/freertos.c
Invoking: MCU C Compiler
arm-none-eabi-gcc -DCPU_MCXC444VLH -DCPU_MCXC444VLH_cm0plus -DSDK_OS_BAREMETAL -DSDK_DEBUGCONSOLE=1 -DCR_INTEGER_PRINTF -DPRINTF_FLOAT_ENABLE=0 -DSDK_DEBUGCONSOLE_UART -DSERIAL_PORT_TYPE_UART=1 -DSDK_OS_FREE_RTOS -D__MCUXPRESSO -D__USE_CMSIS -DDEBUG -D__REDLIB__ -I"/home/fookang/NUS/CG2271/Labs Answer/CG2271_git/Project/Medicine_Dispenser/board" -I"/home/fookang/NUS/CG2271/Labs Answer/CG2271_git/Project/Medicine_Dispenser/source" -I"/home/fookang/NUS/CG2271/Labs Answer/CG2271_git/Project/Medicine_Dispenser/drivers" -I"/home/fookang/NUS/CG2271/Labs Answer/CG2271_git/Project/Medicine_Dispenser/CMSIS" -I"/home/fookang/NUS/CG2271/Labs Answer/CG2271_git/Project/Medicine_Dispenser/CMSIS/m-profile" -I"/home/fookang/NUS/CG2271/Labs Answer/CG2271_git/Project/Medicine_Dispenser/utilities" -I"/home/fookang/NUS/CG2271/Labs Answer/CG2271_git/Project/Medicine_Dispenser/utilities/debug_console/config" -I"/home/fookang/NUS/CG2271/Labs Answer/CG2271_git/Project/Medicine_Dispenser/device" -I"/home/fookang/NUS/CG2271/Labs Answer/CG2271_git/Project/Medicine_Dispenser/device/periph2" -I"/home/fookang/NUS/CG2271/Labs Answer/CG2271_git/Project/Medicine_Dispenser/utilities/debug_console" -I"/home/fookang/NUS/CG2271/Labs Answer/CG2271_git/Project/Medicine_Dispenser/component/serial_manager" -I"/home/fookang/NUS/CG2271/Labs Answer/CG2271_git/Project/Medicine_Dispenser/component/lists" -I"/home/fookang/NUS/CG2271/Labs Answer/CG2271_git/Project/Medicine_Dispenser/utilities/str" -I"/home/fookang/NUS/CG2271/Labs Answer/CG2271_git/Project/Medicine_Dispenser/component/uart" -I"/home/fookang/NUS/CG2271/Labs Answer/CG2271_git/Project/Medicine_Dispenser/freertos/freertos-kernel/include" -I"/home/fookang/NUS/CG2271/Labs Answer/CG2271_git/Project/Medicine_Dispenser/freertos/freertos-kernel/portable/GCC/ARM_CM0" -I"/home/fookang/NUS/CG2271/Labs Answer/CG2271_git/Project/Medicine_Dispenser/freertos/freertos-kernel/template" -I"/home/fookang/NUS/CG2271/Labs Answer/CG2271_git/Project/Medicine_Dispenser/freertos/freertos-kernel/template/ARM_CM0" -I"/home/fookang/NUS/CG2271/Labs Answer/CG2271_git/Project/Medicine_Dispenser/Inc" -O0 -fno-common -g3 -gdwarf-4 -Wall -c -ffunction-sections -fdata-sections -fno-builtin -fmerge-constants -fmacro-prefix-map="../source/"= -mcpu=cortex-m0plus -mthumb -D__REDLIB__ -fstack-usage -specs=redlib.specs -MMD -MP -MF"source/buzzer.d" -MT"source/buzzer.o" -MT"source/buzzer.d" -o "source/buzzer.o" "../source/buzzer.c"
Invoking: MCU C Compiler
Building file: ../source/heartbeat.c
arm-none-eabi-gcc -DCPU_MCXC444VLH -DCPU_MCXC444VLH_cm0plus -DSDK_OS_BAREMETAL -DSDK_DEBUGCONSOLE=1 -DCR_INTEGER_PRINTF -DPRINTF_FLOAT_ENABLE=0 -DSDK_DEBUGCONSOLE_UART -DSERIAL_PORT_TYPE_UART=1 -DSDK_OS_FREE_RTOS -D__MCUXPRESSO -D__USE_CMSIS -DDEBUG -D__REDLIB__ -I"/home/fookang/NUS/CG2271/Labs Answer/CG2271_git/Project/Medicine_Dispenser/board" -I"/home/fookang/NUS/CG2271/Labs Answer/CG2271_git/Project/Medicine_Dispenser/source" -I"/home/fookang/NUS/CG2271/Labs Answer/CG2271_git/Project/Medicine_Dispenser/drivers" -I"/home/fookang/NUS/CG2271/Labs Answer/CG2271_git/Project/Medicine_Dispenser/CMSIS" -I"/home/fookang/NUS/CG2271/Labs Answer/CG2271_git/Project/Medicine_Dispenser/CMSIS/m-profile" -I"/home/fookang/NUS/CG2271/Labs Answer/CG2271_git/Project/Medicine_Dispenser/utilities" -I"/home/fookang/NUS/CG2271/Labs Answer/CG2271_git/Project/Medicine_Dispenser/utilities/debug_console/config" -I"/home/fookang/NUS/CG2271/Labs Answer/CG2271_git/Project/Medicine_Dispenser/device" -I"/home/fookang/NUS/CG2271/Labs Answer/CG2271_git/Project/Medicine_Dispenser/device/periph2" -I"/home/fookang/NUS/CG2271/Labs Answer/CG2271_git/Project/Medicine_Dispenser/utilities/debug_console" -I"/home/fookang/NUS/CG2271/Labs Answer/CG2271_git/Project/Medicine_Dispenser/component/serial_manager" -I"/home/fookang/NUS/CG2271/Labs Answer/CG2271_git/Project/Medicine_Dispenser/component/lists" -I"/home/fookang/NUS/CG2271/Labs Answer/CG2271_git/Project/Medicine_Dispenser/utilities/str" -I"/home/fookang/NUS/CG2271/Labs Answer/CG2271_git/Project/Medicine_Dispenser/component/uart" -I"/home/fookang/NUS/CG2271/Labs Answer/CG2271_git/Project/Medicine_Dispenser/freertos/freertos-kernel/include" -I"/home/fookang/NUS/CG2271/Labs Answer/CG2271_git/Project/Medicine_Dispenser/freertos/freertos-kernel/portable/GCC/ARM_CM0" -I"/home/fookang/NUS/CG2271/Labs Answer/CG2271_git/Project/Medicine_Dispenser/freertos/freertos-kernel/template" -I"/home/fookang/NUS/CG2271/Labs Answer/CG2271_git/Project/Medicine_Dispenser/freertos/freertos-kernel/template/ARM_CM0" -I"/home/fookang/NUS/CG2271/Labs Answer/CG2271_git/Project/Medicine_Dispenser/Inc" -O0 -fno-common -g3 -gdwarf-4 -Wall -c -ffunction-sections -fdata-sections -fno-builtin -fmerge-constants -fmacro-prefix-map="../source/"= -mcpu=cortex-m0plus -mthumb -D__REDLIB__ -fstack-usage -specs=redlib.specs -MMD -MP -MF"source/freertos.d" -MT"source/freertos.o" -MT"source/freertos.d" -o "source/freertos.o" "../source/freertos.c"
Building file: ../source/interrupt.c
Invoking: MCU C Compiler
Building file: ../source/servo.c
arm-none-eabi-gcc -DCPU_MCXC444VLH -DCPU_MCXC444VLH_cm0plus -DSDK_OS_BAREMETAL -DSDK_DEBUGCONSOLE=1 -DCR_INTEGER_PRINTF -DPRINTF_FLOAT_ENABLE=0 -DSDK_DEBUGCONSOLE_UART -DSERIAL_PORT_TYPE_UART=1 -DSDK_OS_FREE_RTOS -D__MCUXPRESSO -D__USE_CMSIS -DDEBUG -D__REDLIB__ -I"/home/fookang/NUS/CG2271/Labs Answer/CG2271_git/Project/Medicine_Dispenser/board" -I"/home/fookang/NUS/CG2271/Labs Answer/CG2271_git/Project/Medicine_Dispenser/source" -I"/home/fookang/NUS/CG2271/Labs Answer/CG2271_git/Project/Medicine_Dispenser/drivers" -I"/home/fookang/NUS/CG2271/Labs Answer/CG2271_git/Project/Medicine_Dispenser/CMSIS" -I"/home/fookang/NUS/CG2271/Labs Answer/CG2271_git/Project/Medicine_Dispenser/CMSIS/m-profile" -I"/home/fookang/NUS/CG2271/Labs Answer/CG2271_git/Project/Medicine_Dispenser/utilities" -I"/home/fookang/NUS/CG2271/Labs Answer/CG2271_git/Project/Medicine_Dispenser/utilities/debug_console/config" -I"/home/fookang/NUS/CG2271/Labs Answer/CG2271_git/Project/Medicine_Dispenser/device" -I"/home/fookang/NUS/CG2271/Labs Answer/CG2271_git/Project/Medicine_Dispenser/device/periph2" -I"/home/fookang/NUS/CG2271/Labs Answer/CG2271_git/Project/Medicine_Dispenser/utilities/debug_console" -I"/home/fookang/NUS/CG2271/Labs Answer/CG2271_git/Project/Medicine_Dispenser/component/serial_manager" -I"/home/fookang/NUS/CG2271/Labs Answer/CG2271_git/Project/Medicine_Dispenser/component/lists" -I"/home/fookang/NUS/CG2271/Labs Answer/CG2271_git/Project/Medicine_Dispenser/utilities/str" -I"/home/fookang/NUS/CG2271/Labs Answer/CG2271_git/Project/Medicine_Dispenser/component/uart" -I"/home/fookang/NUS/CG2271/Labs Answer/CG2271_git/Project/Medicine_Dispenser/freertos/freertos-kernel/include" -I"/home/fookang/NUS/CG2271/Labs Answer/CG2271_git/Project/Medicine_Dispenser/freertos/freertos-kernel/portable/GCC/ARM_CM0" -I"/home/fookang/NUS/CG2271/Labs Answer/CG2271_git/Project/Medicine_Dispenser/freertos/freertos-kernel/template" -I"/home/fookang/NUS/CG2271/Labs Answer/CG2271_git/Project/Medicine_Dispenser/freertos/freertos-kernel/template/ARM_CM0" -I"/home/fookang/NUS/CG2271/Labs Answer/CG2271_git/Project/Medicine_Dispenser/Inc" -O0 -fno-common -g3 -gdwarf-4 -Wall -c -ffunction-sections -fdata-sections -fno-builtin -fmerge-constants -fmacro-prefix-map="../source/"= -mcpu=cortex-m0plus -mthumb -D__REDLIB__ -fstack-usage -specs=redlib.specs -MMD -MP -MF"source/heartbeat.d" -MT"source/heartbeat.o" -MT"source/heartbeat.d" -o "source/heartbeat.o" "../source/heartbeat.c"
Invoking: MCU C Compiler
Building file: ../source/uart.c
arm-none-eabi-gcc -DCPU_MCXC444VLH -DCPU_MCXC444VLH_cm0plus -DSDK_OS_BAREMETAL -DSDK_DEBUGCONSOLE=1 -DCR_INTEGER_PRINTF -DPRINTF_FLOAT_ENABLE=0 -DSDK_DEBUGCONSOLE_UART -DSERIAL_PORT_TYPE_UART=1 -DSDK_OS_FREE_RTOS -D__MCUXPRESSO -D__USE_CMSIS -DDEBUG -D__REDLIB__ -I"/home/fookang/NUS/CG2271/Labs Answer/CG2271_git/Project/Medicine_Dispenser/board" -I"/home/fookang/NUS/CG2271/Labs Answer/CG2271_git/Project/Medicine_Dispenser/source" -I"/home/fookang/NUS/CG2271/Labs Answer/CG2271_git/Project/Medicine_Dispenser/drivers" -I"/home/fookang/NUS/CG2271/Labs Answer/CG2271_git/Project/Medicine_Dispenser/CMSIS" -I"/home/fookang/NUS/CG2271/Labs Answer/CG2271_git/Project/Medicine_Dispenser/CMSIS/m-profile" -I"/home/fookang/NUS/CG2271/Labs Answer/CG2271_git/Project/Medicine_Dispenser/utilities" -I"/home/fookang/NUS/CG2271/Labs Answer/CG2271_git/Project/Medicine_Dispenser/utilities/debug_console/config" -I"/home/fookang/NUS/CG2271/Labs Answer/CG2271_git/Project/Medicine_Dispenser/device" -I"/home/fookang/NUS/CG2271/Labs Answer/CG2271_git/Project/Medicine_Dispenser/device/periph2" -I"/home/fookang/NUS/CG2271/Labs Answer/CG2271_git/Project/Medicine_Dispenser/utilities/debug_console" -I"/home/fookang/NUS/CG2271/Labs Answer/CG2271_git/Project/Medicine_Dispenser/component/serial_manager" -I"/home/fookang/NUS/CG2271/Labs Answer/CG2271_git/Project/Medicine_Dispenser/component/lists" -I"/home/fookang/NUS/CG2271/Labs Answer/CG2271_git/Project/Medicine_Dispenser/utilities/str" -I"/home/fookang/NUS/CG2271/Labs Answer/CG2271_git/Project/Medicine_Dispenser/component/uart" -I"/home/fookang/NUS/CG2271/Labs Answer/CG2271_git/Project/Medicine_Dispenser/freertos/freertos-kernel/include" -I"/home/fookang/NUS/CG2271/Labs Answer/CG2271_git/Project/Medicine_Dispenser/freertos/freertos-kernel/portable/GCC/ARM_CM0" -I"/home/fookang/NUS/CG2271/Labs Answer/CG2271_git/Project/Medicine_Dispenser/freertos/freertos-kernel/template" -I"/home/fookang/NUS/CG2271/Labs Answer/CG2271_git/Project/Medicine_Dispenser/freertos/freertos-kernel/template/ARM_CM0" -I"/home/fookang/NUS/CG2271/Labs Answer/CG2271_git/Project/Medicine_Dispenser/Inc" -O0 -fno-common -g3 -gdwarf-4 -Wall -c -ffunction-sections -fdata-sections -fno-builtin -fmerge-constants -fmacro-prefix-map="../source/"= -mcpu=cortex-m0plus -mthumb -D__REDLIB__ -fstack-usage -specs=redlib.specs -MMD -MP -MF"source/interrupt.d" -MT"source/interrupt.o" -MT"source/interrupt.d" -o "source/interrupt.o" "../source/interrupt.c"
Invoking: MCU C Compiler
Invoking: MCU C Compiler
arm-none-eabi-gcc -DCPU_MCXC444VLH -DCPU_MCXC444VLH_cm0plus -DSDK_OS_BAREMETAL -DSDK_DEBUGCONSOLE=1 -DCR_INTEGER_PRINTF -DPRINTF_FLOAT_ENABLE=0 -DSDK_DEBUGCONSOLE_UART -DSERIAL_PORT_TYPE_UART=1 -DSDK_OS_FREE_RTOS -D__MCUXPRESSO -D__USE_CMSIS -DDEBUG -D__REDLIB__ -I"/home/fookang/NUS/CG2271/Labs Answer/CG2271_git/Project/Medicine_Dispenser/board" -I"/home/fookang/NUS/CG2271/Labs Answer/CG2271_git/Project/Medicine_Dispenser/source" -I"/home/fookang/NUS/CG2271/Labs Answer/CG2271_git/Project/Medicine_Dispenser/drivers" -I"/home/fookang/NUS/CG2271/Labs Answer/CG2271_git/Project/Medicine_Dispenser/CMSIS" -I"/home/fookang/NUS/CG2271/Labs Answer/CG2271_git/Project/Medicine_Dispenser/CMSIS/m-profile" -I"/home/fookang/NUS/CG2271/Labs Answer/CG2271_git/Project/Medicine_Dispenser/utilities" -I"/home/fookang/NUS/CG2271/Labs Answer/CG2271_git/Project/Medicine_Dispenser/utilities/debug_console/config" -I"/home/fookang/NUS/CG2271/Labs Answer/CG2271_git/Project/Medicine_Dispenser/device" -I"/home/fookang/NUS/CG2271/Labs Answer/CG2271_git/Project/Medicine_Dispenser/device/periph2" -I"/home/fookang/NUS/CG2271/Labs Answer/CG2271_git/Project/Medicine_Dispenser/utilities/debug_console" -I"/home/fookang/NUS/CG2271/Labs Answer/CG2271_git/Project/Medicine_Dispenser/component/serial_manager" -I"/home/fookang/NUS/CG2271/Labs Answer/CG2271_git/Project/Medicine_Dispenser/component/lists" -I"/home/fookang/NUS/CG2271/Labs Answer/CG2271_git/Project/Medicine_Dispenser/utilities/str" -I"/home/fookang/NUS/CG2271/Labs Answer/CG2271_git/Project/Medicine_Dispenser/component/uart" -I"/home/fookang/NUS/CG2271/Labs Answer/CG2271_git/Project/Medicine_Dispenser/freertos/freertos-kernel/include" -I"/home/fookang/NUS/CG2271/Labs Answer/CG2271_git/Project/Medicine_Dispenser/freertos/freertos-kernel/portable/GCC/ARM_CM0" -I"/home/fookang/NUS/CG2271/Labs Answer/CG2271_git/Project/Medicine_Dispenser/freertos/freertos-kernel/template" -I"/home/fookang/NUS/CG2271/Labs Answer/CG2271_git/Project/Medicine_Dispenser/freertos/freertos-kernel/template/ARM_CM0" -I"/home/fookang/NUS/CG2271/Labs Answer/CG2271_git/Project/Medicine_Dispenser/Inc" -O0 -fno-common -g3 -gdwarf-4 -Wall -c -ffunction-sections -fdata-sections -fno-builtin -fmerge-constants -fmacro-prefix-map="../source/"= -mcpu=cortex-m0plus -mthumb -D__REDLIB__ -fstack-usage -specs=redlib.specs -MMD -MP -MF"source/servo.d" -MT"source/servo.o" -MT"source/servo.d" -o "source/servo.o" "../source/servo.c"
Building file: ../source/ultrasonic.c
arm-none-eabi-gcc -DCPU_MCXC444VLH -DCPU_MCXC444VLH_cm0plus -DSDK_OS_BAREMETAL -DSDK_DEBUGCONSOLE=1 -DCR_INTEGER_PRINTF -DPRINTF_FLOAT_ENABLE=0 -DSDK_DEBUGCONSOLE_UART -DSERIAL_PORT_TYPE_UART=1 -DSDK_OS_FREE_RTOS -D__MCUXPRESSO -D__USE_CMSIS -DDEBUG -D__REDLIB__ -I"/home/fookang/NUS/CG2271/Labs Answer/CG2271_git/Project/Medicine_Dispenser/board" -I"/home/fookang/NUS/CG2271/Labs Answer/CG2271_git/Project/Medicine_Dispenser/source" -I"/home/fookang/NUS/CG2271/Labs Answer/CG2271_git/Project/Medicine_Dispenser/drivers" -I"/home/fookang/NUS/CG2271/Labs Answer/CG2271_git/Project/Medicine_Dispenser/CMSIS" -I"/home/fookang/NUS/CG2271/Labs Answer/CG2271_git/Project/Medicine_Dispenser/CMSIS/m-profile" -I"/home/fookang/NUS/CG2271/Labs Answer/CG2271_git/Project/Medicine_Dispenser/utilities" -I"/home/fookang/NUS/CG2271/Labs Answer/CG2271_git/Project/Medicine_Dispenser/utilities/debug_console/config" -I"/home/fookang/NUS/CG2271/Labs Answer/CG2271_git/Project/Medicine_Dispenser/device" -I"/home/fookang/NUS/CG2271/Labs Answer/CG2271_git/Project/Medicine_Dispenser/device/periph2" -I"/home/fookang/NUS/CG2271/Labs Answer/CG2271_git/Project/Medicine_Dispenser/utilities/debug_console" -I"/home/fookang/NUS/CG2271/Labs Answer/CG2271_git/Project/Medicine_Dispenser/component/serial_manager" -I"/home/fookang/NUS/CG2271/Labs Answer/CG2271_git/Project/Medicine_Dispenser/component/lists" -I"/home/fookang/NUS/CG2271/Labs Answer/CG2271_git/Project/Medicine_Dispenser/utilities/str" -I"/home/fookang/NUS/CG2271/Labs Answer/CG2271_git/Project/Medicine_Dispenser/component/uart" -I"/home/fookang/NUS/CG2271/Labs Answer/CG2271_git/Project/Medicine_Dispenser/freertos/freertos-kernel/include" -I"/home/fookang/NUS/CG2271/Labs Answer/CG2271_git/Project/Medicine_Dispenser/freertos/freertos-kernel/portable/GCC/ARM_CM0" -I"/home/fookang/NUS/CG2271/Labs Answer/CG2271_git/Project/Medicine_Dispenser/freertos/freertos-kernel/template" -I"/home/fookang/NUS/CG2271/Labs Answer/CG2271_git/Project/Medicine_Dispenser/freertos/freertos-kernel/template/ARM_CM0" -I"/home/fookang/NUS/CG2271/Labs Answer/CG2271_git/Project/Medicine_Dispenser/Inc" -O0 -fno-common -g3 -gdwarf-4 -Wall -c -ffunction-sections -fdata-sections -fno-builtin -fmerge-constants -fmacro-prefix-map="../source/"= -mcpu=cortex-m0plus -mthumb -D__REDLIB__ -fstack-usage -specs=redlib.specs -MMD -MP -MF"source/uart.d" -MT"source/uart.o" -MT"source/uart.d" -o "source/uart.o" "../source/uart.c"
Building file: ../freertos/freertos-kernel/portable/MemMang/heap_4.c
Invoking: MCU C Compiler
Invoking: MCU C Compiler
arm-none-eabi-gcc -DCPU_MCXC444VLH -DCPU_MCXC444VLH_cm0plus -DSDK_OS_BAREMETAL -DSDK_DEBUGCONSOLE=1 -DCR_INTEGER_PRINTF -DPRINTF_FLOAT_ENABLE=0 -DSDK_DEBUGCONSOLE_UART -DSERIAL_PORT_TYPE_UART=1 -DSDK_OS_FREE_RTOS -D__MCUXPRESSO -D__USE_CMSIS -DDEBUG -D__REDLIB__ -I"/home/fookang/NUS/CG2271/Labs Answer/CG2271_git/Project/Medicine_Dispenser/board" -I"/home/fookang/NUS/CG2271/Labs Answer/CG2271_git/Project/Medicine_Dispenser/source" -I"/home/fookang/NUS/CG2271/Labs Answer/CG2271_git/Project/Medicine_Dispenser/drivers" -I"/home/fookang/NUS/CG2271/Labs Answer/CG2271_git/Project/Medicine_Dispenser/CMSIS" -I"/home/fookang/NUS/CG2271/Labs Answer/CG2271_git/Project/Medicine_Dispenser/CMSIS/m-profile" -I"/home/fookang/NUS/CG2271/Labs Answer/CG2271_git/Project/Medicine_Dispenser/utilities" -I"/home/fookang/NUS/CG2271/Labs Answer/CG2271_git/Project/Medicine_Dispenser/utilities/debug_console/config" -I"/home/fookang/NUS/CG2271/Labs Answer/CG2271_git/Project/Medicine_Dispenser/device" -I"/home/fookang/NUS/CG2271/Labs Answer/CG2271_git/Project/Medicine_Dispenser/device/periph2" -I"/home/fookang/NUS/CG2271/Labs Answer/CG2271_git/Project/Medicine_Dispenser/utilities/debug_console" -I"/home/fookang/NUS/CG2271/Labs Answer/CG2271_git/Project/Medicine_Dispenser/component/serial_manager" -I"/home/fookang/NUS/CG2271/Labs Answer/CG2271_git/Project/Medicine_Dispenser/component/lists" -I"/home/fookang/NUS/CG2271/Labs Answer/CG2271_git/Project/Medicine_Dispenser/utilities/str" -I"/home/fookang/NUS/CG2271/Labs Answer/CG2271_git/Project/Medicine_Dispenser/component/uart" -I"/home/fookang/NUS/CG2271/Labs Answer/CG2271_git/Project/Medicine_Dispenser/freertos/freertos-kernel/include" -I"/home/fookang/NUS/CG2271/Labs Answer/CG2271_git/Project/Medicine_Dispenser/freertos/freertos-kernel/portable/GCC/ARM_CM0" -I"/home/fookang/NUS/CG2271/Labs Answer/CG2271_git/Project/Medicine_Dispenser/freertos/freertos-kernel/template" -I"/home/fookang/NUS/CG2271/Labs Answer/CG2271_git/Project/Medicine_Dispenser/freertos/freertos-kernel/template/ARM_CM0" -I"/home/fookang/NUS/CG2271/Labs Answer/CG2271_git/Project/Medicine_Dispenser/Inc" -O0 -fno-common -g3 -gdwarf-4 -Wall -c -ffunction-sections -fdata-sections -fno-builtin -fmerge-constants -fmacro-prefix-map="../source/"= -mcpu=cortex-m0plus -mthumb -D__REDLIB__ -fstack-usage -specs=redlib.specs -MMD -MP -MF"source/ultrasonic.d" -MT"source/ultrasonic.o" -MT"source/ultrasonic.d" -o "source/ultrasonic.o" "../source/ultrasonic.c"
Building file: ../freertos/freertos-kernel/portable/GCC/ARM_CM0/mpu_wrappers_v2_asm.c
Building file: ../freertos/freertos-kernel/portable/GCC/ARM_CM0/port.c
arm-none-eabi-gcc -DCPU_MCXC444VLH -DCPU_MCXC444VLH_cm0plus -DSDK_OS_BAREMETAL -DSDK_DEBUGCONSOLE=1 -DCR_INTEGER_PRINTF -DPRINTF_FLOAT_ENABLE=0 -DSDK_DEBUGCONSOLE_UART -DSERIAL_PORT_TYPE_UART=1 -DSDK_OS_FREE_RTOS -D__MCUXPRESSO -D__USE_CMSIS -DDEBUG -D__REDLIB__ -I"/home/fookang/NUS/CG2271/Labs Answer/CG2271_git/Project/Medicine_Dispenser/board" -I"/home/fookang/NUS/CG2271/Labs Answer/CG2271_git/Project/Medicine_Dispenser/source" -I"/home/fookang/NUS/CG2271/Labs Answer/CG2271_git/Project/Medicine_Dispenser/drivers" -I"/home/fookang/NUS/CG2271/Labs Answer/CG2271_git/Project/Medicine_Dispenser/CMSIS" -I"/home/fookang/NUS/CG2271/Labs Answer/CG2271_git/Project/Medicine_Dispenser/CMSIS/m-profile" -I"/home/fookang/NUS/CG2271/Labs Answer/CG2271_git/Project/Medicine_Dispenser/utilities" -I"/home/fookang/NUS/CG2271/Labs Answer/CG2271_git/Project/Medicine_Dispenser/utilities/debug_console/config" -I"/home/fookang/NUS/CG2271/Labs Answer/CG2271_git/Project/Medicine_Dispenser/device" -I"/home/fookang/NUS/CG2271/Labs Answer/CG2271_git/Project/Medicine_Dispenser/device/periph2" -I"/home/fookang/NUS/CG2271/Labs Answer/CG2271_git/Project/Medicine_Dispenser/utilities/debug_console" -I"/home/fookang/NUS/CG2271/Labs Answer/CG2271_git/Project/Medicine_Dispenser/component/serial_manager" -I"/home/fookang/NUS/CG2271/Labs Answer/CG2271_git/Project/Medicine_Dispenser/component/lists" -I"/home/fookang/NUS/CG2271/Labs Answer/CG2271_git/Project/Medicine_Dispenser/utilities/str" -I"/home/fookang/NUS/CG2271/Labs Answer/CG2271_git/Project/Medicine_Dispenser/component/uart" -I"/home/fookang/NUS/CG2271/Labs Answer/CG2271_git/Project/Medicine_Dispenser/freertos/freertos-kernel/include" -I"/home/fookang/NUS/CG2271/Labs Answer/CG2271_git/Project/Medicine_Dispenser/freertos/freertos-kernel/portable/GCC/ARM_CM0" -I"/home/fookang/NUS/CG2271/Labs Answer/CG2271_git/Project/Medicine_Dispenser/freertos/freertos-kernel/template" -I"/home/fookang/NUS/CG2271/Labs Answer/CG2271_git/Project/Medicine_Dispenser/freertos/freertos-kernel/template/ARM_CM0" -I"/home/fookang/NUS/CG2271/Labs Answer/CG2271_git/Project/Medicine_Dispenser/Inc" -O0 -fno-common -g3 -gdwarf-4 -Wall -c -ffunction-sections -fdata-sections -fno-builtin -fmerge-constants -fmacro-prefix-map="../freertos/freertos-kernel/portable/MemMang/"= -mcpu=cortex-m0plus -mthumb -D__REDLIB__ -fstack-usage -specs=redlib.specs -MMD -MP -MF"freertos/freertos-kernel/portable/MemMang/heap_4.d" -MT"freertos/freertos-kernel/portable/MemMang/heap_4.o" -MT"freertos/freertos-kernel/portable/MemMang/heap_4.d" -o "freertos/freertos-kernel/portable/MemMang/heap_4.o" "../freertos/freertos-kernel/portable/MemMang/heap_4.c"
Building file: ../freertos/freertos-kernel/portable/GCC/ARM_CM0/portasm.c
Invoking: MCU C Compiler
Invoking: MCU C Compiler
arm-none-eabi-gcc -DCPU_MCXC444VLH -DCPU_MCXC444VLH_cm0plus -DSDK_OS_BAREMETAL -DSDK_DEBUGCONSOLE=1 -DCR_INTEGER_PRINTF -DPRINTF_FLOAT_ENABLE=0 -DSDK_DEBUGCONSOLE_UART -DSERIAL_PORT_TYPE_UART=1 -DSDK_OS_FREE_RTOS -D__MCUXPRESSO -D__USE_CMSIS -DDEBUG -D__REDLIB__ -I"/home/fookang/NUS/CG2271/Labs Answer/CG2271_git/Project/Medicine_Dispenser/board" -I"/home/fookang/NUS/CG2271/Labs Answer/CG2271_git/Project/Medicine_Dispenser/source" -I"/home/fookang/NUS/CG2271/Labs Answer/CG2271_git/Project/Medicine_Dispenser/drivers" -I"/home/fookang/NUS/CG2271/Labs Answer/CG2271_git/Project/Medicine_Dispenser/CMSIS" -I"/home/fookang/NUS/CG2271/Labs Answer/CG2271_git/Project/Medicine_Dispenser/CMSIS/m-profile" -I"/home/fookang/NUS/CG2271/Labs Answer/CG2271_git/Project/Medicine_Dispenser/utilities" -I"/home/fookang/NUS/CG2271/Labs Answer/CG2271_git/Project/Medicine_Dispenser/utilities/debug_console/config" -I"/home/fookang/NUS/CG2271/Labs Answer/CG2271_git/Project/Medicine_Dispenser/device" -I"/home/fookang/NUS/CG2271/Labs Answer/CG2271_git/Project/Medicine_Dispenser/device/periph2" -I"/home/fookang/NUS/CG2271/Labs Answer/CG2271_git/Project/Medicine_Dispenser/utilities/debug_console" -I"/home/fookang/NUS/CG2271/Labs Answer/CG2271_git/Project/Medicine_Dispenser/component/serial_manager" -I"/home/fookang/NUS/CG2271/Labs Answer/CG2271_git/Project/Medicine_Dispenser/component/lists" -I"/home/fookang/NUS/CG2271/Labs Answer/CG2271_git/Project/Medicine_Dispenser/utilities/str" -I"/home/fookang/NUS/CG2271/Labs Answer/CG2271_git/Project/Medicine_Dispenser/component/uart" -I"/home/fookang/NUS/CG2271/Labs Answer/CG2271_git/Project/Medicine_Dispenser/freertos/freertos-kernel/include" -I"/home/fookang/NUS/CG2271/Labs Answer/CG2271_git/Project/Medicine_Dispenser/freertos/freertos-kernel/portable/GCC/ARM_CM0" -I"/home/fookang/NUS/CG2271/Labs Answer/CG2271_git/Project/Medicine_Dispenser/freertos/freertos-kernel/template" -I"/home/fookang/NUS/CG2271/Labs Answer/CG2271_git/Project/Medicine_Dispenser/freertos/freertos-kernel/template/ARM_CM0" -I"/home/fookang/NUS/CG2271/Labs Answer/CG2271_git/Project/Medicine_Dispenser/Inc" -O0 -fno-common -g3 -gdwarf-4 -Wall -c -ffunction-sections -fdata-sections -fno-builtin -fmerge-constants -fmacro-prefix-map="../freertos/freertos-kernel/portable/GCC/ARM_CM0/"= -mcpu=cortex-m0plus -mthumb -D__REDLIB__ -fstack-usage -specs=redlib.specs -MMD -MP -MF"freertos/freertos-kernel/portable/GCC/ARM_CM0/port.d" -MT"freertos/freertos-kernel/portable/GCC/ARM_CM0/port.o" -MT"freertos/freertos-kernel/portable/GCC/ARM_CM0/port.d" -o "freertos/freertos-kernel/portable/GCC/ARM_CM0/port.o" "../freertos/freertos-kernel/portable/GCC/ARM_CM0/port.c"
Invoking: MCU C Compiler
arm-none-eabi-gcc -DCPU_MCXC444VLH -DCPU_MCXC444VLH_cm0plus -DSDK_OS_BAREMETAL -DSDK_DEBUGCONSOLE=1 -DCR_INTEGER_PRINTF -DPRINTF_FLOAT_ENABLE=0 -DSDK_DEBUGCONSOLE_UART -DSERIAL_PORT_TYPE_UART=1 -DSDK_OS_FREE_RTOS -D__MCUXPRESSO -D__USE_CMSIS -DDEBUG -D__REDLIB__ -I"/home/fookang/NUS/CG2271/Labs Answer/CG2271_git/Project/Medicine_Dispenser/board" -I"/home/fookang/NUS/CG2271/Labs Answer/CG2271_git/Project/Medicine_Dispenser/source" -I"/home/fookang/NUS/CG2271/Labs Answer/CG2271_git/Project/Medicine_Dispenser/drivers" -I"/home/fookang/NUS/CG2271/Labs Answer/CG2271_git/Project/Medicine_Dispenser/CMSIS" -I"/home/fookang/NUS/CG2271/Labs Answer/CG2271_git/Project/Medicine_Dispenser/CMSIS/m-profile" -I"/home/fookang/NUS/CG2271/Labs Answer/CG2271_git/Project/Medicine_Dispenser/utilities" -I"/home/fookang/NUS/CG2271/Labs Answer/CG2271_git/Project/Medicine_Dispenser/utilities/debug_console/config" -I"/home/fookang/NUS/CG2271/Labs Answer/CG2271_git/Project/Medicine_Dispenser/device" -I"/home/fookang/NUS/CG2271/Labs Answer/CG2271_git/Project/Medicine_Dispenser/device/periph2" -I"/home/fookang/NUS/CG2271/Labs Answer/CG2271_git/Project/Medicine_Dispenser/utilities/debug_console" -I"/home/fookang/NUS/CG2271/Labs Answer/CG2271_git/Project/Medicine_Dispenser/component/serial_manager" -I"/home/fookang/NUS/CG2271/Labs Answer/CG2271_git/Project/Medicine_Dispenser/component/lists" -I"/home/fookang/NUS/CG2271/Labs Answer/CG2271_git/Project/Medicine_Dispenser/utilities/str" -I"/home/fookang/NUS/CG2271/Labs Answer/CG2271_git/Project/Medicine_Dispenser/component/uart" -I"/home/fookang/NUS/CG2271/Labs Answer/CG2271_git/Project/Medicine_Dispenser/freertos/freertos-kernel/include" -I"/home/fookang/NUS/CG2271/Labs Answer/CG2271_git/Project/Medicine_Dispenser/freertos/freertos-kernel/portable/GCC/ARM_CM0" -I"/home/fookang/NUS/CG2271/Labs Answer/CG2271_git/Project/Medicine_Dispenser/freertos/freertos-kernel/template" -I"/home/fookang/NUS/CG2271/Labs Answer/CG2271_git/Project/Medicine_Dispenser/freertos/freertos-kernel/template/ARM_CM0" -I"/home/fookang/NUS/CG2271/Labs Answer/CG2271_git/Project/Medicine_Dispenser/Inc" -O0 -fno-common -g3 -gdwarf-4 -Wall -c -ffunction-sections -fdata-sections -fno-builtin -fmerge-constants -fmacro-prefix-map="../freertos/freertos-kernel/portable/GCC/ARM_CM0/"= -mcpu=cortex-m0plus -mthumb -D__REDLIB__ -fstack-usage -specs=redlib.specs -MMD -MP -MF"freertos/freertos-kernel/portable/GCC/ARM_CM0/mpu_wrappers_v2_asm.d" -MT"freertos/freertos-kernel/portable/GCC/ARM_CM0/mpu_wrappers_v2_asm.o" -MT"freertos/freertos-kernel/portable/GCC/ARM_CM0/mpu_wrappers_v2_asm.d" -o "freertos/freertos-kernel/portable/GCC/ARM_CM0/mpu_wrappers_v2_asm.o" "../freertos/freertos-kernel/portable/GCC/ARM_CM0/mpu_wrappers_v2_asm.c"
Building file: ../freertos/freertos-kernel/croutine.c
arm-none-eabi-gcc -DCPU_MCXC444VLH -DCPU_MCXC444VLH_cm0plus -DSDK_OS_BAREMETAL -DSDK_DEBUGCONSOLE=1 -DCR_INTEGER_PRINTF -DPRINTF_FLOAT_ENABLE=0 -DSDK_DEBUGCONSOLE_UART -DSERIAL_PORT_TYPE_UART=1 -DSDK_OS_FREE_RTOS -D__MCUXPRESSO -D__USE_CMSIS -DDEBUG -D__REDLIB__ -I"/home/fookang/NUS/CG2271/Labs Answer/CG2271_git/Project/Medicine_Dispenser/board" -I"/home/fookang/NUS/CG2271/Labs Answer/CG2271_git/Project/Medicine_Dispenser/source" -I"/home/fookang/NUS/CG2271/Labs Answer/CG2271_git/Project/Medicine_Dispenser/drivers" -I"/home/fookang/NUS/CG2271/Labs Answer/CG2271_git/Project/Medicine_Dispenser/CMSIS" -I"/home/fookang/NUS/CG2271/Labs Answer/CG2271_git/Project/Medicine_Dispenser/CMSIS/m-profile" -I"/home/fookang/NUS/CG2271/Labs Answer/CG2271_git/Project/Medicine_Dispenser/utilities" -I"/home/fookang/NUS/CG2271/Labs Answer/CG2271_git/Project/Medicine_Dispenser/utilities/debug_console/config" -I"/home/fookang/NUS/CG2271/Labs Answer/CG2271_git/Project/Medicine_Dispenser/device" -I"/home/fookang/NUS/CG2271/Labs Answer/CG2271_git/Project/Medicine_Dispenser/device/periph2" -I"/home/fookang/NUS/CG2271/Labs Answer/CG2271_git/Project/Medicine_Dispenser/utilities/debug_console" -I"/home/fookang/NUS/CG2271/Labs Answer/CG2271_git/Project/Medicine_Dispenser/component/serial_manager" -I"/home/fookang/NUS/CG2271/Labs Answer/CG2271_git/Project/Medicine_Dispenser/component/lists" -I"/home/fookang/NUS/CG2271/Labs Answer/CG2271_git/Project/Medicine_Dispenser/utilities/str" -I"/home/fookang/NUS/CG2271/Labs Answer/CG2271_git/Project/Medicine_Dispenser/component/uart" -I"/home/fookang/NUS/CG2271/Labs Answer/CG2271_git/Project/Medicine_Dispenser/freertos/freertos-kernel/include" -I"/home/fookang/NUS/CG2271/Labs Answer/CG2271_git/Project/Medicine_Dispenser/freertos/freertos-kernel/portable/GCC/ARM_CM0" -I"/home/fookang/NUS/CG2271/Labs Answer/CG2271_git/Project/Medicine_Dispenser/freertos/freertos-kernel/template" -I"/home/fookang/NUS/CG2271/Labs Answer/CG2271_git/Project/Medicine_Dispenser/freertos/freertos-kernel/template/ARM_CM0" -I"/home/fookang/NUS/CG2271/Labs Answer/CG2271_git/Project/Medicine_Dispenser/Inc" -O0 -fno-common -g3 -gdwarf-4 -Wall -c -ffunction-sections -fdata-sections -fno-builtin -fmerge-constants -fmacro-prefix-map="../freertos/freertos-kernel/portable/GCC/ARM_CM0/"= -mcpu=cortex-m0plus -mthumb -D__REDLIB__ -fstack-usage -specs=redlib.specs -MMD -MP -MF"freertos/freertos-kernel/portable/GCC/ARM_CM0/portasm.d" -MT"freertos/freertos-kernel/portable/GCC/ARM_CM0/portasm.o" -MT"freertos/freertos-kernel/portable/GCC/ARM_CM0/portasm.d" -o "freertos/freertos-kernel/portable/GCC/ARM_CM0/portasm.o" "../freertos/freertos-kernel/portable/GCC/ARM_CM0/portasm.c"
Building file: ../freertos/freertos-kernel/event_groups.c
Invoking: MCU C Compiler
Invoking: MCU C Compiler
arm-none-eabi-gcc -DCPU_MCXC444VLH -DCPU_MCXC444VLH_cm0plus -DSDK_OS_BAREMETAL -DSDK_DEBUGCONSOLE=1 -DCR_INTEGER_PRINTF -DPRINTF_FLOAT_ENABLE=0 -DSDK_DEBUGCONSOLE_UART -DSERIAL_PORT_TYPE_UART=1 -DSDK_OS_FREE_RTOS -D__MCUXPRESSO -D__USE_CMSIS -DDEBUG -D__REDLIB__ -I"/home/fookang/NUS/CG2271/Labs Answer/CG2271_git/Project/Medicine_Dispenser/board" -I"/home/fookang/NUS/CG2271/Labs Answer/CG2271_git/Project/Medicine_Dispenser/source" -I"/home/fookang/NUS/CG2271/Labs Answer/CG2271_git/Project/Medicine_Dispenser/drivers" -I"/home/fookang/NUS/CG2271/Labs Answer/CG2271_git/Project/Medicine_Dispenser/CMSIS" -I"/home/fookang/NUS/CG2271/Labs Answer/CG2271_git/Project/Medicine_Dispenser/CMSIS/m-profile" -I"/home/fookang/NUS/CG2271/Labs Answer/CG2271_git/Project/Medicine_Dispenser/utilities" -I"/home/fookang/NUS/CG2271/Labs Answer/CG2271_git/Project/Medicine_Dispenser/utilities/debug_console/config" -I"/home/fookang/NUS/CG2271/Labs Answer/CG2271_git/Project/Medicine_Dispenser/device" -I"/home/fookang/NUS/CG2271/Labs Answer/CG2271_git/Project/Medicine_Dispenser/device/periph2" -I"/home/fookang/NUS/CG2271/Labs Answer/CG2271_git/Project/Medicine_Dispenser/utilities/debug_console" -I"/home/fookang/NUS/CG2271/Labs Answer/CG2271_git/Project/Medicine_Dispenser/component/serial_manager" -I"/home/fookang/NUS/CG2271/Labs Answer/CG2271_git/Project/Medicine_Dispenser/component/lists" -I"/home/fookang/NUS/CG2271/Labs Answer/CG2271_git/Project/Medicine_Dispenser/utilities/str" -I"/home/fookang/NUS/CG2271/Labs Answer/CG2271_git/Project/Medicine_Dispenser/component/uart" -I"/home/fookang/NUS/CG2271/Labs Answer/CG2271_git/Project/Medicine_Dispenser/freertos/freertos-kernel/include" -I"/home/fookang/NUS/CG2271/Labs Answer/CG2271_git/Project/Medicine_Dispenser/freertos/freertos-kernel/portable/GCC/ARM_CM0" -I"/home/fookang/NUS/CG2271/Labs Answer/CG2271_git/Project/Medicine_Dispenser/freertos/freertos-kernel/template" -I"/home/fookang/NUS/CG2271/Labs Answer/CG2271_git/Project/Medicine_Dispenser/freertos/freertos-kernel/template/ARM_CM0" -I"/home/fookang/NUS/CG2271/Labs Answer/CG2271_git/Project/Medicine_Dispenser/Inc" -O0 -fno-common -g3 -gdwarf-4 -Wall -c -ffunction-sections -fdata-sections -fno-builtin -fmerge-constants -fmacro-prefix-map="../freertos/freertos-kernel/"= -mcpu=cortex-m0plus -mthumb -D__REDLIB__ -fstack-usage -specs=redlib.specs -MMD -MP -MF"freertos/freertos-kernel/croutine.d" -MT"freertos/freertos-kernel/croutine.o" -MT"freertos/freertos-kernel/croutine.d" -o "freertos/freertos-kernel/croutine.o" "../freertos/freertos-kernel/croutine.c"
arm-none-eabi-gcc -DCPU_MCXC444VLH -DCPU_MCXC444VLH_cm0plus -DSDK_OS_BAREMETAL -DSDK_DEBUGCONSOLE=1 -DCR_INTEGER_PRINTF -DPRINTF_FLOAT_ENABLE=0 -DSDK_DEBUGCONSOLE_UART -DSERIAL_PORT_TYPE_UART=1 -DSDK_OS_FREE_RTOS -D__MCUXPRESSO -D__USE_CMSIS -DDEBUG -D__REDLIB__ -I"/home/fookang/NUS/CG2271/Labs Answer/CG2271_git/Project/Medicine_Dispenser/board" -I"/home/fookang/NUS/CG2271/Labs Answer/CG2271_git/Project/Medicine_Dispenser/source" -I"/home/fookang/NUS/CG2271/Labs Answer/CG2271_git/Project/Medicine_Dispenser/drivers" -I"/home/fookang/NUS/CG2271/Labs Answer/CG2271_git/Project/Medicine_Dispenser/CMSIS" -I"/home/fookang/NUS/CG2271/Labs Answer/CG2271_git/Project/Medicine_Dispenser/CMSIS/m-profile" -I"/home/fookang/NUS/CG2271/Labs Answer/CG2271_git/Project/Medicine_Dispenser/utilities" -I"/home/fookang/NUS/CG2271/Labs Answer/CG2271_git/Project/Medicine_Dispenser/utilities/debug_console/config" -I"/home/fookang/NUS/CG2271/Labs Answer/CG2271_git/Project/Medicine_Dispenser/device" -I"/home/fookang/NUS/CG2271/Labs Answer/CG2271_git/Project/Medicine_Dispenser/device/periph2" -I"/home/fookang/NUS/CG2271/Labs Answer/CG2271_git/Project/Medicine_Dispenser/utilities/debug_console" -I"/home/fookang/NUS/CG2271/Labs Answer/CG2271_git/Project/Medicine_Dispenser/component/serial_manager" -I"/home/fookang/NUS/CG2271/Labs Answer/CG2271_git/Project/Medicine_Dispenser/component/lists" -I"/home/fookang/NUS/CG2271/Labs Answer/CG2271_git/Project/Medicine_Dispenser/utilities/str" -I"/home/fookang/NUS/CG2271/Labs Answer/CG2271_git/Project/Medicine_Dispenser/component/uart" -I"/home/fookang/NUS/CG2271/Labs Answer/CG2271_git/Project/Medicine_Dispenser/freertos/freertos-kernel/include" -I"/home/fookang/NUS/CG2271/Labs Answer/CG2271_git/Project/Medicine_Dispenser/freertos/freertos-kernel/portable/GCC/ARM_CM0" -I"/home/fookang/NUS/CG2271/Labs Answer/CG2271_git/Project/Medicine_Dispenser/freertos/freertos-kernel/template" -I"/home/fookang/NUS/CG2271/Labs Answer/CG2271_git/Project/Medicine_Dispenser/freertos/freertos-kernel/template/ARM_CM0" -I"/home/fookang/NUS/CG2271/Labs Answer/CG2271_git/Project/Medicine_Dispenser/Inc" -O0 -fno-common -g3 -gdwarf-4 -Wall -c -ffunction-sections -fdata-sections -fno-builtin -fmerge-constants -fmacro-prefix-map="../freertos/freertos-kernel/"= -mcpu=cortex-m0plus -mthumb -D__REDLIB__ -fstack-usage -specs=redlib.specs -MMD -MP -MF"freertos/freertos-kernel/event_groups.d" -MT"freertos/freertos-kernel/event_groups.o" -MT"freertos/freertos-kernel/event_groups.d" -o "freertos/freertos-kernel/event_groups.o" "../freertos/freertos-kernel/event_groups.c"
Finished building: ../freertos/freertos-kernel/portable/GCC/ARM_CM0/mpu_wrappers_v2_asm.c
Finished building: ../freertos/freertos-kernel/croutine.c
 
 
Building file: ../freertos/freertos-kernel/queue.c
Building file: ../freertos/freertos-kernel/list.c
Invoking: MCU C Compiler
Invoking: MCU C Compiler
arm-none-eabi-gcc -DCPU_MCXC444VLH -DCPU_MCXC444VLH_cm0plus -DSDK_OS_BAREMETAL -DSDK_DEBUGCONSOLE=1 -DCR_INTEGER_PRINTF -DPRINTF_FLOAT_ENABLE=0 -DSDK_DEBUGCONSOLE_UART -DSERIAL_PORT_TYPE_UART=1 -DSDK_OS_FREE_RTOS -D__MCUXPRESSO -D__USE_CMSIS -DDEBUG -D__REDLIB__ -I"/home/fookang/NUS/CG2271/Labs Answer/CG2271_git/Project/Medicine_Dispenser/board" -I"/home/fookang/NUS/CG2271/Labs Answer/CG2271_git/Project/Medicine_Dispenser/source" -I"/home/fookang/NUS/CG2271/Labs Answer/CG2271_git/Project/Medicine_Dispenser/drivers" -I"/home/fookang/NUS/CG2271/Labs Answer/CG2271_git/Project/Medicine_Dispenser/CMSIS" -I"/home/fookang/NUS/CG2271/Labs Answer/CG2271_git/Project/Medicine_Dispenser/CMSIS/m-profile" -I"/home/fookang/NUS/CG2271/Labs Answer/CG2271_git/Project/Medicine_Dispenser/utilities" -I"/home/fookang/NUS/CG2271/Labs Answer/CG2271_git/Project/Medicine_Dispenser/utilities/debug_console/config" -I"/home/fookang/NUS/CG2271/Labs Answer/CG2271_git/Project/Medicine_Dispenser/device" -I"/home/fookang/NUS/CG2271/Labs Answer/CG2271_git/Project/Medicine_Dispenser/device/periph2" -I"/home/fookang/NUS/CG2271/Labs Answer/CG2271_git/Project/Medicine_Dispenser/utilities/debug_console" -I"/home/fookang/NUS/CG2271/Labs Answer/CG2271_git/Project/Medicine_Dispenser/component/serial_manager" -I"/home/fookang/NUS/CG2271/Labs Answer/CG2271_git/Project/Medicine_Dispenser/component/lists" -I"/home/fookang/NUS/CG2271/Labs Answer/CG2271_git/Project/Medicine_Dispenser/utilities/str" -I"/home/fookang/NUS/CG2271/Labs Answer/CG2271_git/Project/Medicine_Dispenser/component/uart" -I"/home/fookang/NUS/CG2271/Labs Answer/CG2271_git/Project/Medicine_Dispenser/freertos/freertos-kernel/include" -I"/home/fookang/NUS/CG2271/Labs Answer/CG2271_git/Project/Medicine_Dispenser/freertos/freertos-kernel/portable/GCC/ARM_CM0" -I"/home/fookang/NUS/CG2271/Labs Answer/CG2271_git/Project/Medicine_Dispenser/freertos/freertos-kernel/template" -I"/home/fookang/NUS/CG2271/Labs Answer/CG2271_git/Project/Medicine_Dispenser/freertos/freertos-kernel/template/ARM_CM0" -I"/home/fookang/NUS/CG2271/Labs Answer/CG2271_git/Project/Medicine_Dispenser/Inc" -O0 -fno-common -g3 -gdwarf-4 -Wall -c -ffunction-sections -fdata-sections -fno-builtin -fmerge-constants -fmacro-prefix-map="../freertos/freertos-kernel/"= -mcpu=cortex-m0plus -mthumb -D__REDLIB__ -fstack-usage -specs=redlib.specs -MMD -MP -MF"freertos/freertos-kernel/queue.d" -MT"freertos/freertos-kernel/queue.o" -MT"freertos/freertos-kernel/queue.d" -o "freertos/freertos-kernel/queue.o" "../freertos/freertos-kernel/queue.c"
arm-none-eabi-gcc -DCPU_MCXC444VLH -DCPU_MCXC444VLH_cm0plus -DSDK_OS_BAREMETAL -DSDK_DEBUGCONSOLE=1 -DCR_INTEGER_PRINTF -DPRINTF_FLOAT_ENABLE=0 -DSDK_DEBUGCONSOLE_UART -DSERIAL_PORT_TYPE_UART=1 -DSDK_OS_FREE_RTOS -D__MCUXPRESSO -D__USE_CMSIS -DDEBUG -D__REDLIB__ -I"/home/fookang/NUS/CG2271/Labs Answer/CG2271_git/Project/Medicine_Dispenser/board" -I"/home/fookang/NUS/CG2271/Labs Answer/CG2271_git/Project/Medicine_Dispenser/source" -I"/home/fookang/NUS/CG2271/Labs Answer/CG2271_git/Project/Medicine_Dispenser/drivers" -I"/home/fookang/NUS/CG2271/Labs Answer/CG2271_git/Project/Medicine_Dispenser/CMSIS" -I"/home/fookang/NUS/CG2271/Labs Answer/CG2271_git/Project/Medicine_Dispenser/CMSIS/m-profile" -I"/home/fookang/NUS/CG2271/Labs Answer/CG2271_git/Project/Medicine_Dispenser/utilities" -I"/home/fookang/NUS/CG2271/Labs Answer/CG2271_git/Project/Medicine_Dispenser/utilities/debug_console/config" -I"/home/fookang/NUS/CG2271/Labs Answer/CG2271_git/Project/Medicine_Dispenser/device" -I"/home/fookang/NUS/CG2271/Labs Answer/CG2271_git/Project/Medicine_Dispenser/device/periph2" -I"/home/fookang/NUS/CG2271/Labs Answer/CG2271_git/Project/Medicine_Dispenser/utilities/debug_console" -I"/home/fookang/NUS/CG2271/Labs Answer/CG2271_git/Project/Medicine_Dispenser/component/serial_manager" -I"/home/fookang/NUS/CG2271/Labs Answer/CG2271_git/Project/Medicine_Dispenser/component/lists" -I"/home/fookang/NUS/CG2271/Labs Answer/CG2271_git/Project/Medicine_Dispenser/utilities/str" -I"/home/fookang/NUS/CG2271/Labs Answer/CG2271_git/Project/Medicine_Dispenser/component/uart" -I"/home/fookang/NUS/CG2271/Labs Answer/CG2271_git/Project/Medicine_Dispenser/freertos/freertos-kernel/include" -I"/home/fookang/NUS/CG2271/Labs Answer/CG2271_git/Project/Medicine_Dispenser/freertos/freertos-kernel/portable/GCC/ARM_CM0" -I"/home/fookang/NUS/CG2271/Labs Answer/CG2271_git/Project/Medicine_Dispenser/freertos/freertos-kernel/template" -I"/home/fookang/NUS/CG2271/Labs Answer/CG2271_git/Project/Medicine_Dispenser/freertos/freertos-kernel/template/ARM_CM0" -I"/home/fookang/NUS/CG2271/Labs Answer/CG2271_git/Project/Medicine_Dispenser/Inc" -O0 -fno-common -g3 -gdwarf-4 -Wall -c -ffunction-sections -fdata-sections -fno-builtin -fmerge-constants -fmacro-prefix-map="../freertos/freertos-kernel/"= -mcpu=cortex-m0plus -mthumb -D__REDLIB__ -fstack-usage -specs=redlib.specs -MMD -MP -MF"freertos/freertos-kernel/list.d" -MT"freertos/freertos-kernel/list.o" -MT"freertos/freertos-kernel/list.d" -o "freertos/freertos-kernel/list.o" "../freertos/freertos-kernel/list.c"
Finished building: ../freertos/freertos-kernel/portable/MemMang/heap_4.c
 
Building file: ../freertos/freertos-kernel/stream_buffer.c
Invoking: MCU C Compiler
arm-none-eabi-gcc -DCPU_MCXC444VLH -DCPU_MCXC444VLH_cm0plus -DSDK_OS_BAREMETAL -DSDK_DEBUGCONSOLE=1 -DCR_INTEGER_PRINTF -DPRINTF_FLOAT_ENABLE=0 -DSDK_DEBUGCONSOLE_UART -DSERIAL_PORT_TYPE_UART=1 -DSDK_OS_FREE_RTOS -D__MCUXPRESSO -D__USE_CMSIS -DDEBUG -D__REDLIB__ -I"/home/fookang/NUS/CG2271/Labs Answer/CG2271_git/Project/Medicine_Dispenser/board" -I"/home/fookang/NUS/CG2271/Labs Answer/CG2271_git/Project/Medicine_Dispenser/source" -I"/home/fookang/NUS/CG2271/Labs Answer/CG2271_git/Project/Medicine_Dispenser/drivers" -I"/home/fookang/NUS/CG2271/Labs Answer/CG2271_git/Project/Medicine_Dispenser/CMSIS" -I"/home/fookang/NUS/CG2271/Labs Answer/CG2271_git/Project/Medicine_Dispenser/CMSIS/m-profile" -I"/home/fookang/NUS/CG2271/Labs Answer/CG2271_git/Project/Medicine_Dispenser/utilities" -I"/home/fookang/NUS/CG2271/Labs Answer/CG2271_git/Project/Medicine_Dispenser/utilities/debug_console/config" -I"/home/fookang/NUS/CG2271/Labs Answer/CG2271_git/Project/Medicine_Dispenser/device" -I"/home/fookang/NUS/CG2271/Labs Answer/CG2271_git/Project/Medicine_Dispenser/device/periph2" -I"/home/fookang/NUS/CG2271/Labs Answer/CG2271_git/Project/Medicine_Dispenser/utilities/debug_console" -I"/home/fookang/NUS/CG2271/Labs Answer/CG2271_git/Project/Medicine_Dispenser/component/serial_manager" -I"/home/fookang/NUS/CG2271/Labs Answer/CG2271_git/Project/Medicine_Dispenser/component/lists" -I"/home/fookang/NUS/CG2271/Labs Answer/CG2271_git/Project/Medicine_Dispenser/utilities/str" -I"/home/fookang/NUS/CG2271/Labs Answer/CG2271_git/Project/Medicine_Dispenser/component/uart" -I"/home/fookang/NUS/CG2271/Labs Answer/CG2271_git/Project/Medicine_Dispenser/freertos/freertos-kernel/include" -I"/home/fookang/NUS/CG2271/Labs Answer/CG2271_git/Project/Medicine_Dispenser/freertos/freertos-kernel/portable/GCC/ARM_CM0" -I"/home/fookang/NUS/CG2271/Labs Answer/CG2271_git/Project/Medicine_Dispenser/freertos/freertos-kernel/template" -I"/home/fookang/NUS/CG2271/Labs Answer/CG2271_git/Project/Medicine_Dispenser/freertos/freertos-kernel/template/ARM_CM0" -I"/home/fookang/NUS/CG2271/Labs Answer/CG2271_git/Project/Medicine_Dispenser/Inc" -O0 -fno-common -g3 -gdwarf-4 -Wall -c -ffunction-sections -fdata-sections -fno-builtin -fmerge-constants -fmacro-prefix-map="../freertos/freertos-kernel/"= -mcpu=cortex-m0plus -mthumb -D__REDLIB__ -fstack-usage -specs=redlib.specs -MMD -MP -MF"freertos/freertos-kernel/stream_buffer.d" -MT"freertos/freertos-kernel/stream_buffer.o" -MT"freertos/freertos-kernel/stream_buffer.d" -o "freertos/freertos-kernel/stream_buffer.o" "../freertos/freertos-kernel/stream_buffer.c"
Finished building: ../freertos/freertos-kernel/portable/GCC/ARM_CM0/portasm.c
 
Building file: ../freertos/freertos-kernel/tasks.c
Finished building: ../freertos/freertos-kernel/portable/GCC/ARM_CM0/port.c
Invoking: MCU C Compiler
arm-none-eabi-gcc -DCPU_MCXC444VLH -DCPU_MCXC444VLH_cm0plus -DSDK_OS_BAREMETAL -DSDK_DEBUGCONSOLE=1 -DCR_INTEGER_PRINTF -DPRINTF_FLOAT_ENABLE=0 -DSDK_DEBUGCONSOLE_UART -DSERIAL_PORT_TYPE_UART=1 -DSDK_OS_FREE_RTOS -D__MCUXPRESSO -D__USE_CMSIS -DDEBUG -D__REDLIB__ -I"/home/fookang/NUS/CG2271/Labs Answer/CG2271_git/Project/Medicine_Dispenser/board" -I"/home/fookang/NUS/CG2271/Labs Answer/CG2271_git/Project/Medicine_Dispenser/source" -I"/home/fookang/NUS/CG2271/Labs Answer/CG2271_git/Project/Medicine_Dispenser/drivers" -I"/home/fookang/NUS/CG2271/Labs Answer/CG2271_git/Project/Medicine_Dispenser/CMSIS" -I"/home/fookang/NUS/CG2271/Labs Answer/CG2271_git/Project/Medicine_Dispenser/CMSIS/m-profile" -I"/home/fookang/NUS/CG2271/Labs Answer/CG2271_git/Project/Medicine_Dispenser/utilities" -I"/home/fookang/NUS/CG2271/Labs Answer/CG2271_git/Project/Medicine_Dispenser/utilities/debug_console/config" -I"/home/fookang/NUS/CG2271/Labs Answer/CG2271_git/Project/Medicine_Dispenser/device" -I"/home/fookang/NUS/CG2271/Labs Answer/CG2271_git/Project/Medicine_Dispenser/device/periph2" -I"/home/fookang/NUS/CG2271/Labs Answer/CG2271_git/Project/Medicine_Dispenser/utilities/debug_console" -I"/home/fookang/NUS/CG2271/Labs Answer/CG2271_git/Project/Medicine_Dispenser/component/serial_manager" -I"/home/fookang/NUS/CG2271/Labs Answer/CG2271_git/Project/Medicine_Dispenser/component/lists" -I"/home/fookang/NUS/CG2271/Labs Answer/CG2271_git/Project/Medicine_Dispenser/utilities/str" -I"/home/fookang/NUS/CG2271/Labs Answer/CG2271_git/Project/Medicine_Dispenser/component/uart" -I"/home/fookang/NUS/CG2271/Labs Answer/CG2271_git/Project/Medicine_Dispenser/freertos/freertos-kernel/include" -I"/home/fookang/NUS/CG2271/Labs Answer/CG2271_git/Project/Medicine_Dispenser/freertos/freertos-kernel/portable/GCC/ARM_CM0" -I"/home/fookang/NUS/CG2271/Labs Answer/CG2271_git/Project/Medicine_Dispenser/freertos/freertos-kernel/template" -I"/home/fookang/NUS/CG2271/Labs Answer/CG2271_git/Project/Medicine_Dispenser/freertos/freertos-kernel/template/ARM_CM0" -I"/home/fookang/NUS/CG2271/Labs Answer/CG2271_git/Project/Medicine_Dispenser/Inc" -O0 -fno-common -g3 -gdwarf-4 -Wall -c -ffunction-sections -fdata-sections -fno-builtin -fmerge-constants -fmacro-prefix-map="../freertos/freertos-kernel/"= -mcpu=cortex-m0plus -mthumb -D__REDLIB__ -fstack-usage -specs=redlib.specs -MMD -MP -MF"freertos/freertos-kernel/tasks.d" -MT"freertos/freertos-kernel/tasks.o" -MT"freertos/freertos-kernel/tasks.d" -o "freertos/freertos-kernel/tasks.o" "../freertos/freertos-kernel/tasks.c"
 
Finished building: ../freertos/freertos-kernel/event_groups.c
Building file: ../freertos/freertos-kernel/timers.c
Invoking: MCU C Compiler
 
Building file: ../component/uart/fsl_adapter_lpuart.c
arm-none-eabi-gcc -DCPU_MCXC444VLH -DCPU_MCXC444VLH_cm0plus -DSDK_OS_BAREMETAL -DSDK_DEBUGCONSOLE=1 -DCR_INTEGER_PRINTF -DPRINTF_FLOAT_ENABLE=0 -DSDK_DEBUGCONSOLE_UART -DSERIAL_PORT_TYPE_UART=1 -DSDK_OS_FREE_RTOS -D__MCUXPRESSO -D__USE_CMSIS -DDEBUG -D__REDLIB__ -I"/home/fookang/NUS/CG2271/Labs Answer/CG2271_git/Project/Medicine_Dispenser/board" -I"/home/fookang/NUS/CG2271/Labs Answer/CG2271_git/Project/Medicine_Dispenser/source" -I"/home/fookang/NUS/CG2271/Labs Answer/CG2271_git/Project/Medicine_Dispenser/drivers" -I"/home/fookang/NUS/CG2271/Labs Answer/CG2271_git/Project/Medicine_Dispenser/CMSIS" -I"/home/fookang/NUS/CG2271/Labs Answer/CG2271_git/Project/Medicine_Dispenser/CMSIS/m-profile" -I"/home/fookang/NUS/CG2271/Labs Answer/CG2271_git/Project/Medicine_Dispenser/utilities" -I"/home/fookang/NUS/CG2271/Labs Answer/CG2271_git/Project/Medicine_Dispenser/utilities/debug_console/config" -I"/home/fookang/NUS/CG2271/Labs Answer/CG2271_git/Project/Medicine_Dispenser/device" -I"/home/fookang/NUS/CG2271/Labs Answer/CG2271_git/Project/Medicine_Dispenser/device/periph2" -I"/home/fookang/NUS/CG2271/Labs Answer/CG2271_git/Project/Medicine_Dispenser/utilities/debug_console" -I"/home/fookang/NUS/CG2271/Labs Answer/CG2271_git/Project/Medicine_Dispenser/component/serial_manager" -I"/home/fookang/NUS/CG2271/Labs Answer/CG2271_git/Project/Medicine_Dispenser/component/lists" -I"/home/fookang/NUS/CG2271/Labs Answer/CG2271_git/Project/Medicine_Dispenser/utilities/str" -I"/home/fookang/NUS/CG2271/Labs Answer/CG2271_git/Project/Medicine_Dispenser/component/uart" -I"/home/fookang/NUS/CG2271/Labs Answer/CG2271_git/Project/Medicine_Dispenser/freertos/freertos-kernel/include" -I"/home/fookang/NUS/CG2271/Labs Answer/CG2271_git/Project/Medicine_Dispenser/freertos/freertos-kernel/portable/GCC/ARM_CM0" -I"/home/fookang/NUS/CG2271/Labs Answer/CG2271_git/Project/Medicine_Dispenser/freertos/freertos-kernel/template" -I"/home/fookang/NUS/CG2271/Labs Answer/CG2271_git/Project/Medicine_Dispenser/freertos/freertos-kernel/template/ARM_CM0" -I"/home/fookang/NUS/CG2271/Labs Answer/CG2271_git/Project/Medicine_Dispenser/Inc" -O0 -fno-common -g3 -gdwarf-4 -Wall -c -ffunction-sections -fdata-sections -fno-builtin -fmerge-constants -fmacro-prefix-map="../freertos/freertos-kernel/"= -mcpu=cortex-m0plus -mthumb -D__REDLIB__ -fstack-usage -specs=redlib.specs -MMD -MP -MF"freertos/freertos-kernel/timers.d" -MT"freertos/freertos-kernel/timers.o" -MT"freertos/freertos-kernel/timers.d" -o "freertos/freertos-kernel/timers.o" "../freertos/freertos-kernel/timers.c"
Invoking: MCU C Compiler
arm-none-eabi-gcc -DCPU_MCXC444VLH -DCPU_MCXC444VLH_cm0plus -DSDK_OS_BAREMETAL -DSDK_DEBUGCONSOLE=1 -DCR_INTEGER_PRINTF -DPRINTF_FLOAT_ENABLE=0 -DSDK_DEBUGCONSOLE_UART -DSERIAL_PORT_TYPE_UART=1 -DSDK_OS_FREE_RTOS -D__MCUXPRESSO -D__USE_CMSIS -DDEBUG -D__REDLIB__ -I"/home/fookang/NUS/CG2271/Labs Answer/CG2271_git/Project/Medicine_Dispenser/board" -I"/home/fookang/NUS/CG2271/Labs Answer/CG2271_git/Project/Medicine_Dispenser/source" -I"/home/fookang/NUS/CG2271/Labs Answer/CG2271_git/Project/Medicine_Dispenser/drivers" -I"/home/fookang/NUS/CG2271/Labs Answer/CG2271_git/Project/Medicine_Dispenser/CMSIS" -I"/home/fookang/NUS/CG2271/Labs Answer/CG2271_git/Project/Medicine_Dispenser/CMSIS/m-profile" -I"/home/fookang/NUS/CG2271/Labs Answer/CG2271_git/Project/Medicine_Dispenser/utilities" -I"/home/fookang/NUS/CG2271/Labs Answer/CG2271_git/Project/Medicine_Dispenser/utilities/debug_console/config" -I"/home/fookang/NUS/CG2271/Labs Answer/CG2271_git/Project/Medicine_Dispenser/device" -I"/home/fookang/NUS/CG2271/Labs Answer/CG2271_git/Project/Medicine_Dispenser/device/periph2" -I"/home/fookang/NUS/CG2271/Labs Answer/CG2271_git/Project/Medicine_Dispenser/utilities/debug_console" -I"/home/fookang/NUS/CG2271/Labs Answer/CG2271_git/Project/Medicine_Dispenser/component/serial_manager" -I"/home/fookang/NUS/CG2271/Labs Answer/CG2271_git/Project/Medicine_Dispenser/component/lists" -I"/home/fookang/NUS/CG2271/Labs Answer/CG2271_git/Project/Medicine_Dispenser/utilities/str" -I"/home/fookang/NUS/CG2271/Labs Answer/CG2271_git/Project/Medicine_Dispenser/component/uart" -I"/home/fookang/NUS/CG2271/Labs Answer/CG2271_git/Project/Medicine_Dispenser/freertos/freertos-kernel/include" -I"/home/fookang/NUS/CG2271/Labs Answer/CG2271_git/Project/Medicine_Dispenser/freertos/freertos-kernel/portable/GCC/ARM_CM0" -I"/home/fookang/NUS/CG2271/Labs Answer/CG2271_git/Project/Medicine_Dispenser/freertos/freertos-kernel/template" -I"/home/fookang/NUS/CG2271/Labs Answer/CG2271_git/Project/Medicine_Dispenser/freertos/freertos-kernel/template/ARM_CM0" -I"/home/fookang/NUS/CG2271/Labs Answer/CG2271_git/Project/Medicine_Dispenser/Inc" -O0 -fno-common -g3 -gdwarf-4 -Wall -c -ffunction-sections -fdata-sections -fno-builtin -fmerge-constants -fmacro-prefix-map="../component/uart/"= -mcpu=cortex-m0plus -mthumb -D__REDLIB__ -fstack-usage -specs=redlib.specs -MMD -MP -MF"component/uart/fsl_adapter_lpuart.d" -MT"component/uart/fsl_adapter_lpuart.o" -MT"component/uart/fsl_adapter_lpuart.d" -o "component/uart/fsl_adapter_lpuart.o" "../component/uart/fsl_adapter_lpuart.c"
Finished building: ../freertos/freertos-kernel/list.c
 
Building file: ../component/serial_manager/fsl_component_serial_manager.c
Invoking: MCU C Compiler
arm-none-eabi-gcc -DCPU_MCXC444VLH -DCPU_MCXC444VLH_cm0plus -DSDK_OS_BAREMETAL -DSDK_DEBUGCONSOLE=1 -DCR_INTEGER_PRINTF -DPRINTF_FLOAT_ENABLE=0 -DSDK_DEBUGCONSOLE_UART -DSERIAL_PORT_TYPE_UART=1 -DSDK_OS_FREE_RTOS -D__MCUXPRESSO -D__USE_CMSIS -DDEBUG -D__REDLIB__ -I"/home/fookang/NUS/CG2271/Labs Answer/CG2271_git/Project/Medicine_Dispenser/board" -I"/home/fookang/NUS/CG2271/Labs Answer/CG2271_git/Project/Medicine_Dispenser/source" -I"/home/fookang/NUS/CG2271/Labs Answer/CG2271_git/Project/Medicine_Dispenser/drivers" -I"/home/fookang/NUS/CG2271/Labs Answer/CG2271_git/Project/Medicine_Dispenser/CMSIS" -I"/home/fookang/NUS/CG2271/Labs Answer/CG2271_git/Project/Medicine_Dispenser/CMSIS/m-profile" -I"/home/fookang/NUS/CG2271/Labs Answer/CG2271_git/Project/Medicine_Dispenser/utilities" -I"/home/fookang/NUS/CG2271/Labs Answer/CG2271_git/Project/Medicine_Dispenser/utilities/debug_console/config" -I"/home/fookang/NUS/CG2271/Labs Answer/CG2271_git/Project/Medicine_Dispenser/device" -I"/home/fookang/NUS/CG2271/Labs Answer/CG2271_git/Project/Medicine_Dispenser/device/periph2" -I"/home/fookang/NUS/CG2271/Labs Answer/CG2271_git/Project/Medicine_Dispenser/utilities/debug_console" -I"/home/fookang/NUS/CG2271/Labs Answer/CG2271_git/Project/Medicine_Dispenser/component/serial_manager" -I"/home/fookang/NUS/CG2271/Labs Answer/CG2271_git/Project/Medicine_Dispenser/component/lists" -I"/home/fookang/NUS/CG2271/Labs Answer/CG2271_git/Project/Medicine_Dispenser/utilities/str" -I"/home/fookang/NUS/CG2271/Labs Answer/CG2271_git/Project/Medicine_Dispenser/component/uart" -I"/home/fookang/NUS/CG2271/Labs Answer/CG2271_git/Project/Medicine_Dispenser/freertos/freertos-kernel/include" -I"/home/fookang/NUS/CG2271/Labs Answer/CG2271_git/Project/Medicine_Dispenser/freertos/freertos-kernel/portable/GCC/ARM_CM0" -I"/home/fookang/NUS/CG2271/Labs Answer/CG2271_git/Project/Medicine_Dispenser/freertos/freertos-kernel/template" -I"/home/fookang/NUS/CG2271/Labs Answer/CG2271_git/Project/Medicine_Dispenser/freertos/freertos-kernel/template/ARM_CM0" -I"/home/fookang/NUS/CG2271/Labs Answer/CG2271_git/Project/Medicine_Dispenser/Inc" -O0 -fno-common -g3 -gdwarf-4 -Wall -c -ffunction-sections -fdata-sections -fno-builtin -fmerge-constants -fmacro-prefix-map="../component/serial_manager/"= -mcpu=cortex-m0plus -mthumb -D__REDLIB__ -fstack-usage -specs=redlib.specs -MMD -MP -MF"component/serial_manager/fsl_component_serial_manager.d" -MT"component/serial_manager/fsl_component_serial_manager.o" -MT"component/serial_manager/fsl_component_serial_manager.d" -o "component/serial_manager/fsl_component_serial_manager.o" "../component/serial_manager/fsl_component_serial_manager.c"
Finished building: ../source/Medicine_Dispenser.c
 
Finished building: ../source/interrupt.c
Building file: ../component/serial_manager/fsl_component_serial_port_uart.c
Invoking: MCU C Compiler
 
arm-none-eabi-gcc -DCPU_MCXC444VLH -DCPU_MCXC444VLH_cm0plus -DSDK_OS_BAREMETAL -DSDK_DEBUGCONSOLE=1 -DCR_INTEGER_PRINTF -DPRINTF_FLOAT_ENABLE=0 -DSDK_DEBUGCONSOLE_UART -DSERIAL_PORT_TYPE_UART=1 -DSDK_OS_FREE_RTOS -D__MCUXPRESSO -D__USE_CMSIS -DDEBUG -D__REDLIB__ -I"/home/fookang/NUS/CG2271/Labs Answer/CG2271_git/Project/Medicine_Dispenser/board" -I"/home/fookang/NUS/CG2271/Labs Answer/CG2271_git/Project/Medicine_Dispenser/source" -I"/home/fookang/NUS/CG2271/Labs Answer/CG2271_git/Project/Medicine_Dispenser/drivers" -I"/home/fookang/NUS/CG2271/Labs Answer/CG2271_git/Project/Medicine_Dispenser/CMSIS" -I"/home/fookang/NUS/CG2271/Labs Answer/CG2271_git/Project/Medicine_Dispenser/CMSIS/m-profile" -I"/home/fookang/NUS/CG2271/Labs Answer/CG2271_git/Project/Medicine_Dispenser/utilities" -I"/home/fookang/NUS/CG2271/Labs Answer/CG2271_git/Project/Medicine_Dispenser/utilities/debug_console/config" -I"/home/fookang/NUS/CG2271/Labs Answer/CG2271_git/Project/Medicine_Dispenser/device" -I"/home/fookang/NUS/CG2271/Labs Answer/CG2271_git/Project/Medicine_Dispenser/device/periph2" -I"/home/fookang/NUS/CG2271/Labs Answer/CG2271_git/Project/Medicine_Dispenser/utilities/debug_console" -I"/home/fookang/NUS/CG2271/Labs Answer/CG2271_git/Project/Medicine_Dispenser/component/serial_manager" -I"/home/fookang/NUS/CG2271/Labs Answer/CG2271_git/Project/Medicine_Dispenser/component/lists" -I"/home/fookang/NUS/CG2271/Labs Answer/CG2271_git/Project/Medicine_Dispenser/utilities/str" -I"/home/fookang/NUS/CG2271/Labs Answer/CG2271_git/Project/Medicine_Dispenser/component/uart" -I"/home/fookang/NUS/CG2271/Labs Answer/CG2271_git/Project/Medicine_Dispenser/freertos/freertos-kernel/include" -I"/home/fookang/NUS/CG2271/Labs Answer/CG2271_git/Project/Medicine_Dispenser/freertos/freertos-kernel/portable/GCC/ARM_CM0" -I"/home/fookang/NUS/CG2271/Labs Answer/CG2271_git/Project/Medicine_Dispenser/freertos/freertos-kernel/template" -I"/home/fookang/NUS/CG2271/Labs Answer/CG2271_git/Project/Medicine_Dispenser/freertos/freertos-kernel/template/ARM_CM0" -I"/home/fookang/NUS/CG2271/Labs Answer/CG2271_git/Project/Medicine_Dispenser/Inc" -O0 -fno-common -g3 -gdwarf-4 -Wall -c -ffunction-sections -fdata-sections -fno-builtin -fmerge-constants -fmacro-prefix-map="../component/serial_manager/"= -mcpu=cortex-m0plus -mthumb -D__REDLIB__ -fstack-usage -specs=redlib.specs -MMD -MP -MF"component/serial_manager/fsl_component_serial_port_uart.d" -MT"component/serial_manager/fsl_component_serial_port_uart.o" -MT"component/serial_manager/fsl_component_serial_port_uart.d" -o "component/serial_manager/fsl_component_serial_port_uart.o" "../component/serial_manager/fsl_component_serial_port_uart.c"
Building file: ../board/board.c
Invoking: MCU C Compiler
arm-none-eabi-gcc -DCPU_MCXC444VLH -DCPU_MCXC444VLH_cm0plus -DSDK_OS_BAREMETAL -DSDK_DEBUGCONSOLE=1 -DCR_INTEGER_PRINTF -DPRINTF_FLOAT_ENABLE=0 -DSDK_DEBUGCONSOLE_UART -DSERIAL_PORT_TYPE_UART=1 -DSDK_OS_FREE_RTOS -D__MCUXPRESSO -D__USE_CMSIS -DDEBUG -D__REDLIB__ -I"/home/fookang/NUS/CG2271/Labs Answer/CG2271_git/Project/Medicine_Dispenser/board" -I"/home/fookang/NUS/CG2271/Labs Answer/CG2271_git/Project/Medicine_Dispenser/source" -I"/home/fookang/NUS/CG2271/Labs Answer/CG2271_git/Project/Medicine_Dispenser/drivers" -I"/home/fookang/NUS/CG2271/Labs Answer/CG2271_git/Project/Medicine_Dispenser/CMSIS" -I"/home/fookang/NUS/CG2271/Labs Answer/CG2271_git/Project/Medicine_Dispenser/CMSIS/m-profile" -I"/home/fookang/NUS/CG2271/Labs Answer/CG2271_git/Project/Medicine_Dispenser/utilities" -I"/home/fookang/NUS/CG2271/Labs Answer/CG2271_git/Project/Medicine_Dispenser/utilities/debug_console/config" -I"/home/fookang/NUS/CG2271/Labs Answer/CG2271_git/Project/Medicine_Dispenser/device" -I"/home/fookang/NUS/CG2271/Labs Answer/CG2271_git/Project/Medicine_Dispenser/device/periph2" -I"/home/fookang/NUS/CG2271/Labs Answer/CG2271_git/Project/Medicine_Dispenser/utilities/debug_console" -I"/home/fookang/NUS/CG2271/Labs Answer/CG2271_git/Project/Medicine_Dispenser/component/serial_manager" -I"/home/fookang/NUS/CG2271/Labs Answer/CG2271_git/Project/Medicine_Dispenser/component/lists" -I"/home/fookang/NUS/CG2271/Labs Answer/CG2271_git/Project/Medicine_Dispenser/utilities/str" -I"/home/fookang/NUS/CG2271/Labs Answer/CG2271_git/Project/Medicine_Dispenser/component/uart" -I"/home/fookang/NUS/CG2271/Labs Answer/CG2271_git/Project/Medicine_Dispenser/freertos/freertos-kernel/include" -I"/home/fookang/NUS/CG2271/Labs Answer/CG2271_git/Project/Medicine_Dispenser/freertos/freertos-kernel/portable/GCC/ARM_CM0" -I"/home/fookang/NUS/CG2271/Labs Answer/CG2271_git/Project/Medicine_Dispenser/freertos/freertos-kernel/template" -I"/home/fookang/NUS/CG2271/Labs Answer/CG2271_git/Project/Medicine_Dispenser/freertos/freertos-kernel/template/ARM_CM0" -I"/home/fookang/NUS/CG2271/Labs Answer/CG2271_git/Project/Medicine_Dispenser/Inc" -O0 -fno-common -g3 -gdwarf-4 -Wall -c -ffunction-sections -fdata-sections -fno-builtin -fmerge-constants -fmacro-prefix-map="../board/"= -mcpu=cortex-m0plus -mthumb -D__REDLIB__ -fstack-usage -specs=redlib.specs -MMD -MP -MF"board/board.d" -MT"board/board.o" -MT"board/board.d" -o "board/board.o" "../board/board.c"
Finished building: ../utilities/fsl_assert.c
 
Finished building: ../source/freertos.c
 
Finished building: ../source/uart.c
 
Finished building: ../source/servo.c
 
Finished building: ../source/buzzer.c
 
Finished building: ../utilities/debug_console/fsl_debug_console.c
 
Finished building: ../freertos/freertos-kernel/queue.c
 
Finished building: ../source/ultrasonic.c
 
Finished building: ../source/heartbeat.c
 
Finished building: ../source/DHT.c
 
Finished building: ../source/button.c
Finished building: ../freertos/freertos-kernel/timers.c
 
 
Finished building: ../freertos/freertos-kernel/stream_buffer.c
 
Finished building: ../board/board.c
 
Finished building: ../component/uart/fsl_adapter_lpuart.c
 
Finished building: ../component/serial_manager/fsl_component_serial_manager.c
 
Finished building: ../component/serial_manager/fsl_component_serial_port_uart.c
 
Finished building: ../freertos/freertos-kernel/tasks.c
 
Building target: Medicine_Dispenser.axf
Invoking: MCU Linker
arm-none-eabi-gcc -nostdlib -Xlinker -Map="Medicine_Dispenser.map" -Xlinker --gc-sections -Xlinker -print-memory-usage -Xlinker --sort-section=alignment -Xlinker --cref -mcpu=cortex-m0plus -mthumb -T Medicine_Dispenser_Debug.ld -o "Medicine_Dispenser.axf" ./utilities/str/fsl_str.o  ./utilities/debug_console/fsl_debug_console.o  ./utilities/fsl_assert.o  ./startup/startup_mcxc444.o  ./source/DHT.o ./source/Medicine_Dispenser.o ./source/button.o ./source/buzzer.o ./source/freertos.o ./source/heartbeat.o ./source/interrupt.o ./source/mtb.o ./source/semihost_hardfault.o ./source/servo.o ./source/timer.o ./source/uart.o ./source/ultrasonic.o  ./freertos/freertos-kernel/portable/MemMang/heap_4.o  ./freertos/freertos-kernel/portable/GCC/ARM_CM0/mpu_wrappers_v2_asm.o ./freertos/freertos-kernel/portable/GCC/ARM_CM0/port.o ./freertos/freertos-kernel/portable/GCC/ARM_CM0/portasm.o  ./freertos/freertos-kernel/croutine.o ./freertos/freertos-kernel/event_groups.o ./freertos/freertos-kernel/list.o ./freertos/freertos-kernel/queue.o ./freertos/freertos-kernel/stream_buffer.o ./freertos/freertos-kernel/tasks.o ./freertos/freertos-kernel/timers.o  ./drivers/fsl_clock.o ./drivers/fsl_common.o ./drivers/fsl_common_arm.o ./drivers/fsl_gpio.o ./drivers/fsl_lpuart.o ./drivers/fsl_smc.o  ./device/system_MCXC444.o  ./component/uart/fsl_adapter_lpuart.o  ./component/serial_manager/fsl_component_serial_manager.o ./component/serial_manager/fsl_component_serial_port_uart.o  ./component/lists/fsl_component_generic_list.o  ./board/board.o ./board/clock_config.o ./board/peripherals.o ./board/pin_mux.o   
Memory region         Used Size  Region Size  %age Used
   PROGRAM_FLASH:       30336 B       256 KB     11.57%
            SRAM:       15232 B        32 KB     46.48%
Finished building target: Medicine_Dispenser.axf
 
Performing post-build steps
arm-none-eabi-size "Medicine_Dispenser.axf"; # arm-none-eabi-objcopy -v -O binary "Medicine_Dispenser.axf" "Medicine_Dispenser.bin" ; # checksum -p MCXC444 -d "Medicine_Dispenser.bin";
   text	   data	    bss	    dec	    hex	filename
  30324	     12	  15220	  45556	   b1f4	Medicine_Dispenser.axf
 
12:40:48 **** Incremental Build of configuration Debug for project Medicine_Dispenser ****
make -r -j18 all 
Building file: ../source/buzzer.c
Invoking: MCU C Compiler
arm-none-eabi-gcc -DCPU_MCXC444VLH -DCPU_MCXC444VLH_cm0plus -DSDK_OS_BAREMETAL -DSDK_DEBUGCONSOLE=1 -DCR_INTEGER_PRINTF -DPRINTF_FLOAT_ENABLE=0 -DSDK_DEBUGCONSOLE_UART -DSERIAL_PORT_TYPE_UART=1 -DSDK_OS_FREE_RTOS -D__MCUXPRESSO -D__USE_CMSIS -DDEBUG -D__REDLIB__ -I"/home/fookang/NUS/CG2271/Labs Answer/CG2271_git/Project/Medicine_Dispenser/board" -I"/home/fookang/NUS/CG2271/Labs Answer/CG2271_git/Project/Medicine_Dispenser/source" -I"/home/fookang/NUS/CG2271/Labs Answer/CG2271_git/Project/Medicine_Dispenser/drivers" -I"/home/fookang/NUS/CG2271/Labs Answer/CG2271_git/Project/Medicine_Dispenser/CMSIS" -I"/home/fookang/NUS/CG2271/Labs Answer/CG2271_git/Project/Medicine_Dispenser/CMSIS/m-profile" -I"/home/fookang/NUS/CG2271/Labs Answer/CG2271_git/Project/Medicine_Dispenser/utilities" -I"/home/fookang/NUS/CG2271/Labs Answer/CG2271_git/Project/Medicine_Dispenser/utilities/debug_console/config" -I"/home/fookang/NUS/CG2271/Labs Answer/CG2271_git/Project/Medicine_Dispenser/device" -I"/home/fookang/NUS/CG2271/Labs Answer/CG2271_git/Project/Medicine_Dispenser/device/periph2" -I"/home/fookang/NUS/CG2271/Labs Answer/CG2271_git/Project/Medicine_Dispenser/utilities/debug_console" -I"/home/fookang/NUS/CG2271/Labs Answer/CG2271_git/Project/Medicine_Dispenser/component/serial_manager" -I"/home/fookang/NUS/CG2271/Labs Answer/CG2271_git/Project/Medicine_Dispenser/component/lists" -I"/home/fookang/NUS/CG2271/Labs Answer/CG2271_git/Project/Medicine_Dispenser/utilities/str" -I"/home/fookang/NUS/CG2271/Labs Answer/CG2271_git/Project/Medicine_Dispenser/component/uart" -I"/home/fookang/NUS/CG2271/Labs Answer/CG2271_git/Project/Medicine_Dispenser/freertos/freertos-kernel/include" -I"/home/fookang/NUS/CG2271/Labs Answer/CG2271_git/Project/Medicine_Dispenser/freertos/freertos-kernel/portable/GCC/ARM_CM0" -I"/home/fookang/NUS/CG2271/Labs Answer/CG2271_git/Project/Medicine_Dispenser/freertos/freertos-kernel/template" -I"/home/fookang/NUS/CG2271/Labs Answer/CG2271_git/Project/Medicine_Dispenser/freertos/freertos-kernel/template/ARM_CM0" -I"/home/fookang/NUS/CG2271/Labs Answer/CG2271_git/Project/Medicine_Dispenser/Inc" -O0 -fno-common -g3 -gdwarf-4 -Wall -c -ffunction-sections -fdata-sections -fno-builtin -fmerge-constants -fmacro-prefix-map="../source/"= -mcpu=cortex-m0plus -mthumb -D__REDLIB__ -fstack-usage -specs=redlib.specs -MMD -MP -MF
[...]
arm-none-eabi-gcc -DCPU_MCXC444VLH -DCPU_MCXC444VLH_cm0plus -DSDK_OS_BAREMETAL -DSDK_DEBUGCONSOLE=1 -DCR_INTEGER_PRINTF -DPRINTF_FLOAT_ENABLE=0 -DSDK_DEBUGCONSOLE_UART -DSERIAL_PORT_TYPE_UART=1 -DSDK_OS_FREE_RTOS -D__MCUXPRESSO -D__USE_CMSIS -DDEBUG -D__REDLIB__ -I"/home/fookang/NUS/CG2271/Labs Answer/CG2271_git/Project/Medicine_Dispenser/board" -I"/home/fookang/NUS/CG2271/Labs Answer/CG2271_git/Project/Medicine_Dispenser/source" -I"/home/fookang/NUS/CG2271/Labs Answer/CG2271_git/Project/Medicine_Dispenser/drivers" -I"/home/fookang/NUS/CG2271/Labs Answer/CG2271_git/Project/Medicine_Dispenser/CMSIS" -I"/home/fookang/NUS/CG2271/Labs Answer/CG2271_git/Project/Medicine_Dispenser/CMSIS/m-profile" -I"/home/fookang/NUS/CG2271/Labs Answer/CG2271_git/Project/Medicine_Dispenser/utilities" -I"/home/fookang/NUS/CG2271/Labs Answer/CG2271_git/Project/Medicine_Dispenser/utilities/debug_console/config" -I"/home/fookang/NUS/CG2271/Labs Answer/CG2271_git/Project/Medicine_Dispenser/device" -I"/home/fookang/NUS/CG2271/Labs Answer/CG2271_git/Project/Medicine_Dispenser/device/periph2" -I"/home/fookang/NUS/CG2271/Labs Answer/CG2271_git/Project/Medicine_Dispenser/utilities/debug_console" -I"/home/fookang/NUS/CG2271/Labs Answer/CG2271_git/Project/Medicine_Dispenser/component/serial_manager" -I"/home/fookang/NUS/CG2271/Labs Answer/CG2271_git/Project/Medicine_Dispenser/component/lists" -I"/home/fookang/NUS/CG2271/Labs Answer/CG2271_git/Project/Medicine_Dispenser/utilities/str" -I"/home/fookang/NUS/CG2271/Labs Answer/CG2271_git/Project/Medicine_Dispenser/component/uart" -I"/home/fookang/NUS/CG2271/Labs Answer/CG2271_git/Project/Medicine_Dispenser/freertos/freertos-kernel/include" -I"/home/fookang/NUS/CG2271/Labs Answer/CG2271_git/Project/Medicine_Dispenser/freertos/freertos-kernel/portable/GCC/ARM_CM0" -I"/home/fookang/NUS/CG2271/Labs Answer/CG2271_git/Project/Medicine_Dispenser/freertos/freertos-kernel/template" -I"/home/fookang/NUS/CG2271/Labs Answer/CG2271_git/Project/Medicine_Dispenser/freertos/freertos-kernel/template/ARM_CM0" -I"/home/fookang/NUS/CG2271/Labs Answer/CG2271_git/Project/Medicine_Dispenser/Inc" -O0 -fno-common -g3 -gdwarf-4 -Wall -c -ffunction-sections -fdata-sections -fno-builtin -fmerge-constants -fmacro-prefix-map="../source/"= -mcpu=cortex-m0plus -mthumb -D__REDLIB__ -fstack-usage -specs=redlib.specs -MMD -MP -MF"source/uart.d" -MT"source/uart.o" -MT"source/uart.d" -o "source/uart.o" "../source/uart.c"
Finished building: ../source/uart.c
 
Finished building: ../source/button.c
 
Building target: Medicine_Dispenser.axf
Invoking: MCU Linker
arm-none-eabi-gcc -nostdlib -Xlinker -Map="Medicine_Dispenser.map" -Xlinker --gc-sections -Xlinker -print-memory-usage -Xlinker --sort-section=alignment -Xlinker --cref -mcpu=cortex-m0plus -mthumb -T Medicine_Dispenser_Debug.ld -o "Medicine_Dispenser.axf" ./utilities/str/fsl_str.o  ./utilities/debug_console/fsl_debug_console.o  ./utilities/fsl_assert.o  ./startup/startup_mcxc444.o  ./source/DHT.o ./source/Medicine_Dispenser.o ./source/button.o ./source/buzzer.o ./source/freertos.o ./source/heartbeat.o ./source/interrupt.o ./source/mtb.o ./source/semihost_hardfault.o ./source/servo.o ./source/timer.o ./source/uart.o ./source/ultrasonic.o  ./freertos/freertos-kernel/portable/MemMang/heap_4.o  ./freertos/freertos-kernel/portable/GCC/ARM_CM0/mpu_wrappers_v2_asm.o ./freertos/freertos-kernel/portable/GCC/ARM_CM0/port.o ./freertos/freertos-kernel/portable/GCC/ARM_CM0/portasm.o  ./freertos/freertos-kernel/croutine.o ./freertos/freertos-kernel/event_groups.o ./freertos/freertos-kernel/list.o ./freertos/freertos-kernel/queue.o ./freertos/freertos-kernel/stream_buffer.o ./freertos/freertos-kernel/tasks.o ./freertos/freertos-kernel/timers.o  ./drivers/fsl_clock.o ./drivers/fsl_common.o ./drivers/fsl_common_arm.o ./drivers/fsl_gpio.o ./drivers/fsl_lpuart.o ./drivers/fsl_smc.o  ./device/system_MCXC444.o  ./component/uart/fsl_adapter_lpuart.o  ./component/serial_manager/fsl_component_serial_manager.o ./component/serial_manager/fsl_component_serial_port_uart.o  ./component/lists/fsl_component_generic_list.o  ./board/board.o ./board/clock_config.o ./board/peripherals.o ./board/pin_mux.o   
Memory region         Used Size  Region Size  %age Used
   PROGRAM_FLASH:       30484 B       256 KB     11.63%
            SRAM:       15232 B        32 KB     46.48%
Finished building target: Medicine_Dispenser.axf
 
Performing post-build steps
arm-none-eabi-size "Medicine_Dispenser.axf"; # arm-none-eabi-objcopy -v -O binary "Medicine_Dispenser.axf" "Medicine_Dispenser.bin" ; # checksum -p MCXC444 -d "Medicine_Dispenser.bin";
   text	   data	    bss	    dec	    hex	filename
  30472	     12	  15220	  45704	   b288	Medicine_Dispenser.axf
 
13:31:15 **** Incremental Build of configuration Debug for project Medicine_Dispenser ****
make -r -j18 all 
Building file: ../source/button.c
Building file: ../source/uart.c
Invoking: MCU C Compiler
arm-none-eabi-gcc -DCPU_MCXC444VLH -DCPU_MCXC444VLH_cm0plus -DSDK_OS_BAREMETAL -DSDK_DEBUGCONSOLE=1 -DCR_INTEGER_PRINTF -DPRINTF_FLOAT_ENABLE=0 -DSDK_DEBUGCONSOLE_UART -DSERIAL_PORT_TYPE_UART=1 -DSDK_OS_FREE_RTOS -D__MCUXPRESSO -D__USE_CMSIS -DDEBUG -D__REDLIB__ -I"/home/fookang/NUS/CG2271/Labs Answer/CG2271_git/Project/Medicine_Dispenser/board" -I"/home/fookang/NUS/CG2271/Labs Answer/CG2271_git/Project/Medicine_Dispenser/source" -I"/home/fookang/NUS/CG2271/Labs Answer/CG2271_git/Project/Medicine_Dispenser/drivers" -I"/home/fookang/NUS/CG2271/Labs Answer/CG2271_git/Project/Medicine_Dispenser/CMSIS" -I"/home/fookang/NUS/CG2271/Labs Answer/CG2271_git/Project/Medicine_Dispenser/CMSIS/m-profile" -I"/home/fookang/NUS/CG2271/Labs Answer/CG2271_git/Project/Medicine_Dispenser/utilities" -I"/home/fookang/NUS/CG2271/Labs Answer/CG2271_git/Project/Medicine_Dispenser/utilities/debug_console/config" -I"/home/fookang/NUS/CG2271/Labs Answer/CG2271_git/Project/Medicine_Dispenser/device" -I"/home/fookang/NUS/CG2271/Labs Answer/CG2271_git/Project/Medicine_Dispenser/device/periph2" -I"/home/fookang/NUS/CG2271/Labs Answer/CG2271_git/Project/Medicine_Dispenser/utilities/debug_console" -I"/home/fookang/NUS/CG2271/Labs Answer/CG2271_git/Project/Medicine_Dispenser/component/serial_manager" -I"/home/fookang/NUS/CG2271/Labs Answer/CG2271_git/Project/Medicine_Dispenser/component/lists" -I"/home/fookang/NUS/CG2271/Labs Answer/CG2271_git/Project/Medicine_Dispenser/utilities/str" -I"/home/fookang/NUS/CG2271/Labs Answer/CG2271_git/Project/Medicine_Dispenser/component/uart" -I"/home/fookang/NUS/CG2271/Labs Answer/CG2271_git/Project/Medicine_Dispenser/freertos/freertos-kernel/include" -I"/home/fookang/NUS/CG2271/Labs Answer/CG2271_git/Project/Medicine_Dispenser/freertos/freertos-kernel/portable/GCC/ARM_CM0" -I"/home/fookang/NUS/CG2271/Labs Answer/CG2271_git/Project/Medicine_Dispenser/freertos/freertos-kernel/template" -I"/home/fookang/NUS/CG2271/Labs Answer/CG2271_git/Project/Medicine_Dispenser/freertos/freertos-kernel/template/ARM_CM0" -I"/home/fookang/NUS/CG2271/Labs Answer/CG2271_git/Project/Medicine_Dispenser/Inc" -O0 -fno-common -g3 -gdwarf-4 -Wall -c -ffunction-sections -fdata-sections -fno-builtin -fmerge-constants -fmacro-prefix-map="../source/"= -mcpu=cortex-m0plus -mthumb -D__REDLIB__ -fstack-usage -specs=redlib.specs -MMD -MP -MF"source/uart.d" -MT"source/uart.o" -MT"source/uart.d" -o "source/uart.o" "../source/uart.c"
Invoking: MCU C Compiler
arm-none-eabi-gcc -DCPU_MCXC444VLH -DCPU_MCXC444VLH_cm0plus -DSDK_OS_BAREMETAL -DSDK_DEBUGCONSOLE=1 -DCR_INTEGER_PRINTF -DPRINTF_FLOAT_ENABLE=0 -DSDK_DEBUGCONSOLE_UART -DSERIAL_PORT_TYPE_UART=1 -DSDK_OS_FREE_RTOS -D__MCUXPRESSO -D__USE_CMSIS -DDEBUG -D__REDLIB__ -I"/home/fookang/NUS/CG2271/Labs Answer/CG2271_git/Project/Medicine_Dispenser/board" -I"/home/fookang/NUS/CG2271/Labs Answer/CG2271_git/Project/Medicine_Dispenser/source" -I"/home/fookang/NUS/CG2271/Labs Answer/CG2271_git/Project/Medicine_Dispenser/drivers" -I"/home/fookang/NUS/CG2271/Labs Answer/CG2271_git/Project/Medicine_Dispenser/CMSIS" -I"/home/fookang/NUS/CG2271/Labs Answer/CG2271_git/Project/Medicine_Dispenser/CMSIS/m-profile" -I"/home/fookang/NUS/CG2271/Labs Answer/CG2271_git/Project/Medicine_Dispenser/utilities" -I"/home/fookang/NUS/CG2271/Labs Answer/CG2271_git/Project/Medicine_Dispenser/utilities/debug_console/config" -I"/home/fookang/NUS/CG2271/Labs Answer/CG2271_git/Project/Medicine_Dispenser/device" -I"/home/fookang/NUS/CG2271/Labs Answer/CG2271_git/Project/Medicine_Dispenser/device/periph2" -I"/home/fookang/NUS/CG2271/Labs Answer/CG2271_git/Project/Medicine_Dispenser/utilities/debug_console" -I"/home/fookang/NUS/CG2271/Labs Answer/CG2271_git/Project/Medicine_Dispenser/component/serial_manager" -I"/home/fookang/NUS/CG2271/Labs Answer/CG2271_git/Project/Medicine_Dispenser/component/lists" -I"/home/fookang/NUS/CG2271/Labs Answer/CG2271_git/Project/Medicine_Dispenser/utilities/str" -I"/home/fookang/NUS/CG2271/Labs Answer/CG2271_git/Project/Medicine_Dispenser/component/uart" -I"/home/fookang/NUS/CG2271/Labs Answer/CG2271_git/Project/Medicine_Dispenser/freertos/freertos-kernel/include" -I"/home/fookang/NUS/CG2271/Labs Answer/CG2271_git/Project/Medicine_Dispenser/freertos/freertos-kernel/portable/GCC/ARM_CM0" -I"/home/fookang/NUS/CG2271/Labs Answer/CG2271_git/Project/Medicine_Dispenser/freertos/freertos-kernel/template" -I"/home/fookang/NUS/CG2271/Labs Answer/CG2271_git/Project/Medicine_Dispenser/freertos/freertos-kernel/template/ARM_CM0" -I"/home/fookang/NUS/CG2271/Labs Answer/CG2271_git/Project/Medicine_Dispenser/Inc" -O0 -fno-common -g3 -gdwarf-4 -Wall -c -ffunction-sections -fdata-sections -fno-builtin -fmerge-constants -fmacro-prefix-map="../source/"= -mcpu=cortex-m0plus -mthumb -D__REDLIB__ -fstack-usage -specs=redlib.specs -MMD -MP -MF"source/button.d" -MT"source/button.o" -MT"source/button.d" -o "source/button.o" "../source/button.c"
Finished building: ../source/button.c
Finished building: ../source/uart.c
 
 
Building target: Medicine_Dispenser.axf
Invoking: MCU Linker
arm-none-eabi-gcc -nostdlib -Xlinker -Map="Medicine_Dispenser.map" -Xlinker --gc-sections -Xlinker -print-memory-usage -Xlinker --sort-section=alignment -Xlinker --cref -mcpu=cortex-m0plus -mthumb -T Medicine_Dispenser_Debug.ld -o "Medicine_Dispenser.axf" ./utilities/str/fsl_str.o  ./utilities/debug_console/fsl_debug_console.o  ./utilities/fsl_assert.o  ./startup/startup_mcxc444.o  ./source/DHT.o ./source/Medicine_Dispenser.o ./source/button.o ./source/buzzer.o ./source/freertos.o ./source/heartbeat.o ./source/interrupt.o ./source/mtb.o ./source/semihost_hardfault.o ./source/servo.o ./source/timer.o ./source/uart.o ./source/ultrasonic.o  ./freertos/freertos-kernel/portable/MemMang/heap_4.o  ./freertos/freertos-kernel/portable/GCC/ARM_CM0/mpu_wrappers_v2_asm.o ./freertos/freertos-kernel/portable/GCC/ARM_CM0/port.o ./freertos/freertos-kernel/portable/GCC/ARM_CM0/portasm.o  ./freertos/freertos-kernel/croutine.o ./freertos/freertos-kernel/event_groups.o ./freertos/freertos-kernel/list.o ./freertos/freertos-kernel/queue.o ./freertos/freertos-kernel/stream_buffer.o ./freertos/freertos-kernel/tasks.o ./freertos/freertos-kernel/timers.o  ./drivers/fsl_clock.o ./drivers/fsl_common.o ./drivers/fsl_common_arm.o ./drivers/fsl_gpio.o ./drivers/fsl_lpuart.o ./drivers/fsl_smc.o  ./device/system_MCXC444.o  ./component/uart/fsl_adapter_lpuart.o  ./component/serial_manager/fsl_component_serial_manager.o ./component/serial_manager/fsl_component_serial_port_uart.o  ./component/lists/fsl_component_generic_list.o  ./board/board.o ./board/clock_config.o ./board/peripherals.o ./board/pin_mux.o   
Memory region         Used Size  Region Size  %age Used
   PROGRAM_FLASH:       30484 B       256 KB     11.63%
            SRAM:       15232 B        32 KB     46.48%
Finished building target: Medicine_Dispenser.axf
 
Performing post-build steps
arm-none-eabi-size "Medicine_Dispenser.axf"; # arm-none-eabi-objcopy -v -O binary "Medicine_Dispenser.axf" "Medicine_Dispenser.bin" ; # checksum -p MCXC444 -d "Medicine_Dispenser.bin";
   text	   data	    bss	    dec	    hex	filename
  30472	     12	  15220	  45704	   b288	Medicine_Dispenser.axf
 
13:38:09 **** Incremental Build of configuration Debug for project Medicine_Dispenser ****
make -r -j18 all 
make[1]: Nothing to be done for 'main-build'.
Performing post-build steps
arm-none-eabi-size "Medicine_Dispenser.axf"; # arm-none-eabi-objcopy -v -O binary "Medicine_Dispenser.axf" "Medicine_Dispenser.bin" ; # checksum -p MCXC444 -d "Medicine_Dispenser.bin";
   text	   data	    bss	    dec	    hex	filename
  30472	     12	  15220	  45704	   b288	Medicine_Dispenser.axf
 
13:39:47 **** Incremental Build of configuration Debug for project Medicine_Dispenser ****
make -r -j18 all 
make[1]: Nothing to be done for 'main-build'.
Performing post-build steps
arm-none-eabi-size "Medicine_Dispenser.axf"; # arm-none-eabi-objcopy -v -O binary "Medicine_Dispenser.axf" "Medicine_Dispenser.bin" ; # checksum -p MCXC444 -d "Medicine_Dispenser.bin";
   text	   data	    bss	    dec	    hex	filename
  30472	     12	  15220	  45704	   b288	Medicine_Dispenser.axf
 
13:43:10 **** Incremental Build of configuration Debug for project Medicine_Dispenser ****
make -r -j18 all 
make[1]: Nothing to be done for 'main-build'.
Performing post-build steps
arm-none-eabi-size "Medicine_Dispenser.axf"; # arm-none-eabi-objcopy -v -O binary "Medicine_Dispenser.axf" "Medicine_Dispenser.bin" ; # checksum -p MCXC444 -d "Medicine_Dispenser.bin";
   text	   data	    bss	    dec	    hex	filename
  30472	     12	  15220	  45704	   b288	Medicine_Dispenser.axf
 
13:47:26 **** Incremental Build of configuration Debug for project Medicine_Dispenser ****
make -r -j18 all 
Building file: ../source/uart.c
Invoking: MCU C Compiler
arm-none-eabi-gcc -DCPU_MCXC444VLH -DCPU_MCXC444VLH_cm0plus -DSDK_OS_BAREMETAL -DSDK_DEBUGCONSOLE=1 -DCR_INTEGER_PRINTF -DPRINTF_FLOAT_ENABLE=0 -DSDK_DEBUGCONSOLE_UART -DSERIAL_PORT_TYPE_UART=1 -DSDK_OS_FREE_RTOS -D__MCUXPRESSO -D__USE_CMSIS -DDEBUG -D__REDLIB__ -I"/home/fookang/NUS/CG2271/Labs Answer/CG2271_git/Project/Medicine_Dispenser/board" -I"/home/fookang/NUS/CG2271/Labs Answer/CG2271_git/Project/Medicine_Dispenser/source" -I"/home/fookang/NUS/CG2271/Labs Answer/CG2271_git/Project/Medicine_Dispenser/drivers" -I"/home/fookang/NUS/CG2271/Labs Answer/CG2271_git/Project/Medicine_Dispenser/CMSIS" -I"/home/fookang/NUS/CG2271/Labs Answer/CG2271_git/Project/Medicine_Dispenser/CMSIS/m-profile" -I"/home/fookang/NUS/CG2271/Labs Answer/CG2271_git/Project/Medicine_Dispenser/utilities" -I"/home/fookang/NUS/CG2271/Labs Answer/CG2271_git/Project/Medicine_Dispenser/utilities/debug_console/config" -I"/home/fookang/NUS/CG2271/Labs Answer/CG2271_git/Project/Medicine_Dispenser/device" -I"/home/fookang/NUS/CG2271/Labs Answer/CG2271_git/Project/Medicine_Dispenser/device/periph2" -I"/home/fookang/NUS/CG2271/Labs Answer/CG2271_git/Project/Medicine_Dispenser/utilities/debug_console" -I"/home/fookang/NUS/CG2271/Labs Answer/CG2271_git/Project/Medicine_Dispenser/component/serial_manager" -I"/home/fookang/NUS/CG2271/Labs Answer/CG2271_git/Project/Medicine_Dispenser/component/lists" -I"/home/fookang/NUS/CG2271/Labs Answer/CG2271_git/Project/Medicine_Dispenser/utilities/str" -I"/home/fookang/NUS/CG2271/Labs Answer/CG2271_git/Project/Medicine_Dispenser/component/uart" -I"/home/fookang/NUS/CG2271/Labs Answer/CG2271_git/Project/Medicine_Dispenser/freertos/freertos-kernel/include" -I"/home/fookang/NUS/CG2271/Labs Answer/CG2271_git/Project/Medicine_Dispenser/freertos/freertos-kernel/portable/GCC/ARM_CM0" -I"/home/fookang/NUS/CG2271/Labs Answer/CG2271_git/Project/Medicine_Dispenser/freertos/freertos-kernel/template" -I"/home/fookang/NUS/CG2271/Labs Answer/CG2271_git/Project/Medicine_Dispenser/freertos/freertos-kernel/template/ARM_CM0" -I"/home/fookang/NUS/CG2271/Labs Answer/CG2271_git/Project/Medicine_Dispenser/Inc" -O0 -fno-common -g3 -gdwarf-4 -Wall -c -ffunction-sections -fdata-sections -fno-builtin -fmerge-constants -fmacro-prefix-map="../source/"= -mcpu=cortex-m0plus -mthumb -D__REDLIB__ -fstack-usage -specs=redlib.specs -MMD -MP -MF"source/uart.d" -MT"source/uart.o" -MT"source/uart.d" -o "source/uart.o" "../source/uart.c"
Finished building: ../source/uart.c
 
Building target: Medicine_Dispenser.axf
Invoking: MCU Linker
arm-none-eabi-gcc -nostdlib -Xlinker -Map="Medicine_Dispenser.map" -Xlinker --gc-sections -Xlinker -print-memory-usage -Xlinker --sort-section=alignment -Xlinker --cref -mcpu=cortex-m0plus -mthumb -T Medicine_Dispenser_Debug.ld -o "Medicine_Dispenser.axf" ./utilities/str/fsl_str.o  ./utilities/debug_console/fsl_debug_console.o  ./utilities/fsl_assert.o  ./startup/startup_mcxc444.o  ./source/DHT.o ./source/Medicine_Dispenser.o ./source/button.o ./source/buzzer.o ./source/freertos.o ./source/heartbeat.o ./source/interrupt.o ./source/mtb.o ./source/semihost_hardfault.o ./source/servo.o ./source/timer.o ./source/uart.o ./source/ultrasonic.o  ./freertos/freertos-kernel/portable/MemMang/heap_4.o  ./freertos/freertos-kernel/portable/GCC/ARM_CM0/mpu_wrappers_v2_asm.o ./freertos/freertos-kernel/portable/GCC/ARM_CM0/port.o ./freertos/freertos-kernel/portable/GCC/ARM_CM0/portasm.o  ./freertos/freertos-kernel/croutine.o ./freertos/freertos-kernel/event_groups.o ./freertos/freertos-kernel/list.o ./freertos/freertos-kernel/queue.o ./freertos/freertos-kernel/stream_buffer.o ./freertos/freertos-kernel/tasks.o ./freertos/freertos-kernel/timers.o  ./drivers/fsl_clock.o ./drivers/fsl_common.o ./drivers/fsl_common_arm.o ./drivers/fsl_gpio.o ./drivers/fsl_lpuart.o ./drivers/fsl_smc.o  ./device/system_MCXC444.o  ./component/uart/fsl_adapter_lpuart.o  ./component/serial_manager/fsl_component_serial_manager.o ./component/serial_manager/fsl_component_serial_port_uart.o  ./component/lists/fsl_component_generic_list.o  ./board/board.o ./board/clock_config.o ./board/peripherals.o ./board/pin_mux.o   
Memory region         Used Size  Region Size  %age Used
   PROGRAM_FLASH:       30596 B       256 KB     11.67%
            SRAM:       15232 B        32 KB     46.48%
Finished building target: Medicine_Dispenser.axf
 
Performing post-build steps
arm-none-eabi-size "Medicine_Dispenser.axf"; # arm-none-eabi-objcopy -v -O binary "Medicine_Dispenser.axf" "Medicine_Dispenser.bin" ; # checksum -p MCXC444 -d "Medicine_Dispenser.bin";
   text	   data	    bss	    dec	    hex	filename
  30584	     12	  15220	  45816	   b2f8	Medicine_Dispenser.axf
 
13:48:01 **** Incremental Build of configuration Debug for project Medicine_Dispenser ****
make -r -j18 all 
make[1]: Nothing to be done for 'main-build'.
Performing post-build steps
arm-none-eabi-size "Medicine_Dispenser.axf"; # arm-none-eabi-objcopy -v -O binary "Medicine_Dispenser.axf" "Medicine_Dispenser.bin" ; # checksum -p MCXC444 -d "Medicine_Dispenser.bin";
   text	   data	    bss	    dec	    hex	filename
  30584	     12	  15220	  45816	   b2f8	Medicine_Dispenser.axf
 
