13:48:01 **** Incremental Build of configuration Debug for project Medicine_Dispenser ****
make -r -j18 all 
make[1]: Nothing to be done for 'main-build'.
Performing post-build steps
arm-none-eabi-size "Medicine_Dispenser.axf"; # arm-none-eabi-objcopy -v -O binary "Medicine_Dispenser.axf" "Medicine_Dispenser.bin" ; # checksum -p MCXC444 -d "Medicine_Dispenser.bin";
   text	   data	    bss	    dec	    hex	filename
  30584	     12	  15220	  45816	   b2f8	Medicine_Dispenser.axf
 

13:48:01 Build Finished. 0 errors, 0 warnings. (took 172ms)

